
> crammerly-backend@1.0.0 test
> node scripts/jest-wrapper.js

--- Starting Crammerly Test Suite ---
Command: node --experimental-vm-modules C:\Users\Bushra\shabucks\node_modules\jest\bin\jest.js --runInBand --forceExit
  console.log
    [dotenv@17.2.3] injecting env (0) from .env.test -- tip: 🔐 prevent committing .env to code: https://dotenvx.com/precommit

      at _log (../node_modules/dotenv/lib/main.js:142:11)

  console.log
    [dotenv@17.2.3] injecting env (12) from .env -- tip: ⚙️  load multiple .env files with { path: ['.env.local', '.env'] }

      at _log (../node_modules/dotenv/lib/main.js:142:11)

  console.log
    Starting MongoMemoryServer...

      at Object.<anonymous> (tests/setup.js:10:13)

(node:5032) ExperimentalWarning: VM Modules is an experimental feature and might change at any time
(Use `node --trace-warnings ...` to show where the warning was created)
  console.log
    MongoMemoryServer started at: mongodb://127.0.0.1:53022/

      at Object.<anonymous> (tests/setup.js:19:17)

  console.log
    Mongoose connected.

      at Object.<anonymous> (tests/setup.js:22:17)

{
  message: '[DEV EMAIL] To: test@example.com | Subject: ✉️ Verify your Crammerly account\n' +
    '\n' +
    '<!DOCTYPE html>\n' +
    '<html lang="en">\n' +
    '<head>\n' +
    '    <meta charset="utf-8" />\n' +
    '    <meta name="viewport" content="width=device-width, initial-scale=1.0" />\n' +
    '    <title>Verify Your Email — Crammerly</title>\n' +
    '</head>\n' +
    `<body style="margin:0;padding:0;background-color:#0f172a;font-family:'Inter',Helvetica,Arial,sans-serif;color:#e2e8f0;">\n` +
    '    <table role="presentation" width="100%" cellpadding="0" cellspacing="0" style="background-color:#0f172a;padding:32px 0;">\n' +
    '        <tr>\n' +
    '            <td align="center">\n' +
    '                <table role="presentation" width="560" cellpadding="0" cellspacing="0"\n' +
    '                    style="background-color:#1e293b;border-radius:16px;overflow:hidden;max-width:560px;width:100%;">\n' +
    '                    <!-- Header -->\n' +
    '                    <tr>\n' +
    '                        <td style="background:linear-gradient(135deg,#6366f1 0%,#8b5cf6 100%);padding:28px 32px;text-align:center;">\n' +
    '                            <span style="font-size:28px;font-weight:800;color:#ffffff;letter-spacing:-0.5px;">📚 Crammerly</span>\n' +
    '                        </td>\n' +
    '                    </tr>\n' +
    '                    <!-- Body -->\n' +
    '                    <tr>\n' +
    '                        <td style="padding:32px 32px 24px 32px;color:#e2e8f0;font-size:15px;line-height:1.6;">\n' +
    '                            \n' +
    '            <h2 style="color:#f1f5f9;margin:0 0 16px 0;">Welcome to Crammerly, Test User!</h2>\n' +
    '            <p>Please verify your email address by clicking the button below.\n' +
    '               This link expires in <strong style="color:#f1f5f9;">24 hours</strong>.</p>\n' +
    '            <p style="text-align:center;margin:32px 0;">\n' +
    '                <a href="https://crammerly.io/verify-email/ad78d66c538ef1f8fceceb74597f83ac37ef72757fad756c2733b6cd677ecc39"\n' +
    '                   style="background:linear-gradient(135deg,#6366f1,#8b5cf6);color:#fff;padding:14px 32px;border-radius:8px;\n' +
    '                          text-decoration:none;font-weight:bold;font-size:16px;display:inline-block;">\n' +
    '                    Verify Email\n' +
    '                </a>\n' +
    '            </p>\n' +
    '            <p style="font-size:13px;color:#94a3b8;">Or copy this link into your browser:<br/><a href="https://crammerly.io/verify-email/ad78d66c538ef1f8fceceb74597f83ac37ef72757fad756c2733b6cd677ecc39" style="color:#818cf8;word-break:break-all;">https://crammerly.io/verify-email/ad78d66c538ef1f8fceceb74597f83ac37ef72757fad756c2733b6cd677ecc39</a></p>\n' +
    "            <p>If you didn't create an account, you can safely ignore this email.</p>\n" +
    '        \n' +
    '                        </td>\n' +
    '                    </tr>\n' +
    '                    <!-- Footer -->\n' +
    '                    <tr>\n' +
    '                        <td style="padding:16px 32px 28px 32px;border-top:1px solid #334155;text-align:center;font-size:12px;color:#64748b;">\n' +
    '                            <p style="margin:0 0 8px 0;">\n' +
    '                                <a href="https://crammerly.io/privacy" style="color:#818cf8;text-decoration:none;">Privacy Policy</a>\n' +
    '                                &nbsp;·&nbsp;\n' +
    '                                <a href="https://crammerly.io/terms" style="color:#818cf8;text-decoration:none;">Terms of Service</a>\n' +
    '                            </p>\n' +
    '                            <p style="margin:0;color:#475569;">© 2026 Crammerly. All rights reserved.</p>\n' +
    '                        </td>\n' +
    '                    </tr>\n' +
    '                </table>\n' +
    '            </td>\n' +
    '        </tr>\n' +
    '    </table>\n' +
    '</body>\n' +
    '</html>\n',
  level: 'info',
  service: 'crammerly-backend',
  env: 'test',
  timestamp: '2026-04-02T11:27:50.618Z'
}
{
  service: 'crammerly-backend',
  env: 'test',
  method: 'POST',
  url: '/api/v1/auth/register',
  status: 201,
  requestId: '6cd7f1f5-8846-4d43-9fe2-6b5a769841c7',
  durationMs: 4428.68,
  payloadSize: 95,
  ip: '::ffff:127.0.0.1',
  userAgent: undefined,
  level: 'info',
  message: 'Request Completed: POST /api/v1/auth/register',
  timestamp: '2026-04-02T11:27:50.631Z'
}
{
  service: 'crammerly-backend',
  env: 'test',
  requestId: '0923306e-795a-403d-bd06-e7528e9d4587',
  groupHash: '1620563b',
  statusCode: 400,
  path: '/api/v1/auth/register',
  stack: 'Error: User already exists\n' +
    '    at registerUser (C:\\Users\\Bushra\\shabucks\\backend\\controllers\\authController.js:52:27)\n' +
    '    at processTicksAndRejections (node:internal/process/task_queues:105:5)',
  level: 'error',
  message: 'Error Handler: [RES_DUPLICATE] User already exists',
  timestamp: '2026-04-02T11:27:51.108Z'
}
{
  service: 'crammerly-backend',
  env: 'test',
  method: 'POST',
  url: '/api/v1/auth/register',
  status: 400,
  requestId: '0923306e-795a-403d-bd06-e7528e9d4587',
  durationMs: 11.3,
  payloadSize: 95,
  ip: '::ffff:127.0.0.1',
  userAgent: undefined,
  level: 'warn',
  message: 'Request Warning: POST /api/v1/auth/register',
  timestamp: '2026-04-02T11:27:51.109Z'
}
{
  message: '[DEV EMAIL] To: test@example.com | Subject: ✉️ Verify your Crammerly account\n' +
    '\n' +
    '<!DOCTYPE html>\n' +
    '<html lang="en">\n' +
    '<head>\n' +
    '    <meta charset="utf-8" />\n' +
    '    <meta name="viewport" content="width=device-width, initial-scale=1.0" />\n' +
    '    <title>Verify Your Email — Crammerly</title>\n' +
    '</head>\n' +
    `<body style="margin:0;padding:0;background-color:#0f172a;font-family:'Inter',Helvetica,Arial,sans-serif;color:#e2e8f0;">\n` +
    '    <table role="presentation" width="100%" cellpadding="0" cellspacing="0" style="background-color:#0f172a;padding:32px 0;">\n' +
    '        <tr>\n' +
    '            <td align="center">\n' +
    '                <table role="presentation" width="560" cellpadding="0" cellspacing="0"\n' +
    '                    style="background-color:#1e293b;border-radius:16px;overflow:hidden;max-width:560px;width:100%;">\n' +
    '                    <!-- Header -->\n' +
    '                    <tr>\n' +
    '                        <td style="background:linear-gradient(135deg,#6366f1 0%,#8b5cf6 100%);padding:28px 32px;text-align:center;">\n' +
    '                            <span style="font-size:28px;font-weight:800;color:#ffffff;letter-spacing:-0.5px;">📚 Crammerly</span>\n' +
    '                        </td>\n' +
    '                    </tr>\n' +
    '                    <!-- Body -->\n' +
    '                    <tr>\n' +
    '                        <td style="padding:32px 32px 24px 32px;color:#e2e8f0;font-size:15px;line-height:1.6;">\n' +
    '                            \n' +
    '            <h2 style="color:#f1f5f9;margin:0 0 16px 0;">Welcome to Crammerly, Test User!</h2>\n' +
    '            <p>Please verify your email address by clicking the button below.\n' +
    '               This link expires in <strong style="color:#f1f5f9;">24 hours</strong>.</p>\n' +
    '            <p style="text-align:center;margin:32px 0;">\n' +
    '                <a href="https://crammerly.io/verify-email/f0ca43a5863f64ee207a2e7405c8e31ff1f74380f629fc028f28075b03a1e61a"\n' +
    '                   style="background:linear-gradient(135deg,#6366f1,#8b5cf6);color:#fff;padding:14px 32px;border-radius:8px;\n' +
    '                          text-decoration:none;font-weight:bold;font-size:16px;display:inline-block;">\n' +
    '                    Verify Email\n' +
    '                </a>\n' +
    '            </p>\n' +
    '            <p style="font-size:13px;color:#94a3b8;">Or copy this link into your browser:<br/><a href="https://crammerly.io/verify-email/f0ca43a5863f64ee207a2e7405c8e31ff1f74380f629fc028f28075b03a1e61a" style="color:#818cf8;word-break:break-all;">https://crammerly.io/verify-email/f0ca43a5863f64ee207a2e7405c8e31ff1f74380f629fc028f28075b03a1e61a</a></p>\n' +
    "            <p>If you didn't create an account, you can safely ignore this email.</p>\n" +
    '        \n' +
    '                        </td>\n' +
    '                    </tr>\n' +
    '                    <!-- Footer -->\n' +
    '                    <tr>\n' +
    '                        <td style="padding:16px 32px 28px 32px;border-top:1px solid #334155;text-align:center;font-size:12px;color:#64748b;">\n' +
    '                            <p style="margin:0 0 8px 0;">\n' +
    '                                <a href="https://crammerly.io/privacy" style="color:#818cf8;text-decoration:none;">Privacy Policy</a>\n' +
    '                                &nbsp;·&nbsp;\n' +
    '                                <a href="https://crammerly.io/terms" style="color:#818cf8;text-decoration:none;">Terms of Service</a>\n' +
    '                            </p>\n' +
    '                            <p style="margin:0;color:#475569;">© 2026 Crammerly. All rights reserved.</p>\n' +
    '                        </td>\n' +
    '                    </tr>\n' +
    '                </table>\n' +
    '            </td>\n' +
    '        </tr>\n' +
    '    </table>\n' +
    '</body>\n' +
    '</html>\n',
  level: 'info',
  service: 'crammerly-backend',
  env: 'test',
  timestamp: '2026-04-02T11:27:52.441Z'
}
{
  service: 'crammerly-backend',
  env: 'test',
  method: 'POST',
  url: '/api/v1/auth/register',
  status: 201,
  requestId: '59faca41-3f92-4679-83c3-b54be7115b4c',
  durationMs: 1311.27,
  payloadSize: 95,
  ip: '::ffff:127.0.0.1',
  userAgent: undefined,
  level: 'info',
  message: 'Request Completed: POST /api/v1/auth/register',
  timestamp: '2026-04-02T11:27:52.446Z'
}
{
  message: '[SECURITY] New device login detected for user 69ce52b8ae38719252500adf',
  level: 'warn',
  service: 'crammerly-backend',
  env: 'test',
  timestamp: '2026-04-02T11:27:52.890Z'
}
{
  message: '[DEV EMAIL] To: undefined | Subject: ⚠️ New Device Login — Crammerly\n' +
    '\n' +
    '<!DOCTYPE html>\n' +
    '<html lang="en">\n' +
    '<head>\n' +
    '    <meta charset="utf-8" />\n' +
    '    <meta name="viewport" content="width=device-width, initial-scale=1.0" />\n' +
    '    <title>New Device Login — Crammerly</title>\n' +
    '</head>\n' +
    `<body style="margin:0;padding:0;background-color:#0f172a;font-family:'Inter',Helvetica,Arial,sans-serif;color:#e2e8f0;">\n` +
    '    <table role="presentation" width="100%" cellpadding="0" cellspacing="0" style="background-color:#0f172a;padding:32px 0;">\n' +
    '        <tr>\n' +
    '            <td align="center">\n' +
    '                <table role="presentation" width="560" cellpadding="0" cellspacing="0"\n' +
    '                    style="background-color:#1e293b;border-radius:16px;overflow:hidden;max-width:560px;width:100%;">\n' +
    '                    <!-- Header -->\n' +
    '                    <tr>\n' +
    '                        <td style="background:linear-gradient(135deg,#6366f1 0%,#8b5cf6 100%);padding:28px 32px;text-align:center;">\n' +
    '                            <span style="font-size:28px;font-weight:800;color:#ffffff;letter-spacing:-0.5px;">📚 Crammerly</span>\n' +
    '                        </td>\n' +
    '                    </tr>\n' +
    '                    <!-- Body -->\n' +
    '                    <tr>\n' +
    '                        <td style="padding:32px 32px 24px 32px;color:#e2e8f0;font-size:15px;line-height:1.6;">\n' +
    '                            \n' +
    '            <h2 style="color:#f1f5f9;margin:0 0 16px 0;">New device login detected</h2>\n' +
    '            <p>Hi there,</p>\n' +
    '            <p>A sign-in was detected from a new device or location:</p>\n' +
    '            <table role="presentation" style="width:100%;margin:16px 0;border-collapse:collapse;">\n' +
    '                <tr><td style="padding:8px 0;color:#94a3b8;">Device</td><td style="padding:8px 0;color:#f1f5f9;font-weight:600;">Unknown Device</td></tr>\n' +
    '                <tr><td style="padding:8px 0;color:#94a3b8;">IP Address</td><td style="padding:8px 0;color:#f1f5f9;font-weight:600;">::ffff:127.0.0.1</td></tr>\n' +
    '                <tr><td style="padding:8px 0;color:#94a3b8;">Time</td><td style="padding:8px 0;color:#f1f5f9;font-weight:600;">Thu, 02 Apr 2026 11:27:52 GMT</td></tr>\n' +
    '            </table>\n' +
    '            <p>If this was you, you can ignore this email. If not, please\n' +
    '               <a href="https://crammerly.io/reset-password" style="color:#818cf8;">reset your password</a> immediately.</p>\n' +
    '        \n' +
    '                        </td>\n' +
    '                    </tr>\n' +
    '                    <!-- Footer -->\n' +
    '                    <tr>\n' +
    '                        <td style="padding:16px 32px 28px 32px;border-top:1px solid #334155;text-align:center;font-size:12px;color:#64748b;">\n' +
    '                            <p style="margin:0 0 8px 0;">\n' +
    '                                <a href="https://crammerly.io/privacy" style="color:#818cf8;text-decoration:none;">Privacy Policy</a>\n' +
    '                                &nbsp;·&nbsp;\n' +
    '                                <a href="https://crammerly.io/terms" style="color:#818cf8;text-decoration:none;">Terms of Service</a>\n' +
    '                            </p>\n' +
    '                            <p style="margin:0;color:#475569;">© 2026 Crammerly. All rights reserved.</p>\n' +
    '                        </td>\n' +
    '                    </tr>\n' +
    '                </table>\n' +
    '            </td>\n' +
    '        </tr>\n' +
    '    </table>\n' +
    '</body>\n' +
    '</html>\n',
  level: 'info',
  service: 'crammerly-backend',
  env: 'test',
  timestamp: '2026-04-02T11:27:52.891Z'
}
{
  service: 'crammerly-backend',
  env: 'test',
  method: 'POST',
  url: '/api/v1/auth/login',
  status: 200,
  requestId: 'fa579bfa-68ae-40fc-a993-f23702e88199',
  durationMs: 446.31,
  payloadSize: 76,
  ip: '::ffff:127.0.0.1',
  userAgent: undefined,
  level: 'info',
  message: 'Request Completed: POST /api/v1/auth/login',
  timestamp: '2026-04-02T11:27:52.908Z'
}
{
  message: '[DEV EMAIL] To: test@example.com | Subject: ✉️ Verify your Crammerly account\n' +
    '\n' +
    '<!DOCTYPE html>\n' +
    '<html lang="en">\n' +
    '<head>\n' +
    '    <meta charset="utf-8" />\n' +
    '    <meta name="viewport" content="width=device-width, initial-scale=1.0" />\n' +
    '    <title>Verify Your Email — Crammerly</title>\n' +
    '</head>\n' +
    `<body style="margin:0;padding:0;background-color:#0f172a;font-family:'Inter',Helvetica,Arial,sans-serif;color:#e2e8f0;">\n` +
    '    <table role="presentation" width="100%" cellpadding="0" cellspacing="0" style="background-color:#0f172a;padding:32px 0;">\n' +
    '        <tr>\n' +
    '            <td align="center">\n' +
    '                <table role="presentation" width="560" cellpadding="0" cellspacing="0"\n' +
    '                    style="background-color:#1e293b;border-radius:16px;overflow:hidden;max-width:560px;width:100%;">\n' +
    '                    <!-- Header -->\n' +
    '                    <tr>\n' +
    '                        <td style="background:linear-gradient(135deg,#6366f1 0%,#8b5cf6 100%);padding:28px 32px;text-align:center;">\n' +
    '                            <span style="font-size:28px;font-weight:800;color:#ffffff;letter-spacing:-0.5px;">📚 Crammerly</span>\n' +
    '                        </td>\n' +
    '                    </tr>\n' +
    '                    <!-- Body -->\n' +
    '                    <tr>\n' +
    '                        <td style="padding:32px 32px 24px 32px;color:#e2e8f0;font-size:15px;line-height:1.6;">\n' +
    '                            \n' +
    '            <h2 style="color:#f1f5f9;margin:0 0 16px 0;">Welcome to Crammerly, Test User!</h2>\n' +
    '            <p>Please verify your email address by clicking the button below.\n' +
    '               This link expires in <strong style="color:#f1f5f9;">24 hours</strong>.</p>\n' +
    '            <p style="text-align:center;margin:32px 0;">\n' +
    '                <a href="https://crammerly.io/verify-email/12f743fe105197446a6ef78125b5315a6213870e47738454d47665cc2cac4870"\n' +
    '                   style="background:linear-gradient(135deg,#6366f1,#8b5cf6);color:#fff;padding:14px 32px;border-radius:8px;\n' +
    '                          text-decoration:none;font-weight:bold;font-size:16px;display:inline-block;">\n' +
    '                    Verify Email\n' +
    '                </a>\n' +
    '            </p>\n' +
    '            <p style="font-size:13px;color:#94a3b8;">Or copy this link into your browser:<br/><a href="https://crammerly.io/verify-email/12f743fe105197446a6ef78125b5315a6213870e47738454d47665cc2cac4870" style="color:#818cf8;word-break:break-all;">https://crammerly.io/verify-email/12f743fe105197446a6ef78125b5315a6213870e47738454d47665cc2cac4870</a></p>\n' +
    "            <p>If you didn't create an account, you can safely ignore this email.</p>\n" +
    '        \n' +
    '                        </td>\n' +
    '                    </tr>\n' +
    '                    <!-- Footer -->\n' +
    '                    <tr>\n' +
    '                        <td style="padding:16px 32px 28px 32px;border-top:1px solid #334155;text-align:center;font-size:12px;color:#64748b;">\n' +
    '                            <p style="margin:0 0 8px 0;">\n' +
    '                                <a href="https://crammerly.io/privacy" style="color:#818cf8;text-decoration:none;">Privacy Policy</a>\n' +
    '                                &nbsp;·&nbsp;\n' +
    '                                <a href="https://crammerly.io/terms" style="color:#818cf8;text-decoration:none;">Terms of Service</a>\n' +
    '                            </p>\n' +
    '                            <p style="margin:0;color:#475569;">© 2026 Crammerly. All rights reserved.</p>\n' +
    '                        </td>\n' +
    '                    </tr>\n' +
    '                </table>\n' +
    '            </td>\n' +
    '        </tr>\n' +
    '    </table>\n' +
    '</body>\n' +
    '</html>\n',
  level: 'info',
  service: 'crammerly-backend',
  env: 'test',
  timestamp: '2026-04-02T11:27:53.843Z'
}
{
  service: 'crammerly-backend',
  env: 'test',
  method: 'POST',
  url: '/api/v1/auth/register',
  status: 201,
  requestId: '1005bf4f-c1b1-4e60-90ed-e90750ebf7e0',
  durationMs: 916.32,
  payloadSize: 95,
  ip: '::ffff:127.0.0.1',
  userAgent: undefined,
  level: 'info',
  message: 'Request Completed: POST /api/v1/auth/register',
  timestamp: '2026-04-02T11:27:53.847Z'
}
{
  service: 'crammerly-backend',
  env: 'test',
  requestId: '56f4d16e-8311-44b1-be68-cc5dfc594c9b',
  groupHash: '678643f4',
  statusCode: 403,
  path: '/api/v1/auth/login',
  stack: 'Error: Your email is not verified. Please check your inbox for the activation link.\n' +
    '    at loginUser (C:\\Users\\Bushra\\shabucks\\backend\\controllers\\authController.js:148:27)\n' +
    '    at processTicksAndRejections (node:internal/process/task_queues:105:5)',
  level: 'error',
  message: 'Error Handler: [AUTH_UNVERIFIED] Your email is not verified. Please check your inbox for the activation link.',
  timestamp: '2026-04-02T11:27:53.865Z'
}
{
  service: 'crammerly-backend',
  env: 'test',
  method: 'POST',
  url: '/api/v1/auth/login',
  status: 403,
  requestId: '56f4d16e-8311-44b1-be68-cc5dfc594c9b',
  durationMs: 5.09,
  payloadSize: 76,
  ip: '::ffff:127.0.0.1',
  userAgent: undefined,
  level: 'warn',
  message: 'Request Warning: POST /api/v1/auth/login',
  timestamp: '2026-04-02T11:27:53.865Z'
}
{
  message: '[DEV EMAIL] To: test@example.com | Subject: ✉️ Verify your Crammerly account\n' +
    '\n' +
    '<!DOCTYPE html>\n' +
    '<html lang="en">\n' +
    '<head>\n' +
    '    <meta charset="utf-8" />\n' +
    '    <meta name="viewport" content="width=device-width, initial-scale=1.0" />\n' +
    '    <title>Verify Your Email — Crammerly</title>\n' +
    '</head>\n' +
    `<body style="margin:0;padding:0;background-color:#0f172a;font-family:'Inter',Helvetica,Arial,sans-serif;color:#e2e8f0;">\n` +
    '    <table role="presentation" width="100%" cellpadding="0" cellspacing="0" style="background-color:#0f172a;padding:32px 0;">\n' +
    '        <tr>\n' +
    '            <td align="center">\n' +
    '                <table role="presentation" width="560" cellpadding="0" cellspacing="0"\n' +
    '                    style="background-color:#1e293b;border-radius:16px;overflow:hidden;max-width:560px;width:100%;">\n' +
    '                    <!-- Header -->\n' +
    '                    <tr>\n' +
    '                        <td style="background:linear-gradient(135deg,#6366f1 0%,#8b5cf6 100%);padding:28px 32px;text-align:center;">\n' +
    '                            <span style="font-size:28px;font-weight:800;color:#ffffff;letter-spacing:-0.5px;">📚 Crammerly</span>\n' +
    '                        </td>\n' +
    '                    </tr>\n' +
    '                    <!-- Body -->\n' +
    '                    <tr>\n' +
    '                        <td style="padding:32px 32px 24px 32px;color:#e2e8f0;font-size:15px;line-height:1.6;">\n' +
    '                            \n' +
    '            <h2 style="color:#f1f5f9;margin:0 0 16px 0;">Welcome to Crammerly, Test User!</h2>\n' +
    '            <p>Please verify your email address by clicking the button below.\n' +
    '               This link expires in <strong style="color:#f1f5f9;">24 hours</strong>.</p>\n' +
    '            <p style="text-align:center;margin:32px 0;">\n' +
    '                <a href="https://crammerly.io/verify-email/5dc6d2ebfef96282e7b9f8524b08b825f2316c3711839083aa8bd328afde70e2"\n' +
    '                   style="background:linear-gradient(135deg,#6366f1,#8b5cf6);color:#fff;padding:14px 32px;border-radius:8px;\n' +
    '                          text-decoration:none;font-weight:bold;font-size:16px;display:inline-block;">\n' +
    '                    Verify Email\n' +
    '                </a>\n' +
    '            </p>\n' +
    '            <p style="font-size:13px;color:#94a3b8;">Or copy this link into your browser:<br/><a href="https://crammerly.io/verify-email/5dc6d2ebfef96282e7b9f8524b08b825f2316c3711839083aa8bd328afde70e2" style="color:#818cf8;word-break:break-all;">https://crammerly.io/verify-email/5dc6d2ebfef96282e7b9f8524b08b825f2316c3711839083aa8bd328afde70e2</a></p>\n' +
    "            <p>If you didn't create an account, you can safely ignore this email.</p>\n" +
    '        \n' +
    '                        </td>\n' +
    '                    </tr>\n' +
    '                    <!-- Footer -->\n' +
    '                    <tr>\n' +
    '                        <td style="padding:16px 32px 28px 32px;border-top:1px solid #334155;text-align:center;font-size:12px;color:#64748b;">\n' +
    '                            <p style="margin:0 0 8px 0;">\n' +
    '                                <a href="https://crammerly.io/privacy" style="color:#818cf8;text-decoration:none;">Privacy Policy</a>\n' +
    '                                &nbsp;·&nbsp;\n' +
    '                                <a href="https://crammerly.io/terms" style="color:#818cf8;text-decoration:none;">Terms of Service</a>\n' +
    '                            </p>\n' +
    '                            <p style="margin:0;color:#475569;">© 2026 Crammerly. All rights reserved.</p>\n' +
    '                        </td>\n' +
    '                    </tr>\n' +
    '                </table>\n' +
    '            </td>\n' +
    '        </tr>\n' +
    '    </table>\n' +
    '</body>\n' +
    '</html>\n',
  level: 'info',
  service: 'crammerly-backend',
  env: 'test',
  timestamp: '2026-04-02T11:27:54.463Z'
}
{
  service: 'crammerly-backend',
  env: 'test',
  method: 'POST',
  url: '/api/v1/auth/register',
  status: 201,
  requestId: '4f2156d0-cda6-4025-902e-9f092748e470',
  durationMs: 582.07,
  payloadSize: 95,
  ip: '::ffff:127.0.0.1',
  userAgent: undefined,
  level: 'info',
  message: 'Request Completed: POST /api/v1/auth/register',
  timestamp: '2026-04-02T11:27:54.465Z'
}
{
  service: 'crammerly-backend',
  env: 'test',
  requestId: '4a5c448c-0c13-4b74-85a6-02d59a0fe7cf',
  groupHash: '5669e82b',
  statusCode: 401,
  path: '/api/v1/auth/login',
  stack: 'Error: Invalid email or password\n' +
    '    at loginUser (C:\\Users\\Bushra\\shabucks\\backend\\controllers\\authController.js:221:27)\n' +
    '    at processTicksAndRejections (node:internal/process/task_queues:105:5)',
  level: 'error',
  message: 'Error Handler: [AUTH_INVALID] Invalid email or password',
  timestamp: '2026-04-02T11:27:54.905Z'
}
{
  service: 'crammerly-backend',
  env: 'test',
  method: 'POST',
  url: '/api/v1/auth/login',
  status: 401,
  requestId: '4a5c448c-0c13-4b74-85a6-02d59a0fe7cf',
  durationMs: 431.61,
  payloadSize: 55,
  ip: '::ffff:127.0.0.1',
  userAgent: undefined,
  level: 'warn',
  message: 'Request Warning: POST /api/v1/auth/login',
  timestamp: '2026-04-02T11:27:54.908Z'
}
{
  message: '[DEV EMAIL] To: test@example.com | Subject: ✉️ Verify your Crammerly account\n' +
    '\n' +
    '<!DOCTYPE html>\n' +
    '<html lang="en">\n' +
    '<head>\n' +
    '    <meta charset="utf-8" />\n' +
    '    <meta name="viewport" content="width=device-width, initial-scale=1.0" />\n' +
    '    <title>Verify Your Email — Crammerly</title>\n' +
    '</head>\n' +
    `<body style="margin:0;padding:0;background-color:#0f172a;font-family:'Inter',Helvetica,Arial,sans-serif;color:#e2e8f0;">\n` +
    '    <table role="presentation" width="100%" cellpadding="0" cellspacing="0" style="background-color:#0f172a;padding:32px 0;">\n' +
    '        <tr>\n' +
    '            <td align="center">\n' +
    '                <table role="presentation" width="560" cellpadding="0" cellspacing="0"\n' +
    '                    style="background-color:#1e293b;border-radius:16px;overflow:hidden;max-width:560px;width:100%;">\n' +
    '                    <!-- Header -->\n' +
    '                    <tr>\n' +
    '                        <td style="background:linear-gradient(135deg,#6366f1 0%,#8b5cf6 100%);padding:28px 32px;text-align:center;">\n' +
    '                            <span style="font-size:28px;font-weight:800;color:#ffffff;letter-spacing:-0.5px;">📚 Crammerly</span>\n' +
    '                        </td>\n' +
    '                    </tr>\n' +
    '                    <!-- Body -->\n' +
    '                    <tr>\n' +
    '                        <td style="padding:32px 32px 24px 32px;color:#e2e8f0;font-size:15px;line-height:1.6;">\n' +
    '                            \n' +
    '            <h2 style="color:#f1f5f9;margin:0 0 16px 0;">Welcome to Crammerly, Test User!</h2>\n' +
    '            <p>Please verify your email address by clicking the button below.\n' +
    '               This link expires in <strong style="color:#f1f5f9;">24 hours</strong>.</p>\n' +
    '            <p style="text-align:center;margin:32px 0;">\n' +
    '                <a href="https://crammerly.io/verify-email/b3ac7e535cee244e1a98b25c52ea94b375b03d677ad4cfbd608d6cf06d86ff12"\n' +
    '                   style="background:linear-gradient(135deg,#6366f1,#8b5cf6);color:#fff;padding:14px 32px;border-radius:8px;\n' +
    '                          text-decoration:none;font-weight:bold;font-size:16px;display:inline-block;">\n' +
    '                    Verify Email\n' +
    '                </a>\n' +
    '            </p>\n' +
    '            <p style="font-size:13px;color:#94a3b8;">Or copy this link into your browser:<br/><a href="https://crammerly.io/verify-email/b3ac7e535cee244e1a98b25c52ea94b375b03d677ad4cfbd608d6cf06d86ff12" style="color:#818cf8;word-break:break-all;">https://crammerly.io/verify-email/b3ac7e535cee244e1a98b25c52ea94b375b03d677ad4cfbd608d6cf06d86ff12</a></p>\n' +
    "            <p>If you didn't create an account, you can safely ignore this email.</p>\n" +
    '        \n' +
    '                        </td>\n' +
    '                    </tr>\n' +
    '                    <!-- Footer -->\n' +
    '                    <tr>\n' +
    '                        <td style="padding:16px 32px 28px 32px;border-top:1px solid #334155;text-align:center;font-size:12px;color:#64748b;">\n' +
    '                            <p style="margin:0 0 8px 0;">\n' +
    '                                <a href="https://crammerly.io/privacy" style="color:#818cf8;text-decoration:none;">Privacy Policy</a>\n' +
    '                                &nbsp;·&nbsp;\n' +
    '                                <a href="https://crammerly.io/terms" style="color:#818cf8;text-decoration:none;">Terms of Service</a>\n' +
    '                            </p>\n' +
    '                            <p style="margin:0;color:#475569;">© 2026 Crammerly. All rights reserved.</p>\n' +
    '                        </td>\n' +
    '                    </tr>\n' +
    '                </table>\n' +
    '            </td>\n' +
    '        </tr>\n' +
    '    </table>\n' +
    '</body>\n' +
    '</html>\n',
  level: 'info',
  service: 'crammerly-backend',
  env: 'test',
  timestamp: '2026-04-02T11:27:55.596Z'
}
{
  service: 'crammerly-backend',
  env: 'test',
  method: 'POST',
  url: '/api/v1/auth/register',
  status: 201,
  requestId: '6499d6d2-2c15-49f5-8f90-13ced4270f27',
  durationMs: 670.64,
  payloadSize: 95,
  ip: '::ffff:127.0.0.1',
  userAgent: undefined,
  level: 'info',
  message: 'Request Completed: POST /api/v1/auth/register',
  timestamp: '2026-04-02T11:27:55.599Z'
}
{
  message: '[SECURITY] New device login detected for user 69ce52bbae38719252500b17',
  level: 'warn',
  service: 'crammerly-backend',
  env: 'test',
  timestamp: '2026-04-02T11:27:56.033Z'
}
{
  message: '[DEV EMAIL] To: undefined | Subject: ⚠️ New Device Login — Crammerly\n' +
    '\n' +
    '<!DOCTYPE html>\n' +
    '<html lang="en">\n' +
    '<head>\n' +
    '    <meta charset="utf-8" />\n' +
    '    <meta name="viewport" content="width=device-width, initial-scale=1.0" />\n' +
    '    <title>New Device Login — Crammerly</title>\n' +
    '</head>\n' +
    `<body style="margin:0;padding:0;background-color:#0f172a;font-family:'Inter',Helvetica,Arial,sans-serif;color:#e2e8f0;">\n` +
    '    <table role="presentation" width="100%" cellpadding="0" cellspacing="0" style="background-color:#0f172a;padding:32px 0;">\n' +
    '        <tr>\n' +
    '            <td align="center">\n' +
    '                <table role="presentation" width="560" cellpadding="0" cellspacing="0"\n' +
    '                    style="background-color:#1e293b;border-radius:16px;overflow:hidden;max-width:560px;width:100%;">\n' +
    '                    <!-- Header -->\n' +
    '                    <tr>\n' +
    '                        <td style="background:linear-gradient(135deg,#6366f1 0%,#8b5cf6 100%);padding:28px 32px;text-align:center;">\n' +
    '                            <span style="font-size:28px;font-weight:800;color:#ffffff;letter-spacing:-0.5px;">📚 Crammerly</span>\n' +
    '                        </td>\n' +
    '                    </tr>\n' +
    '                    <!-- Body -->\n' +
    '                    <tr>\n' +
    '                        <td style="padding:32px 32px 24px 32px;color:#e2e8f0;font-size:15px;line-height:1.6;">\n' +
    '                            \n' +
    '            <h2 style="color:#f1f5f9;margin:0 0 16px 0;">New device login detected</h2>\n' +
    '            <p>Hi there,</p>\n' +
    '            <p>A sign-in was detected from a new device or location:</p>\n' +
    '            <table role="presentation" style="width:100%;margin:16px 0;border-collapse:collapse;">\n' +
    '                <tr><td style="padding:8px 0;color:#94a3b8;">Device</td><td style="padding:8px 0;color:#f1f5f9;font-weight:600;">Unknown Device</td></tr>\n' +
    '                <tr><td style="padding:8px 0;color:#94a3b8;">IP Address</td><td style="padding:8px 0;color:#f1f5f9;font-weight:600;">::ffff:127.0.0.1</td></tr>\n' +
    '                <tr><td style="padding:8px 0;color:#94a3b8;">Time</td><td style="padding:8px 0;color:#f1f5f9;font-weight:600;">Thu, 02 Apr 2026 11:27:56 GMT</td></tr>\n' +
    '            </table>\n' +
    '            <p>If this was you, you can ignore this email. If not, please\n' +
    '               <a href="https://crammerly.io/reset-password" style="color:#818cf8;">reset your password</a> immediately.</p>\n' +
    '        \n' +
    '                        </td>\n' +
    '                    </tr>\n' +
    '                    <!-- Footer -->\n' +
    '                    <tr>\n' +
    '                        <td style="padding:16px 32px 28px 32px;border-top:1px solid #334155;text-align:center;font-size:12px;color:#64748b;">\n' +
    '                            <p style="margin:0 0 8px 0;">\n' +
    '                                <a href="https://crammerly.io/privacy" style="color:#818cf8;text-decoration:none;">Privacy Policy</a>\n' +
    '                                &nbsp;·&nbsp;\n' +
    '                                <a href="https://crammerly.io/terms" style="color:#818cf8;text-decoration:none;">Terms of Service</a>\n' +
    '                            </p>\n' +
    '                            <p style="margin:0;color:#475569;">© 2026 Crammerly. All rights reserved.</p>\n' +
    '                        </td>\n' +
    '                    </tr>\n' +
    '                </table>\n' +
    '            </td>\n' +
    '        </tr>\n' +
    '    </table>\n' +
    '</body>\n' +
    '</html>\n',
  level: 'info',
  service: 'crammerly-backend',
  env: 'test',
  timestamp: '2026-04-02T11:27:56.034Z'
}
{
  service: 'crammerly-backend',
  env: 'test',
  method: 'POST',
  url: '/api/v1/auth/login',
  status: 200,
  requestId: '2bfd7c20-42d7-466a-8499-8cf96e86dab9',
  durationMs: 435.56,
  payloadSize: 76,
  ip: '::ffff:127.0.0.1',
  userAgent: undefined,
  level: 'info',
  message: 'Request Completed: POST /api/v1/auth/login',
  timestamp: '2026-04-02T11:27:56.045Z'
}
{
  service: 'crammerly-backend',
  env: 'test',
  method: 'POST',
  url: '/api/v1/auth/refresh',
  status: 200,
  requestId: '305a3a0e-1a6b-4af0-927a-72dc2c9a2714',
  durationMs: 21.2,
  payloadSize: 0,
  ip: '::ffff:127.0.0.1',
  userAgent: undefined,
  level: 'info',
  message: 'Request Completed: POST /api/v1/auth/refresh',
  timestamp: '2026-04-02T11:27:56.073Z'
}
{
  message: '[DEV EMAIL] To: test@example.com | Subject: ✉️ Verify your Crammerly account\n' +
    '\n' +
    '<!DOCTYPE html>\n' +
    '<html lang="en">\n' +
    '<head>\n' +
    '    <meta charset="utf-8" />\n' +
    '    <meta name="viewport" content="width=device-width, initial-scale=1.0" />\n' +
    '    <title>Verify Your Email — Crammerly</title>\n' +
    '</head>\n' +
    `<body style="margin:0;padding:0;background-color:#0f172a;font-family:'Inter',Helvetica,Arial,sans-serif;color:#e2e8f0;">\n` +
    '    <table role="presentation" width="100%" cellpadding="0" cellspacing="0" style="background-color:#0f172a;padding:32px 0;">\n' +
    '        <tr>\n' +
    '            <td align="center">\n' +
    '                <table role="presentation" width="560" cellpadding="0" cellspacing="0"\n' +
    '                    style="background-color:#1e293b;border-radius:16px;overflow:hidden;max-width:560px;width:100%;">\n' +
    '                    <!-- Header -->\n' +
    '                    <tr>\n' +
    '                        <td style="background:linear-gradient(135deg,#6366f1 0%,#8b5cf6 100%);padding:28px 32px;text-align:center;">\n' +
    '                            <span style="font-size:28px;font-weight:800;color:#ffffff;letter-spacing:-0.5px;">📚 Crammerly</span>\n' +
    '                        </td>\n' +
    '                    </tr>\n' +
    '                    <!-- Body -->\n' +
    '                    <tr>\n' +
    '                        <td style="padding:32px 32px 24px 32px;color:#e2e8f0;font-size:15px;line-height:1.6;">\n' +
    '                            \n' +
    '            <h2 style="color:#f1f5f9;margin:0 0 16px 0;">Welcome to Crammerly, Test User!</h2>\n' +
    '            <p>Please verify your email address by clicking the button below.\n' +
    '               This link expires in <strong style="color:#f1f5f9;">24 hours</strong>.</p>\n' +
    '            <p style="text-align:center;margin:32px 0;">\n' +
    '                <a href="https://crammerly.io/verify-email/b122a71e2bf85164f2d6fd48807864ba4dc453bfd714966fb5721d6c9227ab95"\n' +
    '                   style="background:linear-gradient(135deg,#6366f1,#8b5cf6);color:#fff;padding:14px 32px;border-radius:8px;\n' +
    '                          text-decoration:none;font-weight:bold;font-size:16px;display:inline-block;">\n' +
    '                    Verify Email\n' +
    '                </a>\n' +
    '            </p>\n' +
    '            <p style="font-size:13px;color:#94a3b8;">Or copy this link into your browser:<br/><a href="https://crammerly.io/verify-email/b122a71e2bf85164f2d6fd48807864ba4dc453bfd714966fb5721d6c9227ab95" style="color:#818cf8;word-break:break-all;">https://crammerly.io/verify-email/b122a71e2bf85164f2d6fd48807864ba4dc453bfd714966fb5721d6c9227ab95</a></p>\n' +
    "            <p>If you didn't create an account, you can safely ignore this email.</p>\n" +
    '        \n' +
    '                        </td>\n' +
    '                    </tr>\n' +
    '                    <!-- Footer -->\n' +
    '                    <tr>\n' +
    '                        <td style="padding:16px 32px 28px 32px;border-top:1px solid #334155;text-align:center;font-size:12px;color:#64748b;">\n' +
    '                            <p style="margin:0 0 8px 0;">\n' +
    '                                <a href="https://crammerly.io/privacy" style="color:#818cf8;text-decoration:none;">Privacy Policy</a>\n' +
    '                                &nbsp;·&nbsp;\n' +
    '                                <a href="https://crammerly.io/terms" style="color:#818cf8;text-decoration:none;">Terms of Service</a>\n' +
    '                            </p>\n' +
    '                            <p style="margin:0;color:#475569;">© 2026 Crammerly. All rights reserved.</p>\n' +
    '                        </td>\n' +
    '                    </tr>\n' +
    '                </table>\n' +
    '            </td>\n' +
    '        </tr>\n' +
    '    </table>\n' +
    '</body>\n' +
    '</html>\n',
  level: 'info',
  service: 'crammerly-backend',
  env: 'test',
  timestamp: '2026-04-02T11:27:56.609Z'
}
{
  service: 'crammerly-backend',
  env: 'test',
  method: 'POST',
  url: '/api/v1/auth/register',
  status: 201,
  requestId: 'aa6ae8c1-4bbe-434a-a6c7-2b5ab7bbc74a',
  durationMs: 516.45,
  payloadSize: 95,
  ip: '::ffff:127.0.0.1',
  userAgent: undefined,
  level: 'info',
  message: 'Request Completed: POST /api/v1/auth/register',
  timestamp: '2026-04-02T11:27:56.612Z'
}
{
  message: '[SECURITY] New device login detected for user 69ce52bcae38719252500b37',
  level: 'warn',
  service: 'crammerly-backend',
  env: 'test',
  timestamp: '2026-04-02T11:27:57.050Z'
}
{
  message: '[DEV EMAIL] To: undefined | Subject: ⚠️ New Device Login — Crammerly\n' +
    '\n' +
    '<!DOCTYPE html>\n' +
    '<html lang="en">\n' +
    '<head>\n' +
    '    <meta charset="utf-8" />\n' +
    '    <meta name="viewport" content="width=device-width, initial-scale=1.0" />\n' +
    '    <title>New Device Login — Crammerly</title>\n' +
    '</head>\n' +
    `<body style="margin:0;padding:0;background-color:#0f172a;font-family:'Inter',Helvetica,Arial,sans-serif;color:#e2e8f0;">\n` +
    '    <table role="presentation" width="100%" cellpadding="0" cellspacing="0" style="background-color:#0f172a;padding:32px 0;">\n' +
    '        <tr>\n' +
    '            <td align="center">\n' +
    '                <table role="presentation" width="560" cellpadding="0" cellspacing="0"\n' +
    '                    style="background-color:#1e293b;border-radius:16px;overflow:hidden;max-width:560px;width:100%;">\n' +
    '                    <!-- Header -->\n' +
    '                    <tr>\n' +
    '                        <td style="background:linear-gradient(135deg,#6366f1 0%,#8b5cf6 100%);padding:28px 32px;text-align:center;">\n' +
    '                            <span style="font-size:28px;font-weight:800;color:#ffffff;letter-spacing:-0.5px;">📚 Crammerly</span>\n' +
    '                        </td>\n' +
    '                    </tr>\n' +
    '                    <!-- Body -->\n' +
    '                    <tr>\n' +
    '                        <td style="padding:32px 32px 24px 32px;color:#e2e8f0;font-size:15px;line-height:1.6;">\n' +
    '                            \n' +
    '            <h2 style="color:#f1f5f9;margin:0 0 16px 0;">New device login detected</h2>\n' +
    '            <p>Hi there,</p>\n' +
    '            <p>A sign-in was detected from a new device or location:</p>\n' +
    '            <table role="presentation" style="width:100%;margin:16px 0;border-collapse:collapse;">\n' +
    '                <tr><td style="padding:8px 0;color:#94a3b8;">Device</td><td style="padding:8px 0;color:#f1f5f9;font-weight:600;">Unknown Device</td></tr>\n' +
    '                <tr><td style="padding:8px 0;color:#94a3b8;">IP Address</td><td style="padding:8px 0;color:#f1f5f9;font-weight:600;">::ffff:127.0.0.1</td></tr>\n' +
    '                <tr><td style="padding:8px 0;color:#94a3b8;">Time</td><td style="padding:8px 0;color:#f1f5f9;font-weight:600;">Thu, 02 Apr 2026 11:27:57 GMT</td></tr>\n' +
    '            </table>\n' +
    '            <p>If this was you, you can ignore this email. If not, please\n' +
    '               <a href="https://crammerly.io/reset-password" style="color:#818cf8;">reset your password</a> immediately.</p>\n' +
    '        \n' +
    '                        </td>\n' +
    '                    </tr>\n' +
    '                    <!-- Footer -->\n' +
    '                    <tr>\n' +
    '                        <td style="padding:16px 32px 28px 32px;border-top:1px solid #334155;text-align:center;font-size:12px;color:#64748b;">\n' +
    '                            <p style="margin:0 0 8px 0;">\n' +
    '                                <a href="https://crammerly.io/privacy" style="color:#818cf8;text-decoration:none;">Privacy Policy</a>\n' +
    '                                &nbsp;·&nbsp;\n' +
    '                                <a href="https://crammerly.io/terms" style="color:#818cf8;text-decoration:none;">Terms of Service</a>\n' +
    '                            </p>\n' +
    '                            <p style="margin:0;color:#475569;">© 2026 Crammerly. All rights reserved.</p>\n' +
    '                        </td>\n' +
    '                    </tr>\n' +
    '                </table>\n' +
    '            </td>\n' +
    '        </tr>\n' +
    '    </table>\n' +
    '</body>\n' +
    '</html>\n',
  level: 'info',
  service: 'crammerly-backend',
  env: 'test',
  timestamp: '2026-04-02T11:27:57.050Z'
}
{
  service: 'crammerly-backend',
  env: 'test',
  method: 'POST',
  url: '/api/v1/auth/login',
  status: 200,
  requestId: 'e08f1944-699f-4ccf-853c-3b3affd1ab4c',
  durationMs: 438.12,
  payloadSize: 76,
  ip: '::ffff:127.0.0.1',
  userAgent: undefined,
  level: 'info',
  message: 'Request Completed: POST /api/v1/auth/login',
  timestamp: '2026-04-02T11:27:57.062Z'
}
{
  service: 'crammerly-backend',
  env: 'test',
  ip: '::ffff:127.0.0.1',
  path: '/api/v1/auth/refresh',
  method: 'POST',
  receivedHeader: '(none)',
  level: 'warn',
  message: 'CSRF BLOCK: Missing or invalid anti-forgery header',
  timestamp: '2026-04-02T11:27:57.067Z'
}
{
  service: 'crammerly-backend',
  env: 'test',
  requestId: 'c2a56bcc-09ff-40fd-a132-5ce128883cf2',
  groupHash: '8a177e27',
  statusCode: 403,
  path: '/api/v1/auth/refresh',
  stack: 'Error: Security Violation: CSRF Protection header missing or invalid (X-Requested-With: XMLHttpRequest required)\n' +
    '    at csrfGuard (C:\\Users\\Bushra\\shabucks\\backend\\middleware\\csrf.js:34:23)\n' +
    '    at Layer.handleRequest (C:\\Users\\Bushra\\shabucks\\node_modules\\router\\lib\\layer.js:152:17)\n' +
    '    at trimPrefix (C:\\Users\\Bushra\\shabucks\\node_modules\\router\\index.js:342:13)\n' +
    '    at C:\\Users\\Bushra\\shabucks\\node_modules\\router\\index.js:297:9\n' +
    '    at processParams (C:\\Users\\Bushra\\shabucks\\node_modules\\router\\index.js:582:12)\n' +
    '    at next (C:\\Users\\Bushra\\shabucks\\node_modules\\router\\index.js:291:5)\n' +
    '    at hpp (C:\\Users\\Bushra\\shabucks\\node_modules\\hpp\\lib\\index.js:146:9)\n' +
    '    at Layer.handleRequest (C:\\Users\\Bushra\\shabucks\\node_modules\\router\\lib\\layer.js:152:17)\n' +
    '    at trimPrefix (C:\\Users\\Bushra\\shabucks\\node_modules\\router\\index.js:342:13)\n' +
    '    at C:\\Users\\Bushra\\shabucks\\node_modules\\router\\index.js:297:9\n' +
    '    at processParams (C:\\Users\\Bushra\\shabucks\\node_modules\\router\\index.js:582:12)\n' +
    '    at next (C:\\Users\\Bushra\\shabucks\\node_modules\\router\\index.js:291:5)\n' +
    '    at C:\\Users\\Bushra\\shabucks\\backend\\middleware\\security.js:18:9\n' +
    '    at Layer.handleRequest (C:\\Users\\Bushra\\shabucks\\node_modules\\router\\lib\\layer.js:152:17)\n' +
    '    at trimPrefix (C:\\Users\\Bushra\\shabucks\\node_modules\\router\\index.js:342:13)\n' +
    '    at C:\\Users\\Bushra\\shabucks\\node_modules\\router\\index.js:297:9\n' +
    '    at processParams (C:\\Users\\Bushra\\shabucks\\node_modules\\router\\index.js:582:12)\n' +
    '    at next (C:\\Users\\Bushra\\shabucks\\node_modules\\router\\index.js:291:5)\n' +
    '    at nosqlSanitize (C:\\Users\\Bushra\\shabucks\\backend\\middleware\\nosqlSanitize.js:22:5)\n' +
    '    at Layer.handleRequest (C:\\Users\\Bushra\\shabucks\\node_modules\\router\\lib\\layer.js:152:17)\n' +
    '    at trimPrefix (C:\\Users\\Bushra\\shabucks\\node_modules\\router\\index.js:342:13)\n' +
    '    at C:\\Users\\Bushra\\shabucks\\node_modules\\router\\index.js:297:9\n' +
    '    at processParams (C:\\Users\\Bushra\\shabucks\\node_modules\\router\\index.js:582:12)\n' +
    '    at next (C:\\Users\\Bushra\\shabucks\\node_modules\\router\\index.js:291:5)\n' +
    '    at responseEnhancer (C:\\Users\\Bushra\\shabucks\\backend\\middleware\\responseEnhancer.js:49:5)\n' +
    '    at Layer.handleRequest (C:\\Users\\Bushra\\shabucks\\node_modules\\router\\lib\\layer.js:152:17)\n' +
    '    at trimPrefix (C:\\Users\\Bushra\\shabucks\\node_modules\\router\\index.js:342:13)\n' +
    '    at C:\\Users\\Bushra\\shabucks\\node_modules\\router\\index.js:297:9\n' +
    '    at processParams (C:\\Users\\Bushra\\shabucks\\node_modules\\router\\index.js:582:12)\n' +
    '    at next (C:\\Users\\Bushra\\shabucks\\node_modules\\router\\index.js:291:5)\n' +
    '    at xssSanitize (C:\\Users\\Bushra\\shabucks\\backend\\middleware\\xss.js:37:5)\n' +
    '    at Layer.handleRequest (C:\\Users\\Bushra\\shabucks\\node_modules\\router\\lib\\layer.js:152:17)\n' +
    '    at trimPrefix (C:\\Users\\Bushra\\shabucks\\node_modules\\router\\index.js:342:13)\n' +
    '    at C:\\Users\\Bushra\\shabucks\\node_modules\\router\\index.js:297:9\n' +
    '    at processParams (C:\\Users\\Bushra\\shabucks\\node_modules\\router\\index.js:582:12)\n' +
    '    at next (C:\\Users\\Bushra\\shabucks\\node_modules\\router\\index.js:291:5)\n' +
    '    at observabilityMiddleware (C:\\Users\\Bushra\\shabucks\\backend\\middleware\\auditMiddleware.js:49:5)\n' +
    '    at Layer.handleRequest (C:\\Users\\Bushra\\shabucks\\node_modules\\router\\lib\\layer.js:152:17)\n' +
    '    at trimPrefix (C:\\Users\\Bushra\\shabucks\\node_modules\\router\\index.js:342:13)\n' +
    '    at C:\\Users\\Bushra\\shabucks\\node_modules\\router\\index.js:297:9\n' +
    '    at processParams (C:\\Users\\Bushra\\shabucks\\node_modules\\router\\index.js:582:12)\n' +
    '    at next (C:\\Users\\Bushra\\shabucks\\node_modules\\router\\index.js:291:5)\n' +
    '    at requestIdMiddleware (C:\\Users\\Bushra\\shabucks\\backend\\middleware\\auditMiddleware.js:13:5)\n' +
    '    at Layer.handleRequest (C:\\Users\\Bushra\\shabucks\\node_modules\\router\\lib\\layer.js:152:17)\n' +
    '    at trimPrefix (C:\\Users\\Bushra\\shabucks\\node_modules\\router\\index.js:342:13)\n' +
    '    at C:\\Users\\Bushra\\shabucks\\node_modules\\router\\index.js:297:9\n' +
    '    at processParams (C:\\Users\\Bushra\\shabucks\\node_modules\\router\\index.js:582:12)\n' +
    '    at next (C:\\Users\\Bushra\\shabucks\\node_modules\\router\\index.js:291:5)\n' +
    '    at C:\\Users\\Bushra\\shabucks\\node_modules\\express-rate-limit\\dist\\index.mjs:816:9\n' +
    '    at processTicksAndRejections (node:internal/process/task_queues:105:5)\n' +
    '    at C:\\Users\\Bushra\\shabucks\\node_modules\\express-rate-limit\\dist\\index.mjs:801:5',
  level: 'error',
  message: 'Error Handler: [SEC_CSRF_MISSING] Security Violation: CSRF Protection header missing or invalid (X-Requested-With: XMLHttpRequest required)',
  timestamp: '2026-04-02T11:27:57.074Z'
}
{
  service: 'crammerly-backend',
  env: 'test',
  method: 'POST',
  url: '/api/v1/auth/refresh',
  status: 403,
  requestId: 'c2a56bcc-09ff-40fd-a132-5ce128883cf2',
  durationMs: 7.68,
  payloadSize: 0,
  ip: '::ffff:127.0.0.1',
  userAgent: undefined,
  level: 'warn',
  message: 'Request Warning: POST /api/v1/auth/refresh',
  timestamp: '2026-04-02T11:27:57.075Z'
}
{
  message: '[DEV EMAIL] To: test@example.com | Subject: ✉️ Verify your Crammerly account\n' +
    '\n' +
    '<!DOCTYPE html>\n' +
    '<html lang="en">\n' +
    '<head>\n' +
    '    <meta charset="utf-8" />\n' +
    '    <meta name="viewport" content="width=device-width, initial-scale=1.0" />\n' +
    '    <title>Verify Your Email — Crammerly</title>\n' +
    '</head>\n' +
    `<body style="margin:0;padding:0;background-color:#0f172a;font-family:'Inter',Helvetica,Arial,sans-serif;color:#e2e8f0;">\n` +
    '    <table role="presentation" width="100%" cellpadding="0" cellspacing="0" style="background-color:#0f172a;padding:32px 0;">\n' +
    '        <tr>\n' +
    '            <td align="center">\n' +
    '                <table role="presentation" width="560" cellpadding="0" cellspacing="0"\n' +
    '                    style="background-color:#1e293b;border-radius:16px;overflow:hidden;max-width:560px;width:100%;">\n' +
    '                    <!-- Header -->\n' +
    '                    <tr>\n' +
    '                        <td style="background:linear-gradient(135deg,#6366f1 0%,#8b5cf6 100%);padding:28px 32px;text-align:center;">\n' +
    '                            <span style="font-size:28px;font-weight:800;color:#ffffff;letter-spacing:-0.5px;">📚 Crammerly</span>\n' +
    '                        </td>\n' +
    '                    </tr>\n' +
    '                    <!-- Body -->\n' +
    '                    <tr>\n' +
    '                        <td style="padding:32px 32px 24px 32px;color:#e2e8f0;font-size:15px;line-height:1.6;">\n' +
    '                            \n' +
    '            <h2 style="color:#f1f5f9;margin:0 0 16px 0;">Welcome to Crammerly, Test User!</h2>\n' +
    '            <p>Please verify your email address by clicking the button below.\n' +
    '               This link expires in <strong style="color:#f1f5f9;">24 hours</strong>.</p>\n' +
    '            <p style="text-align:center;margin:32px 0;">\n' +
    '                <a href="https://crammerly.io/verify-email/6072e7f53dc5b1350cb60fefb313c3ac62f4bbeb329a1c36e396a6cd4c96d2af"\n' +
    '                   style="background:linear-gradient(135deg,#6366f1,#8b5cf6);color:#fff;padding:14px 32px;border-radius:8px;\n' +
    '                          text-decoration:none;font-weight:bold;font-size:16px;display:inline-block;">\n' +
    '                    Verify Email\n' +
    '                </a>\n' +
    '            </p>\n' +
    '            <p style="font-size:13px;color:#94a3b8;">Or copy this link into your browser:<br/><a href="https://crammerly.io/verify-email/6072e7f53dc5b1350cb60fefb313c3ac62f4bbeb329a1c36e396a6cd4c96d2af" style="color:#818cf8;word-break:break-all;">https://crammerly.io/verify-email/6072e7f53dc5b1350cb60fefb313c3ac62f4bbeb329a1c36e396a6cd4c96d2af</a></p>\n' +
    "            <p>If you didn't create an account, you can safely ignore this email.</p>\n" +
    '        \n' +
    '                        </td>\n' +
    '                    </tr>\n' +
    '                    <!-- Footer -->\n' +
    '                    <tr>\n' +
    '                        <td style="padding:16px 32px 28px 32px;border-top:1px solid #334155;text-align:center;font-size:12px;color:#64748b;">\n' +
    '                            <p style="margin:0 0 8px 0;">\n' +
    '                                <a href="https://crammerly.io/privacy" style="color:#818cf8;text-decoration:none;">Privacy Policy</a>\n' +
    '                                &nbsp;·&nbsp;\n' +
    '                                <a href="https://crammerly.io/terms" style="color:#818cf8;text-decoration:none;">Terms of Service</a>\n' +
    '                            </p>\n' +
    '                            <p style="margin:0;color:#475569;">© 2026 Crammerly. All rights reserved.</p>\n' +
    '                        </td>\n' +
    '                    </tr>\n' +
    '                </table>\n' +
    '            </td>\n' +
    '        </tr>\n' +
    '    </table>\n' +
    '</body>\n' +
    '</html>\n',
  level: 'info',
  service: 'crammerly-backend',
  env: 'test',
  timestamp: '2026-04-02T11:27:57.620Z'
}
{
  service: 'crammerly-backend',
  env: 'test',
  method: 'POST',
  url: '/api/v1/auth/register',
  status: 201,
  requestId: 'ed9040cf-e98d-46f0-9d89-e8f3782e4e14',
  durationMs: 535.27,
  payloadSize: 95,
  ip: '::ffff:127.0.0.1',
  userAgent: undefined,
  level: 'info',
  message: 'Request Completed: POST /api/v1/auth/register',
  timestamp: '2026-04-02T11:27:57.627Z'
}
{
  message: '[SECURITY] New device login detected for user 69ce52bdae38719252500b4e',
  level: 'warn',
  service: 'crammerly-backend',
  env: 'test',
  timestamp: '2026-04-02T11:27:58.092Z'
}
{
  message: '[DEV EMAIL] To: undefined | Subject: ⚠️ New Device Login — Crammerly\n' +
    '\n' +
    '<!DOCTYPE html>\n' +
    '<html lang="en">\n' +
    '<head>\n' +
    '    <meta charset="utf-8" />\n' +
    '    <meta name="viewport" content="width=device-width, initial-scale=1.0" />\n' +
    '    <title>New Device Login — Crammerly</title>\n' +
    '</head>\n' +
    `<body style="margin:0;padding:0;background-color:#0f172a;font-family:'Inter',Helvetica,Arial,sans-serif;color:#e2e8f0;">\n` +
    '    <table role="presentation" width="100%" cellpadding="0" cellspacing="0" style="background-color:#0f172a;padding:32px 0;">\n' +
    '        <tr>\n' +
    '            <td align="center">\n' +
    '                <table role="presentation" width="560" cellpadding="0" cellspacing="0"\n' +
    '                    style="background-color:#1e293b;border-radius:16px;overflow:hidden;max-width:560px;width:100%;">\n' +
    '                    <!-- Header -->\n' +
    '                    <tr>\n' +
    '                        <td style="background:linear-gradient(135deg,#6366f1 0%,#8b5cf6 100%);padding:28px 32px;text-align:center;">\n' +
    '                            <span style="font-size:28px;font-weight:800;color:#ffffff;letter-spacing:-0.5px;">📚 Crammerly</span>\n' +
    '                        </td>\n' +
    '                    </tr>\n' +
    '                    <!-- Body -->\n' +
    '                    <tr>\n' +
    '                        <td style="padding:32px 32px 24px 32px;color:#e2e8f0;font-size:15px;line-height:1.6;">\n' +
    '                            \n' +
    '            <h2 style="color:#f1f5f9;margin:0 0 16px 0;">New device login detected</h2>\n' +
    '            <p>Hi there,</p>\n' +
    '            <p>A sign-in was detected from a new device or location:</p>\n' +
    '            <table role="presentation" style="width:100%;margin:16px 0;border-collapse:collapse;">\n' +
    '                <tr><td style="padding:8px 0;color:#94a3b8;">Device</td><td style="padding:8px 0;color:#f1f5f9;font-weight:600;">Unknown Device</td></tr>\n' +
    '                <tr><td style="padding:8px 0;color:#94a3b8;">IP Address</td><td style="padding:8px 0;color:#f1f5f9;font-weight:600;">::ffff:127.0.0.1</td></tr>\n' +
    '                <tr><td style="padding:8px 0;color:#94a3b8;">Time</td><td style="padding:8px 0;color:#f1f5f9;font-weight:600;">Thu, 02 Apr 2026 11:27:58 GMT</td></tr>\n' +
    '            </table>\n' +
    '            <p>If this was you, you can ignore this email. If not, please\n' +
    '               <a href="https://crammerly.io/reset-password" style="color:#818cf8;">reset your password</a> immediately.</p>\n' +
    '        \n' +
    '                        </td>\n' +
    '                    </tr>\n' +
    '                    <!-- Footer -->\n' +
    '                    <tr>\n' +
    '                        <td style="padding:16px 32px 28px 32px;border-top:1px solid #334155;text-align:center;font-size:12px;color:#64748b;">\n' +
    '                            <p style="margin:0 0 8px 0;">\n' +
    '                                <a href="https://crammerly.io/privacy" style="color:#818cf8;text-decoration:none;">Privacy Policy</a>\n' +
    '                                &nbsp;·&nbsp;\n' +
    '                                <a href="https://crammerly.io/terms" style="color:#818cf8;text-decoration:none;">Terms of Service</a>\n' +
    '                            </p>\n' +
    '                            <p style="margin:0;color:#475569;">© 2026 Crammerly. All rights reserved.</p>\n' +
    '                        </td>\n' +
    '                    </tr>\n' +
    '                </table>\n' +
    '            </td>\n' +
    '        </tr>\n' +
    '    </table>\n' +
    '</body>\n' +
    '</html>\n',
  level: 'info',
  service: 'crammerly-backend',
  env: 'test',
  timestamp: '2026-04-02T11:27:58.092Z'
}
{
  service: 'crammerly-backend',
  env: 'test',
  method: 'POST',
  url: '/api/v1/auth/login',
  status: 200,
  requestId: '4eb72a23-7838-4fa9-9743-72c920d12907',
  durationMs: 459.44,
  payloadSize: 76,
  ip: '::ffff:127.0.0.1',
  userAgent: undefined,
  level: 'info',
  message: 'Request Completed: POST /api/v1/auth/login',
  timestamp: '2026-04-02T11:27:58.100Z'
}
{
  service: 'crammerly-backend',
  env: 'test',
  requestId: '62dfc853-f872-422c-a7a1-51a35ee50895',
  groupHash: '9f2afbf8',
  statusCode: 401,
  path: '/api/v1/auth/refresh',
  stack: 'Error: Refresh token missing\n' +
    '    at refreshAccessToken (C:\\Users\\Bushra\\shabucks\\backend\\controllers\\authController.js:313:23)\n' +
    '    at Layer.handleRequest (C:\\Users\\Bushra\\shabucks\\node_modules\\router\\lib\\layer.js:152:17)\n' +
    '    at next (C:\\Users\\Bushra\\shabucks\\node_modules\\router\\lib\\route.js:157:13)\n' +
    '    at csrfGuard (C:\\Users\\Bushra\\shabucks\\backend\\middleware\\csrf.js:13:16)\n' +
    '    at Layer.handleRequest (C:\\Users\\Bushra\\shabucks\\node_modules\\router\\lib\\layer.js:152:17)\n' +
    '    at next (C:\\Users\\Bushra\\shabucks\\node_modules\\router\\lib\\route.js:157:13)\n' +
    '    at C:\\Users\\Bushra\\shabucks\\node_modules\\express-rate-limit\\dist\\index.mjs:816:9\n' +
    '    at processTicksAndRejections (node:internal/process/task_queues:105:5)\n' +
    '    at C:\\Users\\Bushra\\shabucks\\node_modules\\express-rate-limit\\dist\\index.mjs:801:5',
  level: 'error',
  message: 'Error Handler: [AUTH_EXPIRED] Refresh token missing',
  timestamp: '2026-04-02T11:27:58.110Z'
}
{
  service: 'crammerly-backend',
  env: 'test',
  method: 'POST',
  url: '/api/v1/auth/refresh',
  status: 401,
  requestId: '62dfc853-f872-422c-a7a1-51a35ee50895',
  durationMs: 1.6,
  payloadSize: 0,
  ip: '::ffff:127.0.0.1',
  userAgent: undefined,
  level: 'warn',
  message: 'Request Warning: POST /api/v1/auth/refresh',
  timestamp: '2026-04-02T11:27:58.111Z'
}
{
  message: '[DEV EMAIL] To: test@example.com | Subject: ✉️ Verify your Crammerly account\n' +
    '\n' +
    '<!DOCTYPE html>\n' +
    '<html lang="en">\n' +
    '<head>\n' +
    '    <meta charset="utf-8" />\n' +
    '    <meta name="viewport" content="width=device-width, initial-scale=1.0" />\n' +
    '    <title>Verify Your Email — Crammerly</title>\n' +
    '</head>\n' +
    `<body style="margin:0;padding:0;background-color:#0f172a;font-family:'Inter',Helvetica,Arial,sans-serif;color:#e2e8f0;">\n` +
    '    <table role="presentation" width="100%" cellpadding="0" cellspacing="0" style="background-color:#0f172a;padding:32px 0;">\n' +
    '        <tr>\n' +
    '            <td align="center">\n' +
    '                <table role="presentation" width="560" cellpadding="0" cellspacing="0"\n' +
    '                    style="background-color:#1e293b;border-radius:16px;overflow:hidden;max-width:560px;width:100%;">\n' +
    '                    <!-- Header -->\n' +
    '                    <tr>\n' +
    '                        <td style="background:linear-gradient(135deg,#6366f1 0%,#8b5cf6 100%);padding:28px 32px;text-align:center;">\n' +
    '                            <span style="font-size:28px;font-weight:800;color:#ffffff;letter-spacing:-0.5px;">📚 Crammerly</span>\n' +
    '                        </td>\n' +
    '                    </tr>\n' +
    '                    <!-- Body -->\n' +
    '                    <tr>\n' +
    '                        <td style="padding:32px 32px 24px 32px;color:#e2e8f0;font-size:15px;line-height:1.6;">\n' +
    '                            \n' +
    '            <h2 style="color:#f1f5f9;margin:0 0 16px 0;">Welcome to Crammerly, Test User!</h2>\n' +
    '            <p>Please verify your email address by clicking the button below.\n' +
    '               This link expires in <strong style="color:#f1f5f9;">24 hours</strong>.</p>\n' +
    '            <p style="text-align:center;margin:32px 0;">\n' +
    '                <a href="https://crammerly.io/verify-email/3888e0e2cf482e43c53745cdb0edd8b2d55ff9a61e43a699237a759459e297b5"\n' +
    '                   style="background:linear-gradient(135deg,#6366f1,#8b5cf6);color:#fff;padding:14px 32px;border-radius:8px;\n' +
    '                          text-decoration:none;font-weight:bold;font-size:16px;display:inline-block;">\n' +
    '                    Verify Email\n' +
    '                </a>\n' +
    '            </p>\n' +
    '            <p style="font-size:13px;color:#94a3b8;">Or copy this link into your browser:<br/><a href="https://crammerly.io/verify-email/3888e0e2cf482e43c53745cdb0edd8b2d55ff9a61e43a699237a759459e297b5" style="color:#818cf8;word-break:break-all;">https://crammerly.io/verify-email/3888e0e2cf482e43c53745cdb0edd8b2d55ff9a61e43a699237a759459e297b5</a></p>\n' +
    "            <p>If you didn't create an account, you can safely ignore this email.</p>\n" +
    '        \n' +
    '                        </td>\n' +
    '                    </tr>\n' +
    '                    <!-- Footer -->\n' +
    '                    <tr>\n' +
    '                        <td style="padding:16px 32px 28px 32px;border-top:1px solid #334155;text-align:center;font-size:12px;color:#64748b;">\n' +
    '                            <p style="margin:0 0 8px 0;">\n' +
    '                                <a href="https://crammerly.io/privacy" style="color:#818cf8;text-decoration:none;">Privacy Policy</a>\n' +
    '                                &nbsp;·&nbsp;\n' +
    '                                <a href="https://crammerly.io/terms" style="color:#818cf8;text-decoration:none;">Terms of Service</a>\n' +
    '                            </p>\n' +
    '                            <p style="margin:0;color:#475569;">© 2026 Crammerly. All rights reserved.</p>\n' +
    '                        </td>\n' +
    '                    </tr>\n' +
    '                </table>\n' +
    '            </td>\n' +
    '        </tr>\n' +
    '    </table>\n' +
    '</body>\n' +
    '</html>\n',
  level: 'info',
  service: 'crammerly-backend',
  env: 'test',
  timestamp: '2026-04-02T11:27:58.649Z'
}
{
  service: 'crammerly-backend',
  env: 'test',
  method: 'POST',
  url: '/api/v1/auth/register',
  status: 201,
  requestId: 'd079468d-bbf4-46c0-b1ee-23b7517eafe0',
  durationMs: 523.48,
  payloadSize: 95,
  ip: '::ffff:127.0.0.1',
  userAgent: undefined,
  level: 'info',
  message: 'Request Completed: POST /api/v1/auth/register',
  timestamp: '2026-04-02T11:27:58.653Z'
}
{
  message: '[SECURITY] New device login detected for user 69ce52beae38719252500b66',
  level: 'warn',
  service: 'crammerly-backend',
  env: 'test',
  timestamp: '2026-04-02T11:27:59.091Z'
}
{
  message: '[DEV EMAIL] To: undefined | Subject: ⚠️ New Device Login — Crammerly\n' +
    '\n' +
    '<!DOCTYPE html>\n' +
    '<html lang="en">\n' +
    '<head>\n' +
    '    <meta charset="utf-8" />\n' +
    '    <meta name="viewport" content="width=device-width, initial-scale=1.0" />\n' +
    '    <title>New Device Login — Crammerly</title>\n' +
    '</head>\n' +
    `<body style="margin:0;padding:0;background-color:#0f172a;font-family:'Inter',Helvetica,Arial,sans-serif;color:#e2e8f0;">\n` +
    '    <table role="presentation" width="100%" cellpadding="0" cellspacing="0" style="background-color:#0f172a;padding:32px 0;">\n' +
    '        <tr>\n' +
    '            <td align="center">\n' +
    '                <table role="presentation" width="560" cellpadding="0" cellspacing="0"\n' +
    '                    style="background-color:#1e293b;border-radius:16px;overflow:hidden;max-width:560px;width:100%;">\n' +
    '                    <!-- Header -->\n' +
    '                    <tr>\n' +
    '                        <td style="background:linear-gradient(135deg,#6366f1 0%,#8b5cf6 100%);padding:28px 32px;text-align:center;">\n' +
    '                            <span style="font-size:28px;font-weight:800;color:#ffffff;letter-spacing:-0.5px;">📚 Crammerly</span>\n' +
    '                        </td>\n' +
    '                    </tr>\n' +
    '                    <!-- Body -->\n' +
    '                    <tr>\n' +
    '                        <td style="padding:32px 32px 24px 32px;color:#e2e8f0;font-size:15px;line-height:1.6;">\n' +
    '                            \n' +
    '            <h2 style="color:#f1f5f9;margin:0 0 16px 0;">New device login detected</h2>\n' +
    '            <p>Hi there,</p>\n' +
    '            <p>A sign-in was detected from a new device or location:</p>\n' +
    '            <table role="presentation" style="width:100%;margin:16px 0;border-collapse:collapse;">\n' +
    '                <tr><td style="padding:8px 0;color:#94a3b8;">Device</td><td style="padding:8px 0;color:#f1f5f9;font-weight:600;">Unknown Device</td></tr>\n' +
    '                <tr><td style="padding:8px 0;color:#94a3b8;">IP Address</td><td style="padding:8px 0;color:#f1f5f9;font-weight:600;">::ffff:127.0.0.1</td></tr>\n' +
    '                <tr><td style="padding:8px 0;color:#94a3b8;">Time</td><td style="padding:8px 0;color:#f1f5f9;font-weight:600;">Thu, 02 Apr 2026 11:27:59 GMT</td></tr>\n' +
    '            </table>\n' +
    '            <p>If this was you, you can ignore this email. If not, please\n' +
    '               <a href="https://crammerly.io/reset-password" style="color:#818cf8;">reset your password</a> immediately.</p>\n' +
    '        \n' +
    '                        </td>\n' +
    '                    </tr>\n' +
    '                    <!-- Footer -->\n' +
    '                    <tr>\n' +
    '                        <td style="padding:16px 32px 28px 32px;border-top:1px solid #334155;text-align:center;font-size:12px;color:#64748b;">\n' +
    '                            <p style="margin:0 0 8px 0;">\n' +
    '                                <a href="https://crammerly.io/privacy" style="color:#818cf8;text-decoration:none;">Privacy Policy</a>\n' +
    '                                &nbsp;·&nbsp;\n' +
    '                                <a href="https://crammerly.io/terms" style="color:#818cf8;text-decoration:none;">Terms of Service</a>\n' +
    '                            </p>\n' +
    '                            <p style="margin:0;color:#475569;">© 2026 Crammerly. All rights reserved.</p>\n' +
    '                        </td>\n' +
    '                    </tr>\n' +
    '                </table>\n' +
    '            </td>\n' +
    '        </tr>\n' +
    '    </table>\n' +
    '</body>\n' +
    '</html>\n',
  level: 'info',
  service: 'crammerly-backend',
  env: 'test',
  timestamp: '2026-04-02T11:27:59.091Z'
}
{
  service: 'crammerly-backend',
  env: 'test',
  method: 'POST',
  url: '/api/v1/auth/login',
  status: 200,
  requestId: '4b28260b-18ab-40be-90c8-a300cf7bf721',
  durationMs: 435.89,
  payloadSize: 76,
  ip: '::ffff:127.0.0.1',
  userAgent: undefined,
  level: 'info',
  message: 'Request Completed: POST /api/v1/auth/login',
  timestamp: '2026-04-02T11:27:59.099Z'
}
{
  service: 'crammerly-backend',
  env: 'test',
  ip: '::ffff:127.0.0.1',
  path: '/api/v1/auth/logout-all',
  method: 'POST',
  receivedHeader: '(none)',
  level: 'warn',
  message: 'CSRF BLOCK: Missing or invalid anti-forgery header',
  timestamp: '2026-04-02T11:27:59.108Z'
}
{
  service: 'crammerly-backend',
  env: 'test',
  requestId: '96a52086-d1ea-4156-8c85-b82c18757c96',
  groupHash: '8a177e27',
  statusCode: 403,
  path: '/api/v1/auth/logout-all',
  stack: 'Error: Security Violation: CSRF Protection header missing or invalid (X-Requested-With: XMLHttpRequest required)\n' +
    '    at csrfGuard (C:\\Users\\Bushra\\shabucks\\backend\\middleware\\csrf.js:34:23)\n' +
    '    at Layer.handleRequest (C:\\Users\\Bushra\\shabucks\\node_modules\\router\\lib\\layer.js:152:17)\n' +
    '    at trimPrefix (C:\\Users\\Bushra\\shabucks\\node_modules\\router\\index.js:342:13)\n' +
    '    at C:\\Users\\Bushra\\shabucks\\node_modules\\router\\index.js:297:9\n' +
    '    at processParams (C:\\Users\\Bushra\\shabucks\\node_modules\\router\\index.js:582:12)\n' +
    '    at next (C:\\Users\\Bushra\\shabucks\\node_modules\\router\\index.js:291:5)\n' +
    '    at hpp (C:\\Users\\Bushra\\shabucks\\node_modules\\hpp\\lib\\index.js:146:9)\n' +
    '    at Layer.handleRequest (C:\\Users\\Bushra\\shabucks\\node_modules\\router\\lib\\layer.js:152:17)\n' +
    '    at trimPrefix (C:\\Users\\Bushra\\shabucks\\node_modules\\router\\index.js:342:13)\n' +
    '    at C:\\Users\\Bushra\\shabucks\\node_modules\\router\\index.js:297:9\n' +
    '    at processParams (C:\\Users\\Bushra\\shabucks\\node_modules\\router\\index.js:582:12)\n' +
    '    at next (C:\\Users\\Bushra\\shabucks\\node_modules\\router\\index.js:291:5)\n' +
    '    at C:\\Users\\Bushra\\shabucks\\backend\\middleware\\security.js:18:9\n' +
    '    at Layer.handleRequest (C:\\Users\\Bushra\\shabucks\\node_modules\\router\\lib\\layer.js:152:17)\n' +
    '    at trimPrefix (C:\\Users\\Bushra\\shabucks\\node_modules\\router\\index.js:342:13)\n' +
    '    at C:\\Users\\Bushra\\shabucks\\node_modules\\router\\index.js:297:9\n' +
    '    at processParams (C:\\Users\\Bushra\\shabucks\\node_modules\\router\\index.js:582:12)\n' +
    '    at next (C:\\Users\\Bushra\\shabucks\\node_modules\\router\\index.js:291:5)\n' +
    '    at nosqlSanitize (C:\\Users\\Bushra\\shabucks\\backend\\middleware\\nosqlSanitize.js:22:5)\n' +
    '    at Layer.handleRequest (C:\\Users\\Bushra\\shabucks\\node_modules\\router\\lib\\layer.js:152:17)\n' +
    '    at trimPrefix (C:\\Users\\Bushra\\shabucks\\node_modules\\router\\index.js:342:13)\n' +
    '    at C:\\Users\\Bushra\\shabucks\\node_modules\\router\\index.js:297:9\n' +
    '    at processParams (C:\\Users\\Bushra\\shabucks\\node_modules\\router\\index.js:582:12)\n' +
    '    at next (C:\\Users\\Bushra\\shabucks\\node_modules\\router\\index.js:291:5)\n' +
    '    at responseEnhancer (C:\\Users\\Bushra\\shabucks\\backend\\middleware\\responseEnhancer.js:49:5)\n' +
    '    at Layer.handleRequest (C:\\Users\\Bushra\\shabucks\\node_modules\\router\\lib\\layer.js:152:17)\n' +
    '    at trimPrefix (C:\\Users\\Bushra\\shabucks\\node_modules\\router\\index.js:342:13)\n' +
    '    at C:\\Users\\Bushra\\shabucks\\node_modules\\router\\index.js:297:9\n' +
    '    at processParams (C:\\Users\\Bushra\\shabucks\\node_modules\\router\\index.js:582:12)\n' +
    '    at next (C:\\Users\\Bushra\\shabucks\\node_modules\\router\\index.js:291:5)\n' +
    '    at xssSanitize (C:\\Users\\Bushra\\shabucks\\backend\\middleware\\xss.js:37:5)\n' +
    '    at Layer.handleRequest (C:\\Users\\Bushra\\shabucks\\node_modules\\router\\lib\\layer.js:152:17)\n' +
    '    at trimPrefix (C:\\Users\\Bushra\\shabucks\\node_modules\\router\\index.js:342:13)\n' +
    '    at C:\\Users\\Bushra\\shabucks\\node_modules\\router\\index.js:297:9\n' +
    '    at processParams (C:\\Users\\Bushra\\shabucks\\node_modules\\router\\index.js:582:12)\n' +
    '    at next (C:\\Users\\Bushra\\shabucks\\node_modules\\router\\index.js:291:5)\n' +
    '    at observabilityMiddleware (C:\\Users\\Bushra\\shabucks\\backend\\middleware\\auditMiddleware.js:49:5)\n' +
    '    at Layer.handleRequest (C:\\Users\\Bushra\\shabucks\\node_modules\\router\\lib\\layer.js:152:17)\n' +
    '    at trimPrefix (C:\\Users\\Bushra\\shabucks\\node_modules\\router\\index.js:342:13)\n' +
    '    at C:\\Users\\Bushra\\shabucks\\node_modules\\router\\index.js:297:9\n' +
    '    at processParams (C:\\Users\\Bushra\\shabucks\\node_modules\\router\\index.js:582:12)\n' +
    '    at next (C:\\Users\\Bushra\\shabucks\\node_modules\\router\\index.js:291:5)\n' +
    '    at requestIdMiddleware (C:\\Users\\Bushra\\shabucks\\backend\\middleware\\auditMiddleware.js:13:5)\n' +
    '    at Layer.handleRequest (C:\\Users\\Bushra\\shabucks\\node_modules\\router\\lib\\layer.js:152:17)\n' +
    '    at trimPrefix (C:\\Users\\Bushra\\shabucks\\node_modules\\router\\index.js:342:13)\n' +
    '    at C:\\Users\\Bushra\\shabucks\\node_modules\\router\\index.js:297:9\n' +
    '    at processParams (C:\\Users\\Bushra\\shabucks\\node_modules\\router\\index.js:582:12)\n' +
    '    at next (C:\\Users\\Bushra\\shabucks\\node_modules\\router\\index.js:291:5)\n' +
    '    at C:\\Users\\Bushra\\shabucks\\node_modules\\express-rate-limit\\dist\\index.mjs:816:9\n' +
    '    at processTicksAndRejections (node:internal/process/task_queues:105:5)\n' +
    '    at C:\\Users\\Bushra\\shabucks\\node_modules\\express-rate-limit\\dist\\index.mjs:801:5',
  level: 'error',
  message: 'Error Handler: [SEC_CSRF_MISSING] Security Violation: CSRF Protection header missing or invalid (X-Requested-With: XMLHttpRequest required)',
  timestamp: '2026-04-02T11:27:59.111Z'
}
{
  service: 'crammerly-backend',
  env: 'test',
  method: 'POST',
  url: '/api/v1/auth/logout-all',
  status: 403,
  requestId: '96a52086-d1ea-4156-8c85-b82c18757c96',
  durationMs: 3.74,
  payloadSize: 0,
  ip: '::ffff:127.0.0.1',
  userAgent: undefined,
  level: 'warn',
  message: 'Request Warning: POST /api/v1/auth/logout-all',
  timestamp: '2026-04-02T11:27:59.112Z'
}
{
  message: '[DEV EMAIL] To: test@example.com | Subject: ✉️ Verify your Crammerly account\n' +
    '\n' +
    '<!DOCTYPE html>\n' +
    '<html lang="en">\n' +
    '<head>\n' +
    '    <meta charset="utf-8" />\n' +
    '    <meta name="viewport" content="width=device-width, initial-scale=1.0" />\n' +
    '    <title>Verify Your Email — Crammerly</title>\n' +
    '</head>\n' +
    `<body style="margin:0;padding:0;background-color:#0f172a;font-family:'Inter',Helvetica,Arial,sans-serif;color:#e2e8f0;">\n` +
    '    <table role="presentation" width="100%" cellpadding="0" cellspacing="0" style="background-color:#0f172a;padding:32px 0;">\n' +
    '        <tr>\n' +
    '            <td align="center">\n' +
    '                <table role="presentation" width="560" cellpadding="0" cellspacing="0"\n' +
    '                    style="background-color:#1e293b;border-radius:16px;overflow:hidden;max-width:560px;width:100%;">\n' +
    '                    <!-- Header -->\n' +
    '                    <tr>\n' +
    '                        <td style="background:linear-gradient(135deg,#6366f1 0%,#8b5cf6 100%);padding:28px 32px;text-align:center;">\n' +
    '                            <span style="font-size:28px;font-weight:800;color:#ffffff;letter-spacing:-0.5px;">📚 Crammerly</span>\n' +
    '                        </td>\n' +
    '                    </tr>\n' +
    '                    <!-- Body -->\n' +
    '                    <tr>\n' +
    '                        <td style="padding:32px 32px 24px 32px;color:#e2e8f0;font-size:15px;line-height:1.6;">\n' +
    '                            \n' +
    '            <h2 style="color:#f1f5f9;margin:0 0 16px 0;">Welcome to Crammerly, Test User!</h2>\n' +
    '            <p>Please verify your email address by clicking the button below.\n' +
    '               This link expires in <strong style="color:#f1f5f9;">24 hours</strong>.</p>\n' +
    '            <p style="text-align:center;margin:32px 0;">\n' +
    '                <a href="https://crammerly.io/verify-email/deb96182d3783414e28f94a76eb5daefc8b58c902692f3ddf4ef2724b9f452c0"\n' +
    '                   style="background:linear-gradient(135deg,#6366f1,#8b5cf6);color:#fff;padding:14px 32px;border-radius:8px;\n' +
    '                          text-decoration:none;font-weight:bold;font-size:16px;display:inline-block;">\n' +
    '                    Verify Email\n' +
    '                </a>\n' +
    '            </p>\n' +
    '            <p style="font-size:13px;color:#94a3b8;">Or copy this link into your browser:<br/><a href="https://crammerly.io/verify-email/deb96182d3783414e28f94a76eb5daefc8b58c902692f3ddf4ef2724b9f452c0" style="color:#818cf8;word-break:break-all;">https://crammerly.io/verify-email/deb96182d3783414e28f94a76eb5daefc8b58c902692f3ddf4ef2724b9f452c0</a></p>\n' +
    "            <p>If you didn't create an account, you can safely ignore this email.</p>\n" +
    '        \n' +
    '                        </td>\n' +
    '                    </tr>\n' +
    '                    <!-- Footer -->\n' +
    '                    <tr>\n' +
    '                        <td style="padding:16px 32px 28px 32px;border-top:1px solid #334155;text-align:center;font-size:12px;color:#64748b;">\n' +
    '                            <p style="margin:0 0 8px 0;">\n' +
    '                                <a href="https://crammerly.io/privacy" style="color:#818cf8;text-decoration:none;">Privacy Policy</a>\n' +
    '                                &nbsp;·&nbsp;\n' +
    '                                <a href="https://crammerly.io/terms" style="color:#818cf8;text-decoration:none;">Terms of Service</a>\n' +
    '                            </p>\n' +
    '                            <p style="margin:0;color:#475569;">© 2026 Crammerly. All rights reserved.</p>\n' +
    '                        </td>\n' +
    '                    </tr>\n' +
    '                </table>\n' +
    '            </td>\n' +
    '        </tr>\n' +
    '    </table>\n' +
    '</body>\n' +
    '</html>\n',
  level: 'info',
  service: 'crammerly-backend',
  env: 'test',
  timestamp: '2026-04-02T11:28:00.110Z'
}
{
  service: 'crammerly-backend',
  env: 'test',
  method: 'POST',
  url: '/api/v1/auth/register',
  status: 201,
  requestId: 'b6f0a358-9083-4d46-b152-135465ac4d7d',
  durationMs: 982.64,
  payloadSize: 95,
  ip: '::ffff:127.0.0.1',
  userAgent: undefined,
  level: 'info',
  message: 'Request Completed: POST /api/v1/auth/register',
  timestamp: '2026-04-02T11:28:00.113Z'
}
{
  message: '[SECURITY] New device login detected for user 69ce52bfae38719252500b7e',
  level: 'warn',
  service: 'crammerly-backend',
  env: 'test',
  timestamp: '2026-04-02T11:28:00.542Z'
}
{
  message: '[DEV EMAIL] To: undefined | Subject: ⚠️ New Device Login — Crammerly\n' +
    '\n' +
    '<!DOCTYPE html>\n' +
    '<html lang="en">\n' +
    '<head>\n' +
    '    <meta charset="utf-8" />\n' +
    '    <meta name="viewport" content="width=device-width, initial-scale=1.0" />\n' +
    '    <title>New Device Login — Crammerly</title>\n' +
    '</head>\n' +
    `<body style="margin:0;padding:0;background-color:#0f172a;font-family:'Inter',Helvetica,Arial,sans-serif;color:#e2e8f0;">\n` +
    '    <table role="presentation" width="100%" cellpadding="0" cellspacing="0" style="background-color:#0f172a;padding:32px 0;">\n' +
    '        <tr>\n' +
    '            <td align="center">\n' +
    '                <table role="presentation" width="560" cellpadding="0" cellspacing="0"\n' +
    '                    style="background-color:#1e293b;border-radius:16px;overflow:hidden;max-width:560px;width:100%;">\n' +
    '                    <!-- Header -->\n' +
    '                    <tr>\n' +
    '                        <td style="background:linear-gradient(135deg,#6366f1 0%,#8b5cf6 100%);padding:28px 32px;text-align:center;">\n' +
    '                            <span style="font-size:28px;font-weight:800;color:#ffffff;letter-spacing:-0.5px;">📚 Crammerly</span>\n' +
    '                        </td>\n' +
    '                    </tr>\n' +
    '                    <!-- Body -->\n' +
    '                    <tr>\n' +
    '                        <td style="padding:32px 32px 24px 32px;color:#e2e8f0;font-size:15px;line-height:1.6;">\n' +
    '                            \n' +
    '            <h2 style="color:#f1f5f9;margin:0 0 16px 0;">New device login detected</h2>\n' +
    '            <p>Hi there,</p>\n' +
    '            <p>A sign-in was detected from a new device or location:</p>\n' +
    '            <table role="presentation" style="width:100%;margin:16px 0;border-collapse:collapse;">\n' +
    '                <tr><td style="padding:8px 0;color:#94a3b8;">Device</td><td style="padding:8px 0;color:#f1f5f9;font-weight:600;">Unknown Device</td></tr>\n' +
    '                <tr><td style="padding:8px 0;color:#94a3b8;">IP Address</td><td style="padding:8px 0;color:#f1f5f9;font-weight:600;">::ffff:127.0.0.1</td></tr>\n' +
    '                <tr><td style="padding:8px 0;color:#94a3b8;">Time</td><td style="padding:8px 0;color:#f1f5f9;font-weight:600;">Thu, 02 Apr 2026 11:28:00 GMT</td></tr>\n' +
    '            </table>\n' +
    '            <p>If this was you, you can ignore this email. If not, please\n' +
    '               <a href="https://crammerly.io/reset-password" style="color:#818cf8;">reset your password</a> immediately.</p>\n' +
    '        \n' +
    '                        </td>\n' +
    '                    </tr>\n' +
    '                    <!-- Footer -->\n' +
    '                    <tr>\n' +
    '                        <td style="padding:16px 32px 28px 32px;border-top:1px solid #334155;text-align:center;font-size:12px;color:#64748b;">\n' +
    '                            <p style="margin:0 0 8px 0;">\n' +
    '                                <a href="https://crammerly.io/privacy" style="color:#818cf8;text-decoration:none;">Privacy Policy</a>\n' +
    '                                &nbsp;·&nbsp;\n' +
    '                                <a href="https://crammerly.io/terms" style="color:#818cf8;text-decoration:none;">Terms of Service</a>\n' +
    '                            </p>\n' +
    '                            <p style="margin:0;color:#475569;">© 2026 Crammerly. All rights reserved.</p>\n' +
    '                        </td>\n' +
    '                    </tr>\n' +
    '                </table>\n' +
    '            </td>\n' +
    '        </tr>\n' +
    '    </table>\n' +
    '</body>\n' +
    '</html>\n',
  level: 'info',
  service: 'crammerly-backend',
  env: 'test',
  timestamp: '2026-04-02T11:28:00.542Z'
}
{
  service: 'crammerly-backend',
  env: 'test',
  method: 'POST',
  url: '/api/v1/auth/login',
  status: 200,
  requestId: '19928408-394d-43bb-8cef-e3e908984eb5',
  durationMs: 429.2,
  payloadSize: 76,
  ip: '::ffff:127.0.0.1',
  userAgent: undefined,
  level: 'info',
  message: 'Request Completed: POST /api/v1/auth/login',
  timestamp: '2026-04-02T11:28:00.551Z'
}
{
  service: 'crammerly-backend',
  env: 'test',
  method: 'POST',
  url: '/api/v1/auth/logout-all',
  status: 200,
  requestId: 'e55bc58f-ab6f-4021-8cce-c8690503d88e',
  durationMs: 20.07,
  payloadSize: 0,
  ip: '::ffff:127.0.0.1',
  userAgent: undefined,
  level: 'info',
  message: 'Request Completed: POST /api/v1/auth/logout-all',
  timestamp: '2026-04-02T11:28:00.581Z'
}
{
  service: 'crammerly-backend',
  env: 'test',
  requestId: 'e55bc58f-ab6f-4021-8cce-c8690503d88e',
  errorMessage: 'Operation interrupted because client was closed',
  level: 'error',
  message: 'CRITICAL: Audit logging failed',
  timestamp: '2026-04-02T11:28:00.590Z'
}
  console.log
    MongoMemoryServer stopped.

      at Object.<anonymous> (tests/setup.js:42:17)

PASS tests/auth.test.js (22.411 s)
  Auth Flow Integration Tests
    POST /api/v1/auth/register
      √ should register a new user but NOT return a token (Verification Required) (4575 ms)
      √ should fail if user already exists (461 ms)
    POST /api/v1/auth/login
      √ should login and return a new access token for verified users (1800 ms)
      √ should fail if email is not verified (956 ms)
      √ should fail with invalid credentials (1042 ms)
    POST /api/v1/auth/refresh
      √ should rotate the refresh token and return new access token (requires CSRF) (1169 ms)
      √ should fail if no CSRF token provided (997 ms)
      √ should fail if no refresh token provided (1036 ms)
    POST /api/v1/auth/logout-all
      √ should block /logout-all without a CSRF header (CSRF enforcement) (1001 ms)
      √ should succeed on /logout-all with a valid CSRF header (1470 ms)

  console.log
    [dotenv@17.2.3] injecting env (0) from .env.test -- tip: 🛠️  run anywhere with `dotenvx run -- yourcommand`

      at _log (../node_modules/dotenv/lib/main.js:142:11)

  console.log
    [dotenv@17.2.3] injecting env (12) from .env -- tip: 👥 sync secrets across teammates & machines: https://dotenvx.com/ops

      at _log (../node_modules/dotenv/lib/main.js:142:11)

  console.log
    Starting MongoMemoryServer...

      at Object.<anonymous> (tests/setup.js:10:13)

  console.log
    MongoMemoryServer started at: mongodb://127.0.0.1:49995/

      at Object.<anonymous> (tests/setup.js:19:17)

  console.log
    Mongoose connected.

      at Object.<anonymous> (tests/setup.js:22:17)

{
  message: '[DEV EMAIL] To: reg@crammerly.io | Subject: ✉️ Verify your Crammerly account\n' +
    '\n' +
    '<!DOCTYPE html>\n' +
    '<html lang="en">\n' +
    '<head>\n' +
    '    <meta charset="utf-8" />\n' +
    '    <meta name="viewport" content="width=device-width, initial-scale=1.0" />\n' +
    '    <title>Verify Your Email — Crammerly</title>\n' +
    '</head>\n' +
    `<body style="margin:0;padding:0;background-color:#0f172a;font-family:'Inter',Helvetica,Arial,sans-serif;color:#e2e8f0;">\n` +
    '    <table role="presentation" width="100%" cellpadding="0" cellspacing="0" style="background-color:#0f172a;padding:32px 0;">\n' +
    '        <tr>\n' +
    '            <td align="center">\n' +
    '                <table role="presentation" width="560" cellpadding="0" cellspacing="0"\n' +
    '                    style="background-color:#1e293b;border-radius:16px;overflow:hidden;max-width:560px;width:100%;">\n' +
    '                    <!-- Header -->\n' +
    '                    <tr>\n' +
    '                        <td style="background:linear-gradient(135deg,#6366f1 0%,#8b5cf6 100%);padding:28px 32px;text-align:center;">\n' +
    '                            <span style="font-size:28px;font-weight:800;color:#ffffff;letter-spacing:-0.5px;">📚 Crammerly</span>\n' +
    '                        </td>\n' +
    '                    </tr>\n' +
    '                    <!-- Body -->\n' +
    '                    <tr>\n' +
    '                        <td style="padding:32px 32px 24px 32px;color:#e2e8f0;font-size:15px;line-height:1.6;">\n' +
    '                            \n' +
    '            <h2 style="color:#f1f5f9;margin:0 0 16px 0;">Welcome to Crammerly, Reg User!</h2>\n' +
    '            <p>Please verify your email address by clicking the button below.\n' +
    '               This link expires in <strong style="color:#f1f5f9;">24 hours</strong>.</p>\n' +
    '            <p style="text-align:center;margin:32px 0;">\n' +
    '                <a href="https://crammerly.io/verify-email/0e6de00366ff459d7a1a9e5c904584602bed1334451e3cb20a91aa1e4f49cddc"\n' +
    '                   style="background:linear-gradient(135deg,#6366f1,#8b5cf6);color:#fff;padding:14px 32px;border-radius:8px;\n' +
    '                          text-decoration:none;font-weight:bold;font-size:16px;display:inline-block;">\n' +
    '                    Verify Email\n' +
    '                </a>\n' +
    '            </p>\n' +
    '            <p style="font-size:13px;color:#94a3b8;">Or copy this link into your browser:<br/><a href="https://crammerly.io/verify-email/0e6de00366ff459d7a1a9e5c904584602bed1334451e3cb20a91aa1e4f49cddc" style="color:#818cf8;word-break:break-all;">https://crammerly.io/verify-email/0e6de00366ff459d7a1a9e5c904584602bed1334451e3cb20a91aa1e4f49cddc</a></p>\n' +
    "            <p>If you didn't create an account, you can safely ignore this email.</p>\n" +
    '        \n' +
    '                        </td>\n' +
    '                    </tr>\n' +
    '                    <!-- Footer -->\n' +
    '                    <tr>\n' +
    '                        <td style="padding:16px 32px 28px 32px;border-top:1px solid #334155;text-align:center;font-size:12px;color:#64748b;">\n' +
    '                            <p style="margin:0 0 8px 0;">\n' +
    '                                <a href="https://crammerly.io/privacy" style="color:#818cf8;text-decoration:none;">Privacy Policy</a>\n' +
    '                                &nbsp;·&nbsp;\n' +
    '                                <a href="https://crammerly.io/terms" style="color:#818cf8;text-decoration:none;">Terms of Service</a>\n' +
    '                            </p>\n' +
    '                            <p style="margin:0;color:#475569;">© 2026 Crammerly. All rights reserved.</p>\n' +
    '                        </td>\n' +
    '                    </tr>\n' +
    '                </table>\n' +
    '            </td>\n' +
    '        </tr>\n' +
    '    </table>\n' +
    '</body>\n' +
    '</html>\n',
  level: 'info',
  service: 'crammerly-backend',
  env: 'test',
  timestamp: '2026-04-02T11:28:05.028Z'
}
{
  service: 'crammerly-backend',
  env: 'test',
  method: 'POST',
  url: '/api/v1/auth/register',
  status: 201,
  requestId: '9a900d4e-8183-4ca9-8e0b-03d69a662054',
  durationMs: 693.21,
  payloadSize: 89,
  ip: '::ffff:127.0.0.1',
  userAgent: undefined,
  level: 'info',
  message: 'Request Completed: POST /api/v1/auth/register',
  timestamp: '2026-04-02T11:28:05.040Z'
}
{
  service: 'crammerly-backend',
  env: 'test',
  method: 'GET',
  url: '/api/v1/auth/verify-email/0e6de00366ff459d7a1a9e5c904584602bed1334451e3cb20a91aa1e4f49cddc',
  status: 200,
  requestId: '892d5e8c-a1cb-453d-8115-6d9cfd991a8b',
  durationMs: 19.23,
  payloadSize: 0,
  ip: '::ffff:127.0.0.1',
  userAgent: undefined,
  level: 'info',
  message: 'Request Completed: GET /api/v1/auth/verify-email/0e6de00366ff459d7a1a9e5c904584602bed1334451e3cb20a91aa1e4f49cddc',
  timestamp: '2026-04-02T11:28:05.078Z'
}
{
  message: '[DEV EMAIL] To: login@crammerly.io | Subject: ✉️ Verify your Crammerly account\n' +
    '\n' +
    '<!DOCTYPE html>\n' +
    '<html lang="en">\n' +
    '<head>\n' +
    '    <meta charset="utf-8" />\n' +
    '    <meta name="viewport" content="width=device-width, initial-scale=1.0" />\n' +
    '    <title>Verify Your Email — Crammerly</title>\n' +
    '</head>\n' +
    `<body style="margin:0;padding:0;background-color:#0f172a;font-family:'Inter',Helvetica,Arial,sans-serif;color:#e2e8f0;">\n` +
    '    <table role="presentation" width="100%" cellpadding="0" cellspacing="0" style="background-color:#0f172a;padding:32px 0;">\n' +
    '        <tr>\n' +
    '            <td align="center">\n' +
    '                <table role="presentation" width="560" cellpadding="0" cellspacing="0"\n' +
    '                    style="background-color:#1e293b;border-radius:16px;overflow:hidden;max-width:560px;width:100%;">\n' +
    '                    <!-- Header -->\n' +
    '                    <tr>\n' +
    '                        <td style="background:linear-gradient(135deg,#6366f1 0%,#8b5cf6 100%);padding:28px 32px;text-align:center;">\n' +
    '                            <span style="font-size:28px;font-weight:800;color:#ffffff;letter-spacing:-0.5px;">📚 Crammerly</span>\n' +
    '                        </td>\n' +
    '                    </tr>\n' +
    '                    <!-- Body -->\n' +
    '                    <tr>\n' +
    '                        <td style="padding:32px 32px 24px 32px;color:#e2e8f0;font-size:15px;line-height:1.6;">\n' +
    '                            \n' +
    '            <h2 style="color:#f1f5f9;margin:0 0 16px 0;">Welcome to Crammerly, Login User!</h2>\n' +
    '            <p>Please verify your email address by clicking the button below.\n' +
    '               This link expires in <strong style="color:#f1f5f9;">24 hours</strong>.</p>\n' +
    '            <p style="text-align:center;margin:32px 0;">\n' +
    '                <a href="https://crammerly.io/verify-email/787c5831b2635848d4bf75e00719cef78c528043024ceef46d658dc5544ae073"\n' +
    '                   style="background:linear-gradient(135deg,#6366f1,#8b5cf6);color:#fff;padding:14px 32px;border-radius:8px;\n' +
    '                          text-decoration:none;font-weight:bold;font-size:16px;display:inline-block;">\n' +
    '                    Verify Email\n' +
    '                </a>\n' +
    '            </p>\n' +
    '            <p style="font-size:13px;color:#94a3b8;">Or copy this link into your browser:<br/><a href="https://crammerly.io/verify-email/787c5831b2635848d4bf75e00719cef78c528043024ceef46d658dc5544ae073" style="color:#818cf8;word-break:break-all;">https://crammerly.io/verify-email/787c5831b2635848d4bf75e00719cef78c528043024ceef46d658dc5544ae073</a></p>\n' +
    "            <p>If you didn't create an account, you can safely ignore this email.</p>\n" +
    '        \n' +
    '                        </td>\n' +
    '                    </tr>\n' +
    '                    <!-- Footer -->\n' +
    '                    <tr>\n' +
    '                        <td style="padding:16px 32px 28px 32px;border-top:1px solid #334155;text-align:center;font-size:12px;color:#64748b;">\n' +
    '                            <p style="margin:0 0 8px 0;">\n' +
    '                                <a href="https://crammerly.io/privacy" style="color:#818cf8;text-decoration:none;">Privacy Policy</a>\n' +
    '                                &nbsp;·&nbsp;\n' +
    '                                <a href="https://crammerly.io/terms" style="color:#818cf8;text-decoration:none;">Terms of Service</a>\n' +
    '                            </p>\n' +
    '                            <p style="margin:0;color:#475569;">© 2026 Crammerly. All rights reserved.</p>\n' +
    '                        </td>\n' +
    '                    </tr>\n' +
    '                </table>\n' +
    '            </td>\n' +
    '        </tr>\n' +
    '    </table>\n' +
    '</body>\n' +
    '</html>\n',
  level: 'info',
  service: 'crammerly-backend',
  env: 'test',
  timestamp: '2026-04-02T11:28:05.677Z'
}
{
  service: 'crammerly-backend',
  env: 'test',
  method: 'POST',
  url: '/api/v1/auth/register',
  status: 201,
  requestId: 'bc0b6387-3de4-4977-a5a4-3422317c2c0d',
  durationMs: 585.5,
  payloadSize: 93,
  ip: '::ffff:127.0.0.1',
  userAgent: undefined,
  level: 'info',
  message: 'Request Completed: POST /api/v1/auth/register',
  timestamp: '2026-04-02T11:28:05.681Z'
}
{
  message: '[SECURITY] New device login detected for user 69ce52c550abe5f6abf7f9f9',
  level: 'warn',
  service: 'crammerly-backend',
  env: 'test',
  timestamp: '2026-04-02T11:28:06.141Z'
}
{
  message: '[DEV EMAIL] To: undefined | Subject: ⚠️ New Device Login — Crammerly\n' +
    '\n' +
    '<!DOCTYPE html>\n' +
    '<html lang="en">\n' +
    '<head>\n' +
    '    <meta charset="utf-8" />\n' +
    '    <meta name="viewport" content="width=device-width, initial-scale=1.0" />\n' +
    '    <title>New Device Login — Crammerly</title>\n' +
    '</head>\n' +
    `<body style="margin:0;padding:0;background-color:#0f172a;font-family:'Inter',Helvetica,Arial,sans-serif;color:#e2e8f0;">\n` +
    '    <table role="presentation" width="100%" cellpadding="0" cellspacing="0" style="background-color:#0f172a;padding:32px 0;">\n' +
    '        <tr>\n' +
    '            <td align="center">\n' +
    '                <table role="presentation" width="560" cellpadding="0" cellspacing="0"\n' +
    '                    style="background-color:#1e293b;border-radius:16px;overflow:hidden;max-width:560px;width:100%;">\n' +
    '                    <!-- Header -->\n' +
    '                    <tr>\n' +
    '                        <td style="background:linear-gradient(135deg,#6366f1 0%,#8b5cf6 100%);padding:28px 32px;text-align:center;">\n' +
    '                            <span style="font-size:28px;font-weight:800;color:#ffffff;letter-spacing:-0.5px;">📚 Crammerly</span>\n' +
    '                        </td>\n' +
    '                    </tr>\n' +
    '                    <!-- Body -->\n' +
    '                    <tr>\n' +
    '                        <td style="padding:32px 32px 24px 32px;color:#e2e8f0;font-size:15px;line-height:1.6;">\n' +
    '                            \n' +
    '            <h2 style="color:#f1f5f9;margin:0 0 16px 0;">New device login detected</h2>\n' +
    '            <p>Hi there,</p>\n' +
    '            <p>A sign-in was detected from a new device or location:</p>\n' +
    '            <table role="presentation" style="width:100%;margin:16px 0;border-collapse:collapse;">\n' +
    '                <tr><td style="padding:8px 0;color:#94a3b8;">Device</td><td style="padding:8px 0;color:#f1f5f9;font-weight:600;">Unknown Device</td></tr>\n' +
    '                <tr><td style="padding:8px 0;color:#94a3b8;">IP Address</td><td style="padding:8px 0;color:#f1f5f9;font-weight:600;">::ffff:127.0.0.1</td></tr>\n' +
    '                <tr><td style="padding:8px 0;color:#94a3b8;">Time</td><td style="padding:8px 0;color:#f1f5f9;font-weight:600;">Thu, 02 Apr 2026 11:28:06 GMT</td></tr>\n' +
    '            </table>\n' +
    '            <p>If this was you, you can ignore this email. If not, please\n' +
    '               <a href="https://crammerly.io/reset-password" style="color:#818cf8;">reset your password</a> immediately.</p>\n' +
    '        \n' +
    '                        </td>\n' +
    '                    </tr>\n' +
    '                    <!-- Footer -->\n' +
    '                    <tr>\n' +
    '                        <td style="padding:16px 32px 28px 32px;border-top:1px solid #334155;text-align:center;font-size:12px;color:#64748b;">\n' +
    '                            <p style="margin:0 0 8px 0;">\n' +
    '                                <a href="https://crammerly.io/privacy" style="color:#818cf8;text-decoration:none;">Privacy Policy</a>\n' +
    '                                &nbsp;·&nbsp;\n' +
    '                                <a href="https://crammerly.io/terms" style="color:#818cf8;text-decoration:none;">Terms of Service</a>\n' +
    '                            </p>\n' +
    '                            <p style="margin:0;color:#475569;">© 2026 Crammerly. All rights reserved.</p>\n' +
    '                        </td>\n' +
    '                    </tr>\n' +
    '                </table>\n' +
    '            </td>\n' +
    '        </tr>\n' +
    '    </table>\n' +
    '</body>\n' +
    '</html>\n',
  level: 'info',
  service: 'crammerly-backend',
  env: 'test',
  timestamp: '2026-04-02T11:28:06.141Z'
}
{
  service: 'crammerly-backend',
  env: 'test',
  method: 'POST',
  url: '/api/v1/auth/login',
  status: 200,
  requestId: '314821bc-59b3-415a-ae2f-d564da5f7e2b',
  durationMs: 461.29,
  payloadSize: 73,
  ip: '::ffff:127.0.0.1',
  userAgent: undefined,
  level: 'info',
  message: 'Request Completed: POST /api/v1/auth/login',
  timestamp: '2026-04-02T11:28:06.157Z'
}
{
  message: '[DEV EMAIL] To: lock@crammerly.io | Subject: ✉️ Verify your Crammerly account\n' +
    '\n' +
    '<!DOCTYPE html>\n' +
    '<html lang="en">\n' +
    '<head>\n' +
    '    <meta charset="utf-8" />\n' +
    '    <meta name="viewport" content="width=device-width, initial-scale=1.0" />\n' +
    '    <title>Verify Your Email — Crammerly</title>\n' +
    '</head>\n' +
    `<body style="margin:0;padding:0;background-color:#0f172a;font-family:'Inter',Helvetica,Arial,sans-serif;color:#e2e8f0;">\n` +
    '    <table role="presentation" width="100%" cellpadding="0" cellspacing="0" style="background-color:#0f172a;padding:32px 0;">\n' +
    '        <tr>\n' +
    '            <td align="center">\n' +
    '                <table role="presentation" width="560" cellpadding="0" cellspacing="0"\n' +
    '                    style="background-color:#1e293b;border-radius:16px;overflow:hidden;max-width:560px;width:100%;">\n' +
    '                    <!-- Header -->\n' +
    '                    <tr>\n' +
    '                        <td style="background:linear-gradient(135deg,#6366f1 0%,#8b5cf6 100%);padding:28px 32px;text-align:center;">\n' +
    '                            <span style="font-size:28px;font-weight:800;color:#ffffff;letter-spacing:-0.5px;">📚 Crammerly</span>\n' +
    '                        </td>\n' +
    '                    </tr>\n' +
    '                    <!-- Body -->\n' +
    '                    <tr>\n' +
    '                        <td style="padding:32px 32px 24px 32px;color:#e2e8f0;font-size:15px;line-height:1.6;">\n' +
    '                            \n' +
    '            <h2 style="color:#f1f5f9;margin:0 0 16px 0;">Welcome to Crammerly, Lock User!</h2>\n' +
    '            <p>Please verify your email address by clicking the button below.\n' +
    '               This link expires in <strong style="color:#f1f5f9;">24 hours</strong>.</p>\n' +
    '            <p style="text-align:center;margin:32px 0;">\n' +
    '                <a href="https://crammerly.io/verify-email/bd690f81dbe80fb891e4f6d8153220fb5eb27038df32ded9bbb876f41d6f3b19"\n' +
    '                   style="background:linear-gradient(135deg,#6366f1,#8b5cf6);color:#fff;padding:14px 32px;border-radius:8px;\n' +
    '                          text-decoration:none;font-weight:bold;font-size:16px;display:inline-block;">\n' +
    '                    Verify Email\n' +
    '                </a>\n' +
    '            </p>\n' +
    '            <p style="font-size:13px;color:#94a3b8;">Or copy this link into your browser:<br/><a href="https://crammerly.io/verify-email/bd690f81dbe80fb891e4f6d8153220fb5eb27038df32ded9bbb876f41d6f3b19" style="color:#818cf8;word-break:break-all;">https://crammerly.io/verify-email/bd690f81dbe80fb891e4f6d8153220fb5eb27038df32ded9bbb876f41d6f3b19</a></p>\n' +
    "            <p>If you didn't create an account, you can safely ignore this email.</p>\n" +
    '        \n' +
    '                        </td>\n' +
    '                    </tr>\n' +
    '                    <!-- Footer -->\n' +
    '                    <tr>\n' +
    '                        <td style="padding:16px 32px 28px 32px;border-top:1px solid #334155;text-align:center;font-size:12px;color:#64748b;">\n' +
    '                            <p style="margin:0 0 8px 0;">\n' +
    '                                <a href="https://crammerly.io/privacy" style="color:#818cf8;text-decoration:none;">Privacy Policy</a>\n' +
    '                                &nbsp;·&nbsp;\n' +
    '                                <a href="https://crammerly.io/terms" style="color:#818cf8;text-decoration:none;">Terms of Service</a>\n' +
    '                            </p>\n' +
    '                            <p style="margin:0;color:#475569;">© 2026 Crammerly. All rights reserved.</p>\n' +
    '                        </td>\n' +
    '                    </tr>\n' +
    '                </table>\n' +
    '            </td>\n' +
    '        </tr>\n' +
    '    </table>\n' +
    '</body>\n' +
    '</html>\n',
  level: 'info',
  service: 'crammerly-backend',
  env: 'test',
  timestamp: '2026-04-02T11:28:06.722Z'
}
{
  service: 'crammerly-backend',
  env: 'test',
  method: 'POST',
  url: '/api/v1/auth/register',
  status: 201,
  requestId: 'b62699df-0c26-4223-a772-567ad4c4d70b',
  durationMs: 548.51,
  payloadSize: 91,
  ip: '::ffff:127.0.0.1',
  userAgent: undefined,
  level: 'info',
  message: 'Request Completed: POST /api/v1/auth/register',
  timestamp: '2026-04-02T11:28:06.725Z'
}
{
  service: 'crammerly-backend',
  env: 'test',
  requestId: '685907d1-0dd3-4f61-bf5e-0df1395846fb',
  groupHash: '5669e82b',
  statusCode: 401,
  path: '/api/v1/auth/login',
  stack: 'Error: Invalid email or password\n' +
    '    at loginUser (C:\\Users\\Bushra\\shabucks\\backend\\controllers\\authController.js:221:27)\n' +
    '    at processTicksAndRejections (node:internal/process/task_queues:105:5)',
  level: 'error',
  message: 'Error Handler: [AUTH_INVALID] Invalid email or password',
  timestamp: '2026-04-02T11:28:07.176Z'
}
{
  service: 'crammerly-backend',
  env: 'test',
  method: 'POST',
  url: '/api/v1/auth/login',
  status: 401,
  requestId: '685907d1-0dd3-4f61-bf5e-0df1395846fb',
  durationMs: 445.1,
  payloadSize: 44,
  ip: '::ffff:127.0.0.1',
  userAgent: undefined,
  level: 'warn',
  message: 'Request Warning: POST /api/v1/auth/login',
  timestamp: '2026-04-02T11:28:07.177Z'
}
{
  service: 'crammerly-backend',
  env: 'test',
  requestId: 'ec865ea1-2294-4e89-9149-44f11ee18cb9',
  groupHash: '5669e82b',
  statusCode: 401,
  path: '/api/v1/auth/login',
  stack: 'Error: Invalid email or password\n' +
    '    at loginUser (C:\\Users\\Bushra\\shabucks\\backend\\controllers\\authController.js:221:27)\n' +
    '    at processTicksAndRejections (node:internal/process/task_queues:105:5)',
  level: 'error',
  message: 'Error Handler: [AUTH_INVALID] Invalid email or password',
  timestamp: '2026-04-02T11:28:07.615Z'
}
{
  service: 'crammerly-backend',
  env: 'test',
  method: 'POST',
  url: '/api/v1/auth/login',
  status: 401,
  requestId: 'ec865ea1-2294-4e89-9149-44f11ee18cb9',
  durationMs: 434.95,
  payloadSize: 44,
  ip: '::ffff:127.0.0.1',
  userAgent: undefined,
  level: 'warn',
  message: 'Request Warning: POST /api/v1/auth/login',
  timestamp: '2026-04-02T11:28:07.615Z'
}
{
  service: 'crammerly-backend',
  env: 'test',
  requestId: '4ec35845-c56d-4921-9175-0bf5ccc3f4d5',
  groupHash: '5669e82b',
  statusCode: 401,
  path: '/api/v1/auth/login',
  stack: 'Error: Invalid email or password\n' +
    '    at loginUser (C:\\Users\\Bushra\\shabucks\\backend\\controllers\\authController.js:221:27)\n' +
    '    at processTicksAndRejections (node:internal/process/task_queues:105:5)',
  level: 'error',
  message: 'Error Handler: [AUTH_INVALID] Invalid email or password',
  timestamp: '2026-04-02T11:28:08.059Z'
}
{
  service: 'crammerly-backend',
  env: 'test',
  method: 'POST',
  url: '/api/v1/auth/login',
  status: 401,
  requestId: '4ec35845-c56d-4921-9175-0bf5ccc3f4d5',
  durationMs: 437.14,
  payloadSize: 44,
  ip: '::ffff:127.0.0.1',
  userAgent: undefined,
  level: 'warn',
  message: 'Request Warning: POST /api/v1/auth/login',
  timestamp: '2026-04-02T11:28:08.060Z'
}
{
  service: 'crammerly-backend',
  env: 'test',
  requestId: '8d0cf53e-8221-4d78-883b-c3cfccc8dcf8',
  groupHash: '5669e82b',
  statusCode: 401,
  path: '/api/v1/auth/login',
  stack: 'Error: Invalid email or password\n' +
    '    at loginUser (C:\\Users\\Bushra\\shabucks\\backend\\controllers\\authController.js:221:27)\n' +
    '    at processTicksAndRejections (node:internal/process/task_queues:105:5)',
  level: 'error',
  message: 'Error Handler: [AUTH_INVALID] Invalid email or password',
  timestamp: '2026-04-02T11:28:08.506Z'
}
{
  service: 'crammerly-backend',
  env: 'test',
  method: 'POST',
  url: '/api/v1/auth/login',
  status: 401,
  requestId: '8d0cf53e-8221-4d78-883b-c3cfccc8dcf8',
  durationMs: 442.07,
  payloadSize: 44,
  ip: '::ffff:127.0.0.1',
  userAgent: undefined,
  level: 'warn',
  message: 'Request Warning: POST /api/v1/auth/login',
  timestamp: '2026-04-02T11:28:08.507Z'
}
{
  service: 'crammerly-backend',
  env: 'test',
  requestId: '44633586-c4c0-4820-9f8d-2538ce2f6a09',
  groupHash: '5669e82b',
  statusCode: 401,
  path: '/api/v1/auth/login',
  stack: 'Error: Invalid email or password\n' +
    '    at loginUser (C:\\Users\\Bushra\\shabucks\\backend\\controllers\\authController.js:221:27)\n' +
    '    at processTicksAndRejections (node:internal/process/task_queues:105:5)',
  level: 'error',
  message: 'Error Handler: [AUTH_INVALID] Invalid email or password',
  timestamp: '2026-04-02T11:28:08.945Z'
}
{
  service: 'crammerly-backend',
  env: 'test',
  method: 'POST',
  url: '/api/v1/auth/login',
  status: 401,
  requestId: '44633586-c4c0-4820-9f8d-2538ce2f6a09',
  durationMs: 433.54,
  payloadSize: 44,
  ip: '::ffff:127.0.0.1',
  userAgent: undefined,
  level: 'warn',
  message: 'Request Warning: POST /api/v1/auth/login',
  timestamp: '2026-04-02T11:28:08.945Z'
}
{
  service: 'crammerly-backend',
  env: 'test',
  requestId: '3f5d8531-46a4-4ade-ace2-3dfb672883f8',
  groupHash: '8e8e4949',
  statusCode: 423,
  path: '/api/v1/auth/login',
  stack: 'Error: Account temporarily locked due to too many failed attempts. Try again in 30 minutes.\n' +
    '    at loginUser (C:\\Users\\Bushra\\shabucks\\backend\\controllers\\authController.js:157:27)\n' +
    '    at processTicksAndRejections (node:internal/process/task_queues:105:5)',
  level: 'error',
  message: 'Error Handler: [AUTH_LOCKED] Account temporarily locked due to too many failed attempts. Try again in 30 minutes.',
  timestamp: '2026-04-02T11:28:08.958Z'
}
{
  service: 'crammerly-backend',
  env: 'test',
  method: 'POST',
  url: '/api/v1/auth/login',
  status: 423,
  requestId: '3f5d8531-46a4-4ade-ace2-3dfb672883f8',
  durationMs: 10.17,
  payloadSize: 44,
  ip: '::ffff:127.0.0.1',
  userAgent: undefined,
  level: 'warn',
  message: 'Request Warning: POST /api/v1/auth/login',
  timestamp: '2026-04-02T11:28:08.959Z'
}
{
  message: '[DEV EMAIL] To: rotate@crammerly.io | Subject: ✉️ Verify your Crammerly account\n' +
    '\n' +
    '<!DOCTYPE html>\n' +
    '<html lang="en">\n' +
    '<head>\n' +
    '    <meta charset="utf-8" />\n' +
    '    <meta name="viewport" content="width=device-width, initial-scale=1.0" />\n' +
    '    <title>Verify Your Email — Crammerly</title>\n' +
    '</head>\n' +
    `<body style="margin:0;padding:0;background-color:#0f172a;font-family:'Inter',Helvetica,Arial,sans-serif;color:#e2e8f0;">\n` +
    '    <table role="presentation" width="100%" cellpadding="0" cellspacing="0" style="background-color:#0f172a;padding:32px 0;">\n' +
    '        <tr>\n' +
    '            <td align="center">\n' +
    '                <table role="presentation" width="560" cellpadding="0" cellspacing="0"\n' +
    '                    style="background-color:#1e293b;border-radius:16px;overflow:hidden;max-width:560px;width:100%;">\n' +
    '                    <!-- Header -->\n' +
    '                    <tr>\n' +
    '                        <td style="background:linear-gradient(135deg,#6366f1 0%,#8b5cf6 100%);padding:28px 32px;text-align:center;">\n' +
    '                            <span style="font-size:28px;font-weight:800;color:#ffffff;letter-spacing:-0.5px;">📚 Crammerly</span>\n' +
    '                        </td>\n' +
    '                    </tr>\n' +
    '                    <!-- Body -->\n' +
    '                    <tr>\n' +
    '                        <td style="padding:32px 32px 24px 32px;color:#e2e8f0;font-size:15px;line-height:1.6;">\n' +
    '                            \n' +
    '            <h2 style="color:#f1f5f9;margin:0 0 16px 0;">Welcome to Crammerly, Rotate User!</h2>\n' +
    '            <p>Please verify your email address by clicking the button below.\n' +
    '               This link expires in <strong style="color:#f1f5f9;">24 hours</strong>.</p>\n' +
    '            <p style="text-align:center;margin:32px 0;">\n' +
    '                <a href="https://crammerly.io/verify-email/55e4efa19f60e04971a3d26b18fae1cf76bb1dae32038b99feb0ef96a62e22c4"\n' +
    '                   style="background:linear-gradient(135deg,#6366f1,#8b5cf6);color:#fff;padding:14px 32px;border-radius:8px;\n' +
    '                          text-decoration:none;font-weight:bold;font-size:16px;display:inline-block;">\n' +
    '                    Verify Email\n' +
    '                </a>\n' +
    '            </p>\n' +
    '            <p style="font-size:13px;color:#94a3b8;">Or copy this link into your browser:<br/><a href="https://crammerly.io/verify-email/55e4efa19f60e04971a3d26b18fae1cf76bb1dae32038b99feb0ef96a62e22c4" style="color:#818cf8;word-break:break-all;">https://crammerly.io/verify-email/55e4efa19f60e04971a3d26b18fae1cf76bb1dae32038b99feb0ef96a62e22c4</a></p>\n' +
    "            <p>If you didn't create an account, you can safely ignore this email.</p>\n" +
    '        \n' +
    '                        </td>\n' +
    '                    </tr>\n' +
    '                    <!-- Footer -->\n' +
    '                    <tr>\n' +
    '                        <td style="padding:16px 32px 28px 32px;border-top:1px solid #334155;text-align:center;font-size:12px;color:#64748b;">\n' +
    '                            <p style="margin:0 0 8px 0;">\n' +
    '                                <a href="https://crammerly.io/privacy" style="color:#818cf8;text-decoration:none;">Privacy Policy</a>\n' +
    '                                &nbsp;·&nbsp;\n' +
    '                                <a href="https://crammerly.io/terms" style="color:#818cf8;text-decoration:none;">Terms of Service</a>\n' +
    '                            </p>\n' +
    '                            <p style="margin:0;color:#475569;">© 2026 Crammerly. All rights reserved.</p>\n' +
    '                        </td>\n' +
    '                    </tr>\n' +
    '                </table>\n' +
    '            </td>\n' +
    '        </tr>\n' +
    '    </table>\n' +
    '</body>\n' +
    '</html>\n',
  level: 'info',
  service: 'crammerly-backend',
  env: 'test',
  timestamp: '2026-04-02T11:28:09.479Z'
}
{
  service: 'crammerly-backend',
  env: 'test',
  method: 'POST',
  url: '/api/v1/auth/register',
  status: 201,
  requestId: '9751d6c0-be33-410b-af4e-9d83e1bac49c',
  durationMs: 506.05,
  payloadSize: 95,
  ip: '::ffff:127.0.0.1',
  userAgent: undefined,
  level: 'info',
  message: 'Request Completed: POST /api/v1/auth/register',
  timestamp: '2026-04-02T11:28:09.482Z'
}
{
  message: '[SECURITY] New device login detected for user 69ce52c950abe5f6abf7fa36',
  level: 'warn',
  service: 'crammerly-backend',
  env: 'test',
  timestamp: '2026-04-02T11:28:09.919Z'
}
{
  message: '[DEV EMAIL] To: undefined | Subject: ⚠️ New Device Login — Crammerly\n' +
    '\n' +
    '<!DOCTYPE html>\n' +
    '<html lang="en">\n' +
    '<head>\n' +
    '    <meta charset="utf-8" />\n' +
    '    <meta name="viewport" content="width=device-width, initial-scale=1.0" />\n' +
    '    <title>New Device Login — Crammerly</title>\n' +
    '</head>\n' +
    `<body style="margin:0;padding:0;background-color:#0f172a;font-family:'Inter',Helvetica,Arial,sans-serif;color:#e2e8f0;">\n` +
    '    <table role="presentation" width="100%" cellpadding="0" cellspacing="0" style="background-color:#0f172a;padding:32px 0;">\n' +
    '        <tr>\n' +
    '            <td align="center">\n' +
    '                <table role="presentation" width="560" cellpadding="0" cellspacing="0"\n' +
    '                    style="background-color:#1e293b;border-radius:16px;overflow:hidden;max-width:560px;width:100%;">\n' +
    '                    <!-- Header -->\n' +
    '                    <tr>\n' +
    '                        <td style="background:linear-gradient(135deg,#6366f1 0%,#8b5cf6 100%);padding:28px 32px;text-align:center;">\n' +
    '                            <span style="font-size:28px;font-weight:800;color:#ffffff;letter-spacing:-0.5px;">📚 Crammerly</span>\n' +
    '                        </td>\n' +
    '                    </tr>\n' +
    '                    <!-- Body -->\n' +
    '                    <tr>\n' +
    '                        <td style="padding:32px 32px 24px 32px;color:#e2e8f0;font-size:15px;line-height:1.6;">\n' +
    '                            \n' +
    '            <h2 style="color:#f1f5f9;margin:0 0 16px 0;">New device login detected</h2>\n' +
    '            <p>Hi there,</p>\n' +
    '            <p>A sign-in was detected from a new device or location:</p>\n' +
    '            <table role="presentation" style="width:100%;margin:16px 0;border-collapse:collapse;">\n' +
    '                <tr><td style="padding:8px 0;color:#94a3b8;">Device</td><td style="padding:8px 0;color:#f1f5f9;font-weight:600;">Unknown Device</td></tr>\n' +
    '                <tr><td style="padding:8px 0;color:#94a3b8;">IP Address</td><td style="padding:8px 0;color:#f1f5f9;font-weight:600;">::ffff:127.0.0.1</td></tr>\n' +
    '                <tr><td style="padding:8px 0;color:#94a3b8;">Time</td><td style="padding:8px 0;color:#f1f5f9;font-weight:600;">Thu, 02 Apr 2026 11:28:09 GMT</td></tr>\n' +
    '            </table>\n' +
    '            <p>If this was you, you can ignore this email. If not, please\n' +
    '               <a href="https://crammerly.io/reset-password" style="color:#818cf8;">reset your password</a> immediately.</p>\n' +
    '        \n' +
    '                        </td>\n' +
    '                    </tr>\n' +
    '                    <!-- Footer -->\n' +
    '                    <tr>\n' +
    '                        <td style="padding:16px 32px 28px 32px;border-top:1px solid #334155;text-align:center;font-size:12px;color:#64748b;">\n' +
    '                            <p style="margin:0 0 8px 0;">\n' +
    '                                <a href="https://crammerly.io/privacy" style="color:#818cf8;text-decoration:none;">Privacy Policy</a>\n' +
    '                                &nbsp;·&nbsp;\n' +
    '                                <a href="https://crammerly.io/terms" style="color:#818cf8;text-decoration:none;">Terms of Service</a>\n' +
    '                            </p>\n' +
    '                            <p style="margin:0;color:#475569;">© 2026 Crammerly. All rights reserved.</p>\n' +
    '                        </td>\n' +
    '                    </tr>\n' +
    '                </table>\n' +
    '            </td>\n' +
    '        </tr>\n' +
    '    </table>\n' +
    '</body>\n' +
    '</html>\n',
  level: 'info',
  service: 'crammerly-backend',
  env: 'test',
  timestamp: '2026-04-02T11:28:09.919Z'
}
{
  service: 'crammerly-backend',
  env: 'test',
  method: 'POST',
  url: '/api/v1/auth/login',
  status: 200,
  requestId: '434f4b08-de3c-446b-ad12-8aee113949b2',
  durationMs: 436.84,
  payloadSize: 74,
  ip: '::ffff:127.0.0.1',
  userAgent: undefined,
  level: 'info',
  message: 'Request Completed: POST /api/v1/auth/login',
  timestamp: '2026-04-02T11:28:09.930Z'
}
{
  service: 'crammerly-backend',
  env: 'test',
  method: 'POST',
  url: '/api/v1/auth/refresh',
  status: 200,
  requestId: '9dbcf346-aec2-4f76-9331-abeb8c6f20da',
  durationMs: 17.97,
  payloadSize: 0,
  ip: '::ffff:127.0.0.1',
  userAgent: undefined,
  level: 'info',
  message: 'Request Completed: POST /api/v1/auth/refresh',
  timestamp: '2026-04-02T11:28:09.958Z'
}
{
  message: '🚨 CRITICAL: Refresh token reuse detected for user 69ce52c950abe5f6abf7fa36. Revoking session family.',
  level: 'error',
  service: 'crammerly-backend',
  env: 'test',
  timestamp: '2026-04-02T11:28:09.965Z'
}
{
  message: '[SECURITY ALERT] Token reuse detected for user 69ce52c950abe5f6abf7fa36!',
  level: 'error',
  service: 'crammerly-backend',
  env: 'test',
  timestamp: '2026-04-02T11:28:09.974Z'
}
{
  message: 'Refresh Token Error: Security breach detected: Token reuse',
  level: 'error',
  service: 'crammerly-backend',
  env: 'test',
  timestamp: '2026-04-02T11:28:09.978Z'
}
{
  service: 'crammerly-backend',
  env: 'test',
  requestId: 'a3459395-e14e-4909-a773-61fe4d230513',
  groupHash: '6f730a00',
  statusCode: 401,
  path: '/api/v1/auth/refresh',
  stack: 'Error: Security breach detected: Token reuse\n' +
    '    at rotateRefreshToken (C:\\Users\\Bushra\\shabucks\\backend\\utils\\tokenService.js:79:15)\n' +
    '    at processTicksAndRejections (node:internal/process/task_queues:105:5)\n' +
    '    at refreshAccessToken (C:\\Users\\Bushra\\shabucks\\backend\\controllers\\authController.js:320:33)',
  level: 'error',
  message: 'Error Handler: [AUTH_INVALID] Security breach detected: Token reuse',
  timestamp: '2026-04-02T11:28:09.979Z'
}
{
  service: 'crammerly-backend',
  env: 'test',
  method: 'POST',
  url: '/api/v1/auth/refresh',
  status: 401,
  requestId: 'a3459395-e14e-4909-a773-61fe4d230513',
  durationMs: 16.3,
  payloadSize: 0,
  ip: '::ffff:127.0.0.1',
  userAgent: undefined,
  level: 'warn',
  message: 'Request Warning: POST /api/v1/auth/refresh',
  timestamp: '2026-04-02T11:28:09.980Z'
}
  console.log
    
    ❌ FAILED [Reuse]: 401 {"success":false,"error":{"code":"AUTH_INVALID","http":401,"message":"Security breach detected: Token reuse","groupHash":"6f730a00","hint":"Double check your email and password, or try resetting it.","stack":"Error: Security breach detected: Token reuse\n    at rotateRefreshToken (C:\\Users\\Bushra\\shabucks\\backend\\utils\\tokenService.js:79:15)\n    at processTicksAndRejections (node:internal/process/task_queues:105:5)\n    at refreshAccessToken (C:\\Users\\Bushra\\shabucks\\backend\\controllers\\authController.js:320:33)"},"meta":{"timestamp":"2026-04-02T11:28:09.979Z","path":"/api/v1/auth/refresh","requestId":"a3459395-e14e-4909-a773-61fe4d230513"}}

      at check (tests/manual_checklist.test.js:23:21)

{
  message: '[DEV EMAIL] To: logoutall@crammerly.io | Subject: ✉️ Verify your Crammerly account\n' +
    '\n' +
    '<!DOCTYPE html>\n' +
    '<html lang="en">\n' +
    '<head>\n' +
    '    <meta charset="utf-8" />\n' +
    '    <meta name="viewport" content="width=device-width, initial-scale=1.0" />\n' +
    '    <title>Verify Your Email — Crammerly</title>\n' +
    '</head>\n' +
    `<body style="margin:0;padding:0;background-color:#0f172a;font-family:'Inter',Helvetica,Arial,sans-serif;color:#e2e8f0;">\n` +
    '    <table role="presentation" width="100%" cellpadding="0" cellspacing="0" style="background-color:#0f172a;padding:32px 0;">\n' +
    '        <tr>\n' +
    '            <td align="center">\n' +
    '                <table role="presentation" width="560" cellpadding="0" cellspacing="0"\n' +
    '                    style="background-color:#1e293b;border-radius:16px;overflow:hidden;max-width:560px;width:100%;">\n' +
    '                    <!-- Header -->\n' +
    '                    <tr>\n' +
    '                        <td style="background:linear-gradient(135deg,#6366f1 0%,#8b5cf6 100%);padding:28px 32px;text-align:center;">\n' +
    '                            <span style="font-size:28px;font-weight:800;color:#ffffff;letter-spacing:-0.5px;">📚 Crammerly</span>\n' +
    '                        </td>\n' +
    '                    </tr>\n' +
    '                    <!-- Body -->\n' +
    '                    <tr>\n' +
    '                        <td style="padding:32px 32px 24px 32px;color:#e2e8f0;font-size:15px;line-height:1.6;">\n' +
    '                            \n' +
    '            <h2 style="color:#f1f5f9;margin:0 0 16px 0;">Welcome to Crammerly, LogoutAll User!</h2>\n' +
    '            <p>Please verify your email address by clicking the button below.\n' +
    '               This link expires in <strong style="color:#f1f5f9;">24 hours</strong>.</p>\n' +
    '            <p style="text-align:center;margin:32px 0;">\n' +
    '                <a href="https://crammerly.io/verify-email/a1e7e64c874689668f3166d158e38abaf65840a631348509420a4e7b36d5b3b8"\n' +
    '                   style="background:linear-gradient(135deg,#6366f1,#8b5cf6);color:#fff;padding:14px 32px;border-radius:8px;\n' +
    '                          text-decoration:none;font-weight:bold;font-size:16px;display:inline-block;">\n' +
    '                    Verify Email\n' +
    '                </a>\n' +
    '            </p>\n' +
    '            <p style="font-size:13px;color:#94a3b8;">Or copy this link into your browser:<br/><a href="https://crammerly.io/verify-email/a1e7e64c874689668f3166d158e38abaf65840a631348509420a4e7b36d5b3b8" style="color:#818cf8;word-break:break-all;">https://crammerly.io/verify-email/a1e7e64c874689668f3166d158e38abaf65840a631348509420a4e7b36d5b3b8</a></p>\n' +
    "            <p>If you didn't create an account, you can safely ignore this email.</p>\n" +
    '        \n' +
    '                        </td>\n' +
    '                    </tr>\n' +
    '                    <!-- Footer -->\n' +
    '                    <tr>\n' +
    '                        <td style="padding:16px 32px 28px 32px;border-top:1px solid #334155;text-align:center;font-size:12px;color:#64748b;">\n' +
    '                            <p style="margin:0 0 8px 0;">\n' +
    '                                <a href="https://crammerly.io/privacy" style="color:#818cf8;text-decoration:none;">Privacy Policy</a>\n' +
    '                                &nbsp;·&nbsp;\n' +
    '                                <a href="https://crammerly.io/terms" style="color:#818cf8;text-decoration:none;">Terms of Service</a>\n' +
    '                            </p>\n' +
    '                            <p style="margin:0;color:#475569;">© 2026 Crammerly. All rights reserved.</p>\n' +
    '                        </td>\n' +
    '                    </tr>\n' +
    '                </table>\n' +
    '            </td>\n' +
    '        </tr>\n' +
    '    </table>\n' +
    '</body>\n' +
    '</html>\n',
  level: 'info',
  service: 'crammerly-backend',
  env: 'test',
  timestamp: '2026-04-02T11:28:10.581Z'
}
{
  service: 'crammerly-backend',
  env: 'test',
  method: 'POST',
  url: '/api/v1/auth/register',
  status: 201,
  requestId: 'd5b24777-1820-4a0a-95b4-8790bda08eb7',
  durationMs: 587.32,
  payloadSize: 101,
  ip: '::ffff:127.0.0.1',
  userAgent: undefined,
  level: 'info',
  message: 'Request Completed: POST /api/v1/auth/register',
  timestamp: '2026-04-02T11:28:10.586Z'
}
{
  message: '[SECURITY] New device login detected for user 69ce52ca50abe5f6abf7fa5b',
  level: 'warn',
  service: 'crammerly-backend',
  env: 'test',
  timestamp: '2026-04-02T11:28:11.026Z'
}
{
  message: '[DEV EMAIL] To: undefined | Subject: ⚠️ New Device Login — Crammerly\n' +
    '\n' +
    '<!DOCTYPE html>\n' +
    '<html lang="en">\n' +
    '<head>\n' +
    '    <meta charset="utf-8" />\n' +
    '    <meta name="viewport" content="width=device-width, initial-scale=1.0" />\n' +
    '    <title>New Device Login — Crammerly</title>\n' +
    '</head>\n' +
    `<body style="margin:0;padding:0;background-color:#0f172a;font-family:'Inter',Helvetica,Arial,sans-serif;color:#e2e8f0;">\n` +
    '    <table role="presentation" width="100%" cellpadding="0" cellspacing="0" style="background-color:#0f172a;padding:32px 0;">\n' +
    '        <tr>\n' +
    '            <td align="center">\n' +
    '                <table role="presentation" width="560" cellpadding="0" cellspacing="0"\n' +
    '                    style="background-color:#1e293b;border-radius:16px;overflow:hidden;max-width:560px;width:100%;">\n' +
    '                    <!-- Header -->\n' +
    '                    <tr>\n' +
    '                        <td style="background:linear-gradient(135deg,#6366f1 0%,#8b5cf6 100%);padding:28px 32px;text-align:center;">\n' +
    '                            <span style="font-size:28px;font-weight:800;color:#ffffff;letter-spacing:-0.5px;">📚 Crammerly</span>\n' +
    '                        </td>\n' +
    '                    </tr>\n' +
    '                    <!-- Body -->\n' +
    '                    <tr>\n' +
    '                        <td style="padding:32px 32px 24px 32px;color:#e2e8f0;font-size:15px;line-height:1.6;">\n' +
    '                            \n' +
    '            <h2 style="color:#f1f5f9;margin:0 0 16px 0;">New device login detected</h2>\n' +
    '            <p>Hi there,</p>\n' +
    '            <p>A sign-in was detected from a new device or location:</p>\n' +
    '            <table role="presentation" style="width:100%;margin:16px 0;border-collapse:collapse;">\n' +
    '                <tr><td style="padding:8px 0;color:#94a3b8;">Device</td><td style="padding:8px 0;color:#f1f5f9;font-weight:600;">Unknown Device</td></tr>\n' +
    '                <tr><td style="padding:8px 0;color:#94a3b8;">IP Address</td><td style="padding:8px 0;color:#f1f5f9;font-weight:600;">::ffff:127.0.0.1</td></tr>\n' +
    '                <tr><td style="padding:8px 0;color:#94a3b8;">Time</td><td style="padding:8px 0;color:#f1f5f9;font-weight:600;">Thu, 02 Apr 2026 11:28:11 GMT</td></tr>\n' +
    '            </table>\n' +
    '            <p>If this was you, you can ignore this email. If not, please\n' +
    '               <a href="https://crammerly.io/reset-password" style="color:#818cf8;">reset your password</a> immediately.</p>\n' +
    '        \n' +
    '                        </td>\n' +
    '                    </tr>\n' +
    '                    <!-- Footer -->\n' +
    '                    <tr>\n' +
    '                        <td style="padding:16px 32px 28px 32px;border-top:1px solid #334155;text-align:center;font-size:12px;color:#64748b;">\n' +
    '                            <p style="margin:0 0 8px 0;">\n' +
    '                                <a href="https://crammerly.io/privacy" style="color:#818cf8;text-decoration:none;">Privacy Policy</a>\n' +
    '                                &nbsp;·&nbsp;\n' +
    '                                <a href="https://crammerly.io/terms" style="color:#818cf8;text-decoration:none;">Terms of Service</a>\n' +
    '                            </p>\n' +
    '                            <p style="margin:0;color:#475569;">© 2026 Crammerly. All rights reserved.</p>\n' +
    '                        </td>\n' +
    '                    </tr>\n' +
    '                </table>\n' +
    '            </td>\n' +
    '        </tr>\n' +
    '    </table>\n' +
    '</body>\n' +
    '</html>\n',
  level: 'info',
  service: 'crammerly-backend',
  env: 'test',
  timestamp: '2026-04-02T11:28:11.027Z'
}
{
  service: 'crammerly-backend',
  env: 'test',
  method: 'POST',
  url: '/api/v1/auth/login',
  status: 200,
  requestId: '9d395b3a-e485-47a9-9bc8-f364ba8bfaf4',
  durationMs: 446.17,
  payloadSize: 77,
  ip: '::ffff:127.0.0.1',
  userAgent: undefined,
  level: 'info',
  message: 'Request Completed: POST /api/v1/auth/login',
  timestamp: '2026-04-02T11:28:11.040Z'
}
{
  service: 'crammerly-backend',
  env: 'test',
  method: 'POST',
  url: '/api/v1/auth/logout-all',
  status: 200,
  requestId: 'd5090427-0fab-46ae-9fcc-715607e81377',
  durationMs: 18.83,
  payloadSize: 0,
  ip: '::ffff:127.0.0.1',
  userAgent: undefined,
  level: 'info',
  message: 'Request Completed: POST /api/v1/auth/logout-all',
  timestamp: '2026-04-02T11:28:11.065Z'
}
{
  message: '[DEV EMAIL] To: security@crammerly.io | Subject: ✉️ Verify your Crammerly account\n' +
    '\n' +
    '<!DOCTYPE html>\n' +
    '<html lang="en">\n' +
    '<head>\n' +
    '    <meta charset="utf-8" />\n' +
    '    <meta name="viewport" content="width=device-width, initial-scale=1.0" />\n' +
    '    <title>Verify Your Email — Crammerly</title>\n' +
    '</head>\n' +
    `<body style="margin:0;padding:0;background-color:#0f172a;font-family:'Inter',Helvetica,Arial,sans-serif;color:#e2e8f0;">\n` +
    '    <table role="presentation" width="100%" cellpadding="0" cellspacing="0" style="background-color:#0f172a;padding:32px 0;">\n' +
    '        <tr>\n' +
    '            <td align="center">\n' +
    '                <table role="presentation" width="560" cellpadding="0" cellspacing="0"\n' +
    '                    style="background-color:#1e293b;border-radius:16px;overflow:hidden;max-width:560px;width:100%;">\n' +
    '                    <!-- Header -->\n' +
    '                    <tr>\n' +
    '                        <td style="background:linear-gradient(135deg,#6366f1 0%,#8b5cf6 100%);padding:28px 32px;text-align:center;">\n' +
    '                            <span style="font-size:28px;font-weight:800;color:#ffffff;letter-spacing:-0.5px;">📚 Crammerly</span>\n' +
    '                        </td>\n' +
    '                    </tr>\n' +
    '                    <!-- Body -->\n' +
    '                    <tr>\n' +
    '                        <td style="padding:32px 32px 24px 32px;color:#e2e8f0;font-size:15px;line-height:1.6;">\n' +
    '                            \n' +
    '            <h2 style="color:#f1f5f9;margin:0 0 16px 0;">Welcome to Crammerly, Security User!</h2>\n' +
    '            <p>Please verify your email address by clicking the button below.\n' +
    '               This link expires in <strong style="color:#f1f5f9;">24 hours</strong>.</p>\n' +
    '            <p style="text-align:center;margin:32px 0;">\n' +
    '                <a href="https://crammerly.io/verify-email/78b274f5e06c85568ea5cc6d9633e11edfb9cddce93fa5016310735b56089608"\n' +
    '                   style="background:linear-gradient(135deg,#6366f1,#8b5cf6);color:#fff;padding:14px 32px;border-radius:8px;\n' +
    '                          text-decoration:none;font-weight:bold;font-size:16px;display:inline-block;">\n' +
    '                    Verify Email\n' +
    '                </a>\n' +
    '            </p>\n' +
    '            <p style="font-size:13px;color:#94a3b8;">Or copy this link into your browser:<br/><a href="https://crammerly.io/verify-email/78b274f5e06c85568ea5cc6d9633e11edfb9cddce93fa5016310735b56089608" style="color:#818cf8;word-break:break-all;">https://crammerly.io/verify-email/78b274f5e06c85568ea5cc6d9633e11edfb9cddce93fa5016310735b56089608</a></p>\n' +
    "            <p>If you didn't create an account, you can safely ignore this email.</p>\n" +
    '        \n' +
    '                        </td>\n' +
    '                    </tr>\n' +
    '                    <!-- Footer -->\n' +
    '                    <tr>\n' +
    '                        <td style="padding:16px 32px 28px 32px;border-top:1px solid #334155;text-align:center;font-size:12px;color:#64748b;">\n' +
    '                            <p style="margin:0 0 8px 0;">\n' +
    '                                <a href="https://crammerly.io/privacy" style="color:#818cf8;text-decoration:none;">Privacy Policy</a>\n' +
    '                                &nbsp;·&nbsp;\n' +
    '                                <a href="https://crammerly.io/terms" style="color:#818cf8;text-decoration:none;">Terms of Service</a>\n' +
    '                            </p>\n' +
    '                            <p style="margin:0;color:#475569;">© 2026 Crammerly. All rights reserved.</p>\n' +
    '                        </td>\n' +
    '                    </tr>\n' +
    '                </table>\n' +
    '            </td>\n' +
    '        </tr>\n' +
    '    </table>\n' +
    '</body>\n' +
    '</html>\n',
  level: 'info',
  service: 'crammerly-backend',
  env: 'test',
  timestamp: '2026-04-02T11:28:11.607Z'
}
{
  service: 'crammerly-backend',
  env: 'test',
  method: 'POST',
  url: '/api/v1/auth/register',
  status: 201,
  requestId: 'c9f409a7-636e-494d-8749-a78e73e937a9',
  durationMs: 521.06,
  payloadSize: 99,
  ip: '::ffff:127.0.0.1',
  userAgent: undefined,
  level: 'info',
  message: 'Request Completed: POST /api/v1/auth/register',
  timestamp: '2026-04-02T11:28:11.610Z'
}
{
  message: '[SECURITY] New device login detected for user 69ce52cb50abe5f6abf7fa79',
  level: 'warn',
  service: 'crammerly-backend',
  env: 'test',
  timestamp: '2026-04-02T11:28:12.057Z'
}
{
  message: '[DEV EMAIL] To: undefined | Subject: ⚠️ New Device Login — Crammerly\n' +
    '\n' +
    '<!DOCTYPE html>\n' +
    '<html lang="en">\n' +
    '<head>\n' +
    '    <meta charset="utf-8" />\n' +
    '    <meta name="viewport" content="width=device-width, initial-scale=1.0" />\n' +
    '    <title>New Device Login — Crammerly</title>\n' +
    '</head>\n' +
    `<body style="margin:0;padding:0;background-color:#0f172a;font-family:'Inter',Helvetica,Arial,sans-serif;color:#e2e8f0;">\n` +
    '    <table role="presentation" width="100%" cellpadding="0" cellspacing="0" style="background-color:#0f172a;padding:32px 0;">\n' +
    '        <tr>\n' +
    '            <td align="center">\n' +
    '                <table role="presentation" width="560" cellpadding="0" cellspacing="0"\n' +
    '                    style="background-color:#1e293b;border-radius:16px;overflow:hidden;max-width:560px;width:100%;">\n' +
    '                    <!-- Header -->\n' +
    '                    <tr>\n' +
    '                        <td style="background:linear-gradient(135deg,#6366f1 0%,#8b5cf6 100%);padding:28px 32px;text-align:center;">\n' +
    '                            <span style="font-size:28px;font-weight:800;color:#ffffff;letter-spacing:-0.5px;">📚 Crammerly</span>\n' +
    '                        </td>\n' +
    '                    </tr>\n' +
    '                    <!-- Body -->\n' +
    '                    <tr>\n' +
    '                        <td style="padding:32px 32px 24px 32px;color:#e2e8f0;font-size:15px;line-height:1.6;">\n' +
    '                            \n' +
    '            <h2 style="color:#f1f5f9;margin:0 0 16px 0;">New device login detected</h2>\n' +
    '            <p>Hi there,</p>\n' +
    '            <p>A sign-in was detected from a new device or location:</p>\n' +
    '            <table role="presentation" style="width:100%;margin:16px 0;border-collapse:collapse;">\n' +
    '                <tr><td style="padding:8px 0;color:#94a3b8;">Device</td><td style="padding:8px 0;color:#f1f5f9;font-weight:600;">Unknown Device</td></tr>\n' +
    '                <tr><td style="padding:8px 0;color:#94a3b8;">IP Address</td><td style="padding:8px 0;color:#f1f5f9;font-weight:600;">::ffff:127.0.0.1</td></tr>\n' +
    '                <tr><td style="padding:8px 0;color:#94a3b8;">Time</td><td style="padding:8px 0;color:#f1f5f9;font-weight:600;">Thu, 02 Apr 2026 11:28:12 GMT</td></tr>\n' +
    '            </table>\n' +
    '            <p>If this was you, you can ignore this email. If not, please\n' +
    '               <a href="https://crammerly.io/reset-password" style="color:#818cf8;">reset your password</a> immediately.</p>\n' +
    '        \n' +
    '                        </td>\n' +
    '                    </tr>\n' +
    '                    <!-- Footer -->\n' +
    '                    <tr>\n' +
    '                        <td style="padding:16px 32px 28px 32px;border-top:1px solid #334155;text-align:center;font-size:12px;color:#64748b;">\n' +
    '                            <p style="margin:0 0 8px 0;">\n' +
    '                                <a href="https://crammerly.io/privacy" style="color:#818cf8;text-decoration:none;">Privacy Policy</a>\n' +
    '                                &nbsp;·&nbsp;\n' +
    '                                <a href="https://crammerly.io/terms" style="color:#818cf8;text-decoration:none;">Terms of Service</a>\n' +
    '                            </p>\n' +
    '                            <p style="margin:0;color:#475569;">© 2026 Crammerly. All rights reserved.</p>\n' +
    '                        </td>\n' +
    '                    </tr>\n' +
    '                </table>\n' +
    '            </td>\n' +
    '        </tr>\n' +
    '    </table>\n' +
    '</body>\n' +
    '</html>\n',
  level: 'info',
  service: 'crammerly-backend',
  env: 'test',
  timestamp: '2026-04-02T11:28:12.057Z'
}
{
  service: 'crammerly-backend',
  env: 'test',
  method: 'POST',
  url: '/api/v1/auth/login',
  status: 200,
  requestId: 'a1a8e8df-401d-4a95-aab4-1d7377957417',
  durationMs: 446.04,
  payloadSize: 76,
  ip: '::ffff:127.0.0.1',
  userAgent: undefined,
  level: 'info',
  message: 'Request Completed: POST /api/v1/auth/login',
  timestamp: '2026-04-02T11:28:12.066Z'
}
{
  message: '[SECURITY] Password changed for user 69ce52cb50abe5f6abf7fa79',
  level: 'warn',
  service: 'crammerly-backend',
  env: 'test',
  timestamp: '2026-04-02T11:28:12.656Z'
}
{
  message: '[DEV EMAIL] To: security@crammerly.io | Subject: 🔒 Your Crammerly password was changed\n' +
    '\n' +
    '<!DOCTYPE html>\n' +
    '<html lang="en">\n' +
    '<head>\n' +
    '    <meta charset="utf-8" />\n' +
    '    <meta name="viewport" content="width=device-width, initial-scale=1.0" />\n' +
    '    <title>Password Changed — Crammerly</title>\n' +
    '</head>\n' +
    `<body style="margin:0;padding:0;background-color:#0f172a;font-family:'Inter',Helvetica,Arial,sans-serif;color:#e2e8f0;">\n` +
    '    <table role="presentation" width="100%" cellpadding="0" cellspacing="0" style="background-color:#0f172a;padding:32px 0;">\n' +
    '        <tr>\n' +
    '            <td align="center">\n' +
    '                <table role="presentation" width="560" cellpadding="0" cellspacing="0"\n' +
    '                    style="background-color:#1e293b;border-radius:16px;overflow:hidden;max-width:560px;width:100%;">\n' +
    '                    <!-- Header -->\n' +
    '                    <tr>\n' +
    '                        <td style="background:linear-gradient(135deg,#6366f1 0%,#8b5cf6 100%);padding:28px 32px;text-align:center;">\n' +
    '                            <span style="font-size:28px;font-weight:800;color:#ffffff;letter-spacing:-0.5px;">📚 Crammerly</span>\n' +
    '                        </td>\n' +
    '                    </tr>\n' +
    '                    <!-- Body -->\n' +
    '                    <tr>\n' +
    '                        <td style="padding:32px 32px 24px 32px;color:#e2e8f0;font-size:15px;line-height:1.6;">\n' +
    '                            \n' +
    '            <h2 style="color:#f1f5f9;margin:0 0 16px 0;">Password changed</h2>\n' +
    '            <p>Hi Security User,</p>\n' +
    '            <p>Your Crammerly account password was just changed.</p>\n' +
    '            <p>If this was you, no action is needed. If you did not make this change,\n' +
    '               <a href="https://crammerly.io/forgot-password" style="color:#818cf8;">reset your password</a> immediately\n' +
    '               and contact support.</p>\n' +
    '        \n' +
    '                        </td>\n' +
    '                    </tr>\n' +
    '                    <!-- Footer -->\n' +
    '                    <tr>\n' +
    '                        <td style="padding:16px 32px 28px 32px;border-top:1px solid #334155;text-align:center;font-size:12px;color:#64748b;">\n' +
    '                            <p style="margin:0 0 8px 0;">\n' +
    '                                <a href="https://crammerly.io/privacy" style="color:#818cf8;text-decoration:none;">Privacy Policy</a>\n' +
    '                                &nbsp;·&nbsp;\n' +
    '                                <a href="https://crammerly.io/terms" style="color:#818cf8;text-decoration:none;">Terms of Service</a>\n' +
    '                            </p>\n' +
    '                            <p style="margin:0;color:#475569;">© 2026 Crammerly. All rights reserved.</p>\n' +
    '                        </td>\n' +
    '                    </tr>\n' +
    '                </table>\n' +
    '            </td>\n' +
    '        </tr>\n' +
    '    </table>\n' +
    '</body>\n' +
    '</html>\n',
  level: 'info',
  service: 'crammerly-backend',
  env: 'test',
  timestamp: '2026-04-02T11:28:12.656Z'
}
{
  service: 'crammerly-backend',
  env: 'test',
  method: 'PUT',
  url: '/api/v1/auth/profile',
  status: 200,
  requestId: '197e1846-2e58-4190-be0a-2b17d04730c8',
  durationMs: 1020.23,
  payloadSize: 49,
  ip: '::ffff:127.0.0.1',
  userAgent: undefined,
  level: 'info',
  message: 'Request Completed: PUT /api/v1/auth/profile',
  timestamp: '2026-04-02T11:28:13.096Z'
}
{
  message: 'SECURITY ALERT: Token version mismatch for user 69ce52cb50abe5f6abf7fa79 (expected v1, got v0). Revoking access.',
  level: 'warn',
  service: 'crammerly-backend',
  env: 'test',
  timestamp: '2026-04-02T11:28:13.109Z'
}
{
  service: 'crammerly-backend',
  env: 'test',
  requestId: 'c4f7448c-da82-4e7e-9f6a-ef73010e3b8e',
  groupHash: 'd8ffc9a9',
  statusCode: 401,
  path: '/api/v1/auth/profile',
  stack: 'Error: Security policy update: Your session has been revoked. Please log in again.\n' +
    '    at protect (C:\\Users\\Bushra\\shabucks\\backend\\middleware\\auth.js:44:25)\n' +
    '    at processTicksAndRejections (node:internal/process/task_queues:105:5)',
  level: 'error',
  message: 'Error Handler: [AUTH_SESSION_REVOKED] Security policy update: Your session has been revoked. Please log in again.',
  timestamp: '2026-04-02T11:28:13.110Z'
}
{
  service: 'crammerly-backend',
  env: 'test',
  method: 'GET',
  url: '/api/v1/auth/profile',
  status: 401,
  requestId: 'c4f7448c-da82-4e7e-9f6a-ef73010e3b8e',
  durationMs: 5.14,
  payloadSize: 0,
  ip: '::ffff:127.0.0.1',
  userAgent: undefined,
  level: 'warn',
  message: 'Request Warning: GET /api/v1/auth/profile',
  timestamp: '2026-04-02T11:28:13.111Z'
}
{
  message: '[DEV EMAIL] To: reset@crammerly.io | Subject: ✉️ Verify your Crammerly account\n' +
    '\n' +
    '<!DOCTYPE html>\n' +
    '<html lang="en">\n' +
    '<head>\n' +
    '    <meta charset="utf-8" />\n' +
    '    <meta name="viewport" content="width=device-width, initial-scale=1.0" />\n' +
    '    <title>Verify Your Email — Crammerly</title>\n' +
    '</head>\n' +
    `<body style="margin:0;padding:0;background-color:#0f172a;font-family:'Inter',Helvetica,Arial,sans-serif;color:#e2e8f0;">\n` +
    '    <table role="presentation" width="100%" cellpadding="0" cellspacing="0" style="background-color:#0f172a;padding:32px 0;">\n' +
    '        <tr>\n' +
    '            <td align="center">\n' +
    '                <table role="presentation" width="560" cellpadding="0" cellspacing="0"\n' +
    '                    style="background-color:#1e293b;border-radius:16px;overflow:hidden;max-width:560px;width:100%;">\n' +
    '                    <!-- Header -->\n' +
    '                    <tr>\n' +
    '                        <td style="background:linear-gradient(135deg,#6366f1 0%,#8b5cf6 100%);padding:28px 32px;text-align:center;">\n' +
    '                            <span style="font-size:28px;font-weight:800;color:#ffffff;letter-spacing:-0.5px;">📚 Crammerly</span>\n' +
    '                        </td>\n' +
    '                    </tr>\n' +
    '                    <!-- Body -->\n' +
    '                    <tr>\n' +
    '                        <td style="padding:32px 32px 24px 32px;color:#e2e8f0;font-size:15px;line-height:1.6;">\n' +
    '                            \n' +
    '            <h2 style="color:#f1f5f9;margin:0 0 16px 0;">Welcome to Crammerly, Reset User!</h2>\n' +
    '            <p>Please verify your email address by clicking the button below.\n' +
    '               This link expires in <strong style="color:#f1f5f9;">24 hours</strong>.</p>\n' +
    '            <p style="text-align:center;margin:32px 0;">\n' +
    '                <a href="https://crammerly.io/verify-email/9395be145d8de6446a3b7fe70cb6d0bf2acc1f182ed8d1ed547e25d7281ff05e"\n' +
    '                   style="background:linear-gradient(135deg,#6366f1,#8b5cf6);color:#fff;padding:14px 32px;border-radius:8px;\n' +
    '                          text-decoration:none;font-weight:bold;font-size:16px;display:inline-block;">\n' +
    '                    Verify Email\n' +
    '                </a>\n' +
    '            </p>\n' +
    '            <p style="font-size:13px;color:#94a3b8;">Or copy this link into your browser:<br/><a href="https://crammerly.io/verify-email/9395be145d8de6446a3b7fe70cb6d0bf2acc1f182ed8d1ed547e25d7281ff05e" style="color:#818cf8;word-break:break-all;">https://crammerly.io/verify-email/9395be145d8de6446a3b7fe70cb6d0bf2acc1f182ed8d1ed547e25d7281ff05e</a></p>\n' +
    "            <p>If you didn't create an account, you can safely ignore this email.</p>\n" +
    '        \n' +
    '                        </td>\n' +
    '                    </tr>\n' +
    '                    <!-- Footer -->\n' +
    '                    <tr>\n' +
    '                        <td style="padding:16px 32px 28px 32px;border-top:1px solid #334155;text-align:center;font-size:12px;color:#64748b;">\n' +
    '                            <p style="margin:0 0 8px 0;">\n' +
    '                                <a href="https://crammerly.io/privacy" style="color:#818cf8;text-decoration:none;">Privacy Policy</a>\n' +
    '                                &nbsp;·&nbsp;\n' +
    '                                <a href="https://crammerly.io/terms" style="color:#818cf8;text-decoration:none;">Terms of Service</a>\n' +
    '                            </p>\n' +
    '                            <p style="margin:0;color:#475569;">© 2026 Crammerly. All rights reserved.</p>\n' +
    '                        </td>\n' +
    '                    </tr>\n' +
    '                </table>\n' +
    '            </td>\n' +
    '        </tr>\n' +
    '    </table>\n' +
    '</body>\n' +
    '</html>\n',
  level: 'info',
  service: 'crammerly-backend',
  env: 'test',
  timestamp: '2026-04-02T11:28:13.789Z'
}
{
  service: 'crammerly-backend',
  env: 'test',
  method: 'POST',
  url: '/api/v1/auth/register',
  status: 201,
  requestId: 'cd86886e-0f83-4792-b75d-66b2bc2a479e',
  durationMs: 662.53,
  payloadSize: 93,
  ip: '::ffff:127.0.0.1',
  userAgent: undefined,
  level: 'info',
  message: 'Request Completed: POST /api/v1/auth/register',
  timestamp: '2026-04-02T11:28:13.791Z'
}
{
  message: '[DEV EMAIL] To: reset@crammerly.io | Subject: 🔑 Reset your Crammerly password\n' +
    '\n' +
    '<!DOCTYPE html>\n' +
    '<html lang="en">\n' +
    '<head>\n' +
    '    <meta charset="utf-8" />\n' +
    '    <meta name="viewport" content="width=device-width, initial-scale=1.0" />\n' +
    '    <title>Password Reset — Crammerly</title>\n' +
    '</head>\n' +
    `<body style="margin:0;padding:0;background-color:#0f172a;font-family:'Inter',Helvetica,Arial,sans-serif;color:#e2e8f0;">\n` +
    '    <table role="presentation" width="100%" cellpadding="0" cellspacing="0" style="background-color:#0f172a;padding:32px 0;">\n' +
    '        <tr>\n' +
    '            <td align="center">\n' +
    '                <table role="presentation" width="560" cellpadding="0" cellspacing="0"\n' +
    '                    style="background-color:#1e293b;border-radius:16px;overflow:hidden;max-width:560px;width:100%;">\n' +
    '                    <!-- Header -->\n' +
    '                    <tr>\n' +
    '                        <td style="background:linear-gradient(135deg,#6366f1 0%,#8b5cf6 100%);padding:28px 32px;text-align:center;">\n' +
    '                            <span style="font-size:28px;font-weight:800;color:#ffffff;letter-spacing:-0.5px;">📚 Crammerly</span>\n' +
    '                        </td>\n' +
    '                    </tr>\n' +
    '                    <!-- Body -->\n' +
    '                    <tr>\n' +
    '                        <td style="padding:32px 32px 24px 32px;color:#e2e8f0;font-size:15px;line-height:1.6;">\n' +
    '                            \n' +
    '            <h2 style="color:#f1f5f9;margin:0 0 16px 0;">Password Reset Request</h2>\n' +
    '            <p>Hi Reset User,</p>\n' +
    '            <p>We received a request to reset your password. Click the button below to set a new one.\n' +
    '               This link expires in <strong style="color:#f1f5f9;">15 minutes</strong>.</p>\n' +
    '            <p style="text-align:center;margin:32px 0;">\n' +
    '                <a href="https://crammerly.io/reset-password/323f5425cd9943157ad9372673b7aa4606569fdf30ee914d5f40e66725a9f155"\n' +
    '                   style="background:linear-gradient(135deg,#6366f1,#8b5cf6);color:#fff;padding:14px 32px;border-radius:8px;\n' +
    '                          text-decoration:none;font-weight:bold;font-size:16px;display:inline-block;">\n' +
    '                    Reset Password\n' +
    '                </a>\n' +
    '            </p>\n' +
    '            <p style="font-size:13px;color:#94a3b8;">Or copy this link into your browser:<br/><a href="https://crammerly.io/reset-password/323f5425cd9943157ad9372673b7aa4606569fdf30ee914d5f40e66725a9f155" style="color:#818cf8;word-break:break-all;">https://crammerly.io/reset-password/323f5425cd9943157ad9372673b7aa4606569fdf30ee914d5f40e66725a9f155</a></p>\n' +
    "            <p>If you didn't request a password reset, you can safely ignore this email.\n" +
    '               Your password will not change.</p>\n' +
    '        \n' +
    '                        </td>\n' +
    '                    </tr>\n' +
    '                    <!-- Footer -->\n' +
    '                    <tr>\n' +
    '                        <td style="padding:16px 32px 28px 32px;border-top:1px solid #334155;text-align:center;font-size:12px;color:#64748b;">\n' +
    '                            <p style="margin:0 0 8px 0;">\n' +
    '                                <a href="https://crammerly.io/privacy" style="color:#818cf8;text-decoration:none;">Privacy Policy</a>\n' +
    '                                &nbsp;·&nbsp;\n' +
    '                                <a href="https://crammerly.io/terms" style="color:#818cf8;text-decoration:none;">Terms of Service</a>\n' +
    '                            </p>\n' +
    '                            <p style="margin:0;color:#475569;">© 2026 Crammerly. All rights reserved.</p>\n' +
    '                        </td>\n' +
    '                    </tr>\n' +
    '                </table>\n' +
    '            </td>\n' +
    '        </tr>\n' +
    '    </table>\n' +
    '</body>\n' +
    '</html>\n',
  level: 'info',
  service: 'crammerly-backend',
  env: 'test',
  timestamp: '2026-04-02T11:28:13.807Z'
}
{
  service: 'crammerly-backend',
  env: 'test',
  method: 'POST',
  url: '/api/v1/auth/forgot-password',
  status: 200,
  requestId: 'f955c83c-2126-49bb-8986-17242bb219d9',
  durationMs: 13.2,
  payloadSize: 30,
  ip: '::ffff:127.0.0.1',
  userAgent: undefined,
  level: 'info',
  message: 'Request Completed: POST /api/v1/auth/forgot-password',
  timestamp: '2026-04-02T11:28:13.809Z'
}
{
  service: 'crammerly-backend',
  env: 'test',
  method: 'POST',
  url: '/api/v1/auth/reset-password/323f5425cd9943157ad9372673b7aa4606569fdf30ee914d5f40e66725a9f155',
  status: 200,
  requestId: '35d9c58c-35de-43b9-a77e-e29a013c31b8',
  durationMs: 910.79,
  payloadSize: 62,
  ip: '::ffff:127.0.0.1',
  userAgent: undefined,
  level: 'info',
  message: 'Request Completed: POST /api/v1/auth/reset-password/323f5425cd9943157ad9372673b7aa4606569fdf30ee914d5f40e66725a9f155',
  timestamp: '2026-04-02T11:28:14.725Z'
}
{
  service: 'crammerly-backend',
  env: 'test',
  requestId: '35d9c58c-35de-43b9-a77e-e29a013c31b8',
  errorMessage: 'Operation interrupted because client was closed',
  level: 'error',
  message: 'CRITICAL: Audit logging failed',
  timestamp: '2026-04-02T11:28:14.730Z'
}
  console.log
    MongoMemoryServer stopped.

      at Object.<anonymous> (tests/setup.js:42:17)

PASS tests/manual_checklist.test.js (14.155 s)
  🚀 PRODUCTION READINESS: Auth Checklist Verification
    √ ✅ Requirement: Register & Email Verify (799 ms)
    √ ✅ Requirement: Login & Tokens (1081 ms)
    √ ✅ Requirement: Captcha Trigger & Lockout (2799 ms)
    √ ✅ Requirement: Refresh Rotation & Token Reuse Detection (1022 ms)
    √ ✅ Requirement: Logout All Devices (1091 ms)
    √ ✅ Requirement: Password Security (2038 ms)
    √ ✅ Requirement: Reset Password Flow (1615 ms)

  console.log
    [dotenv@17.2.3] injecting env (0) from .env.test -- tip: ⚙️  override existing env vars with { override: true }

      at _log (../node_modules/dotenv/lib/main.js:142:11)

  console.log
    [dotenv@17.2.3] injecting env (12) from .env -- tip: ⚙️  write to custom object with { processEnv: myObject }

      at _log (../node_modules/dotenv/lib/main.js:142:11)

  console.log
    Starting MongoMemoryServer...

      at Object.<anonymous> (tests/setup.js:10:13)

  console.log
    MongoMemoryServer started at: mongodb://127.0.0.1:50118/

      at Object.<anonymous> (tests/setup.js:19:17)

  console.log
    Mongoose connected.

      at Object.<anonymous> (tests/setup.js:22:17)

{
  message: '[DEV EMAIL] To: e2e@example.com | Subject: ✉️ Verify your Crammerly account\n' +
    '\n' +
    '<!DOCTYPE html>\n' +
    '<html lang="en">\n' +
    '<head>\n' +
    '    <meta charset="utf-8" />\n' +
    '    <meta name="viewport" content="width=device-width, initial-scale=1.0" />\n' +
    '    <title>Verify Your Email — Crammerly</title>\n' +
    '</head>\n' +
    `<body style="margin:0;padding:0;background-color:#0f172a;font-family:'Inter',Helvetica,Arial,sans-serif;color:#e2e8f0;">\n` +
    '    <table role="presentation" width="100%" cellpadding="0" cellspacing="0" style="background-color:#0f172a;padding:32px 0;">\n' +
    '        <tr>\n' +
    '            <td align="center">\n' +
    '                <table role="presentation" width="560" cellpadding="0" cellspacing="0"\n' +
    '                    style="background-color:#1e293b;border-radius:16px;overflow:hidden;max-width:560px;width:100%;">\n' +
    '                    <!-- Header -->\n' +
    '                    <tr>\n' +
    '                        <td style="background:linear-gradient(135deg,#6366f1 0%,#8b5cf6 100%);padding:28px 32px;text-align:center;">\n' +
    '                            <span style="font-size:28px;font-weight:800;color:#ffffff;letter-spacing:-0.5px;">📚 Crammerly</span>\n' +
    '                        </td>\n' +
    '                    </tr>\n' +
    '                    <!-- Body -->\n' +
    '                    <tr>\n' +
    '                        <td style="padding:32px 32px 24px 32px;color:#e2e8f0;font-size:15px;line-height:1.6;">\n' +
    '                            \n' +
    '            <h2 style="color:#f1f5f9;margin:0 0 16px 0;">Welcome to Crammerly, E2E User!</h2>\n' +
    '            <p>Please verify your email address by clicking the button below.\n' +
    '               This link expires in <strong style="color:#f1f5f9;">24 hours</strong>.</p>\n' +
    '            <p style="text-align:center;margin:32px 0;">\n' +
    '                <a href="https://crammerly.io/verify-email/9309276395d2aed2f7820f29c81c25f98a2f496e30df3cf5020c9f8129d08e5b"\n' +
    '                   style="background:linear-gradient(135deg,#6366f1,#8b5cf6);color:#fff;padding:14px 32px;border-radius:8px;\n' +
    '                          text-decoration:none;font-weight:bold;font-size:16px;display:inline-block;">\n' +
    '                    Verify Email\n' +
    '                </a>\n' +
    '            </p>\n' +
    '            <p style="font-size:13px;color:#94a3b8;">Or copy this link into your browser:<br/><a href="https://crammerly.io/verify-email/9309276395d2aed2f7820f29c81c25f98a2f496e30df3cf5020c9f8129d08e5b" style="color:#818cf8;word-break:break-all;">https://crammerly.io/verify-email/9309276395d2aed2f7820f29c81c25f98a2f496e30df3cf5020c9f8129d08e5b</a></p>\n' +
    "            <p>If you didn't create an account, you can safely ignore this email.</p>\n" +
    '        \n' +
    '                        </td>\n' +
    '                    </tr>\n' +
    '                    <!-- Footer -->\n' +
    '                    <tr>\n' +
    '                        <td style="padding:16px 32px 28px 32px;border-top:1px solid #334155;text-align:center;font-size:12px;color:#64748b;">\n' +
    '                            <p style="margin:0 0 8px 0;">\n' +
    '                                <a href="https://crammerly.io/privacy" style="color:#818cf8;text-decoration:none;">Privacy Policy</a>\n' +
    '                                &nbsp;·&nbsp;\n' +
    '                                <a href="https://crammerly.io/terms" style="color:#818cf8;text-decoration:none;">Terms of Service</a>\n' +
    '                            </p>\n' +
    '                            <p style="margin:0;color:#475569;">© 2026 Crammerly. All rights reserved.</p>\n' +
    '                        </td>\n' +
    '                    </tr>\n' +
    '                </table>\n' +
    '            </td>\n' +
    '        </tr>\n' +
    '    </table>\n' +
    '</body>\n' +
    '</html>\n',
  level: 'info',
  service: 'crammerly-backend',
  env: 'test',
  timestamp: '2026-04-02T11:28:19.657Z'
}
{
  service: 'crammerly-backend',
  env: 'test',
  method: 'POST',
  url: '/api/v1/auth/register',
  status: 201,
  requestId: 'dc6a9c50-e88b-4ce4-baa1-5f6db798933e',
  durationMs: 718.9,
  payloadSize: 93,
  ip: '::ffff:127.0.0.1',
  userAgent: undefined,
  level: 'info',
  message: 'Request Completed: POST /api/v1/auth/register',
  timestamp: '2026-04-02T11:28:19.663Z'
}
{
  message: '[SECURITY] New device login detected for user 69ce52d38267bae86deedeec',
  level: 'warn',
  service: 'crammerly-backend',
  env: 'test',
  timestamp: '2026-04-02T11:28:20.140Z'
}
{
  message: '[DEV EMAIL] To: undefined | Subject: ⚠️ New Device Login — Crammerly\n' +
    '\n' +
    '<!DOCTYPE html>\n' +
    '<html lang="en">\n' +
    '<head>\n' +
    '    <meta charset="utf-8" />\n' +
    '    <meta name="viewport" content="width=device-width, initial-scale=1.0" />\n' +
    '    <title>New Device Login — Crammerly</title>\n' +
    '</head>\n' +
    `<body style="margin:0;padding:0;background-color:#0f172a;font-family:'Inter',Helvetica,Arial,sans-serif;color:#e2e8f0;">\n` +
    '    <table role="presentation" width="100%" cellpadding="0" cellspacing="0" style="background-color:#0f172a;padding:32px 0;">\n' +
    '        <tr>\n' +
    '            <td align="center">\n' +
    '                <table role="presentation" width="560" cellpadding="0" cellspacing="0"\n' +
    '                    style="background-color:#1e293b;border-radius:16px;overflow:hidden;max-width:560px;width:100%;">\n' +
    '                    <!-- Header -->\n' +
    '                    <tr>\n' +
    '                        <td style="background:linear-gradient(135deg,#6366f1 0%,#8b5cf6 100%);padding:28px 32px;text-align:center;">\n' +
    '                            <span style="font-size:28px;font-weight:800;color:#ffffff;letter-spacing:-0.5px;">📚 Crammerly</span>\n' +
    '                        </td>\n' +
    '                    </tr>\n' +
    '                    <!-- Body -->\n' +
    '                    <tr>\n' +
    '                        <td style="padding:32px 32px 24px 32px;color:#e2e8f0;font-size:15px;line-height:1.6;">\n' +
    '                            \n' +
    '            <h2 style="color:#f1f5f9;margin:0 0 16px 0;">New device login detected</h2>\n' +
    '            <p>Hi there,</p>\n' +
    '            <p>A sign-in was detected from a new device or location:</p>\n' +
    '            <table role="presentation" style="width:100%;margin:16px 0;border-collapse:collapse;">\n' +
    '                <tr><td style="padding:8px 0;color:#94a3b8;">Device</td><td style="padding:8px 0;color:#f1f5f9;font-weight:600;">Unknown Device</td></tr>\n' +
    '                <tr><td style="padding:8px 0;color:#94a3b8;">IP Address</td><td style="padding:8px 0;color:#f1f5f9;font-weight:600;">::ffff:127.0.0.1</td></tr>\n' +
    '                <tr><td style="padding:8px 0;color:#94a3b8;">Time</td><td style="padding:8px 0;color:#f1f5f9;font-weight:600;">Thu, 02 Apr 2026 11:28:20 GMT</td></tr>\n' +
    '            </table>\n' +
    '            <p>If this was you, you can ignore this email. If not, please\n' +
    '               <a href="https://crammerly.io/reset-password" style="color:#818cf8;">reset your password</a> immediately.</p>\n' +
    '        \n' +
    '                        </td>\n' +
    '                    </tr>\n' +
    '                    <!-- Footer -->\n' +
    '                    <tr>\n' +
    '                        <td style="padding:16px 32px 28px 32px;border-top:1px solid #334155;text-align:center;font-size:12px;color:#64748b;">\n' +
    '                            <p style="margin:0 0 8px 0;">\n' +
    '                                <a href="https://crammerly.io/privacy" style="color:#818cf8;text-decoration:none;">Privacy Policy</a>\n' +
    '                                &nbsp;·&nbsp;\n' +
    '                                <a href="https://crammerly.io/terms" style="color:#818cf8;text-decoration:none;">Terms of Service</a>\n' +
    '                            </p>\n' +
    '                            <p style="margin:0;color:#475569;">© 2026 Crammerly. All rights reserved.</p>\n' +
    '                        </td>\n' +
    '                    </tr>\n' +
    '                </table>\n' +
    '            </td>\n' +
    '        </tr>\n' +
    '    </table>\n' +
    '</body>\n' +
    '</html>\n',
  level: 'info',
  service: 'crammerly-backend',
  env: 'test',
  timestamp: '2026-04-02T11:28:20.140Z'
}
{
  service: 'crammerly-backend',
  env: 'test',
  method: 'POST',
  url: '/api/v1/auth/login',
  status: 200,
  requestId: '56e573f4-16bb-46ae-9345-80efeda3a5f5',
  durationMs: 475.56,
  payloadSize: 75,
  ip: '::ffff:127.0.0.1',
  userAgent: undefined,
  level: 'info',
  message: 'Request Completed: POST /api/v1/auth/login',
  timestamp: '2026-04-02T11:28:20.162Z'
}
{
  service: 'crammerly-backend',
  env: 'test',
  method: 'GET',
  url: '/api/v1/auth/profile',
  status: 200,
  requestId: 'ac84339e-cf5a-4df1-ad94-8b4d12c6192f',
  durationMs: 14.76,
  payloadSize: 0,
  ip: '::ffff:127.0.0.1',
  userAgent: undefined,
  level: 'info',
  message: 'Request Completed: GET /api/v1/auth/profile',
  timestamp: '2026-04-02T11:28:20.190Z'
}
{
  service: 'crammerly-backend',
  env: 'test',
  method: 'POST',
  url: '/api/v1/auth/logout',
  status: 200,
  requestId: 'd2b8048b-dfe7-4994-a0a2-ef46ec661848',
  durationMs: 19.91,
  payloadSize: 0,
  ip: '::ffff:127.0.0.1',
  userAgent: undefined,
  level: 'info',
  message: 'Request Completed: POST /api/v1/auth/logout',
  timestamp: '2026-04-02T11:28:20.214Z'
}
{
  message: '[DEV EMAIL] To: e2e@example.com | Subject: ✉️ Verify your Crammerly account\n' +
    '\n' +
    '<!DOCTYPE html>\n' +
    '<html lang="en">\n' +
    '<head>\n' +
    '    <meta charset="utf-8" />\n' +
    '    <meta name="viewport" content="width=device-width, initial-scale=1.0" />\n' +
    '    <title>Verify Your Email — Crammerly</title>\n' +
    '</head>\n' +
    `<body style="margin:0;padding:0;background-color:#0f172a;font-family:'Inter',Helvetica,Arial,sans-serif;color:#e2e8f0;">\n` +
    '    <table role="presentation" width="100%" cellpadding="0" cellspacing="0" style="background-color:#0f172a;padding:32px 0;">\n' +
    '        <tr>\n' +
    '            <td align="center">\n' +
    '                <table role="presentation" width="560" cellpadding="0" cellspacing="0"\n' +
    '                    style="background-color:#1e293b;border-radius:16px;overflow:hidden;max-width:560px;width:100%;">\n' +
    '                    <!-- Header -->\n' +
    '                    <tr>\n' +
    '                        <td style="background:linear-gradient(135deg,#6366f1 0%,#8b5cf6 100%);padding:28px 32px;text-align:center;">\n' +
    '                            <span style="font-size:28px;font-weight:800;color:#ffffff;letter-spacing:-0.5px;">📚 Crammerly</span>\n' +
    '                        </td>\n' +
    '                    </tr>\n' +
    '                    <!-- Body -->\n' +
    '                    <tr>\n' +
    '                        <td style="padding:32px 32px 24px 32px;color:#e2e8f0;font-size:15px;line-height:1.6;">\n' +
    '                            \n' +
    '            <h2 style="color:#f1f5f9;margin:0 0 16px 0;">Welcome to Crammerly, E2E User!</h2>\n' +
    '            <p>Please verify your email address by clicking the button below.\n' +
    '               This link expires in <strong style="color:#f1f5f9;">24 hours</strong>.</p>\n' +
    '            <p style="text-align:center;margin:32px 0;">\n' +
    '                <a href="https://crammerly.io/verify-email/687060b03d96febbe606a18e77011379fd46f604321cef429bd1317bfb573e71"\n' +
    '                   style="background:linear-gradient(135deg,#6366f1,#8b5cf6);color:#fff;padding:14px 32px;border-radius:8px;\n' +
    '                          text-decoration:none;font-weight:bold;font-size:16px;display:inline-block;">\n' +
    '                    Verify Email\n' +
    '                </a>\n' +
    '            </p>\n' +
    '            <p style="font-size:13px;color:#94a3b8;">Or copy this link into your browser:<br/><a href="https://crammerly.io/verify-email/687060b03d96febbe606a18e77011379fd46f604321cef429bd1317bfb573e71" style="color:#818cf8;word-break:break-all;">https://crammerly.io/verify-email/687060b03d96febbe606a18e77011379fd46f604321cef429bd1317bfb573e71</a></p>\n' +
    "            <p>If you didn't create an account, you can safely ignore this email.</p>\n" +
    '        \n' +
    '                        </td>\n' +
    '                    </tr>\n' +
    '                    <!-- Footer -->\n' +
    '                    <tr>\n' +
    '                        <td style="padding:16px 32px 28px 32px;border-top:1px solid #334155;text-align:center;font-size:12px;color:#64748b;">\n' +
    '                            <p style="margin:0 0 8px 0;">\n' +
    '                                <a href="https://crammerly.io/privacy" style="color:#818cf8;text-decoration:none;">Privacy Policy</a>\n' +
    '                                &nbsp;·&nbsp;\n' +
    '                                <a href="https://crammerly.io/terms" style="color:#818cf8;text-decoration:none;">Terms of Service</a>\n' +
    '                            </p>\n' +
    '                            <p style="margin:0;color:#475569;">© 2026 Crammerly. All rights reserved.</p>\n' +
    '                        </td>\n' +
    '                    </tr>\n' +
    '                </table>\n' +
    '            </td>\n' +
    '        </tr>\n' +
    '    </table>\n' +
    '</body>\n' +
    '</html>\n',
  level: 'info',
  service: 'crammerly-backend',
  env: 'test',
  timestamp: '2026-04-02T11:28:20.842Z'
}
{
  service: 'crammerly-backend',
  env: 'test',
  method: 'POST',
  url: '/api/v1/auth/register',
  status: 201,
  requestId: '07831739-a74a-4292-9354-ffcfe9c7f61d',
  durationMs: 597.9,
  payloadSize: 93,
  ip: '::ffff:127.0.0.1',
  userAgent: undefined,
  level: 'info',
  message: 'Request Completed: POST /api/v1/auth/register',
  timestamp: '2026-04-02T11:28:20.845Z'
}
{
  message: '[SECURITY] New device login detected for user 69ce52d48267bae86deedf0f',
  level: 'warn',
  service: 'crammerly-backend',
  env: 'test',
  timestamp: '2026-04-02T11:28:21.315Z'
}
{
  message: '[DEV EMAIL] To: undefined | Subject: ⚠️ New Device Login — Crammerly\n' +
    '\n' +
    '<!DOCTYPE html>\n' +
    '<html lang="en">\n' +
    '<head>\n' +
    '    <meta charset="utf-8" />\n' +
    '    <meta name="viewport" content="width=device-width, initial-scale=1.0" />\n' +
    '    <title>New Device Login — Crammerly</title>\n' +
    '</head>\n' +
    `<body style="margin:0;padding:0;background-color:#0f172a;font-family:'Inter',Helvetica,Arial,sans-serif;color:#e2e8f0;">\n` +
    '    <table role="presentation" width="100%" cellpadding="0" cellspacing="0" style="background-color:#0f172a;padding:32px 0;">\n' +
    '        <tr>\n' +
    '            <td align="center">\n' +
    '                <table role="presentation" width="560" cellpadding="0" cellspacing="0"\n' +
    '                    style="background-color:#1e293b;border-radius:16px;overflow:hidden;max-width:560px;width:100%;">\n' +
    '                    <!-- Header -->\n' +
    '                    <tr>\n' +
    '                        <td style="background:linear-gradient(135deg,#6366f1 0%,#8b5cf6 100%);padding:28px 32px;text-align:center;">\n' +
    '                            <span style="font-size:28px;font-weight:800;color:#ffffff;letter-spacing:-0.5px;">📚 Crammerly</span>\n' +
    '                        </td>\n' +
    '                    </tr>\n' +
    '                    <!-- Body -->\n' +
    '                    <tr>\n' +
    '                        <td style="padding:32px 32px 24px 32px;color:#e2e8f0;font-size:15px;line-height:1.6;">\n' +
    '                            \n' +
    '            <h2 style="color:#f1f5f9;margin:0 0 16px 0;">New device login detected</h2>\n' +
    '            <p>Hi there,</p>\n' +
    '            <p>A sign-in was detected from a new device or location:</p>\n' +
    '            <table role="presentation" style="width:100%;margin:16px 0;border-collapse:collapse;">\n' +
    '                <tr><td style="padding:8px 0;color:#94a3b8;">Device</td><td style="padding:8px 0;color:#f1f5f9;font-weight:600;">Unknown Device</td></tr>\n' +
    '                <tr><td style="padding:8px 0;color:#94a3b8;">IP Address</td><td style="padding:8px 0;color:#f1f5f9;font-weight:600;">::ffff:127.0.0.1</td></tr>\n' +
    '                <tr><td style="padding:8px 0;color:#94a3b8;">Time</td><td style="padding:8px 0;color:#f1f5f9;font-weight:600;">Thu, 02 Apr 2026 11:28:21 GMT</td></tr>\n' +
    '            </table>\n' +
    '            <p>If this was you, you can ignore this email. If not, please\n' +
    '               <a href="https://crammerly.io/reset-password" style="color:#818cf8;">reset your password</a> immediately.</p>\n' +
    '        \n' +
    '                        </td>\n' +
    '                    </tr>\n' +
    '                    <!-- Footer -->\n' +
    '                    <tr>\n' +
    '                        <td style="padding:16px 32px 28px 32px;border-top:1px solid #334155;text-align:center;font-size:12px;color:#64748b;">\n' +
    '                            <p style="margin:0 0 8px 0;">\n' +
    '                                <a href="https://crammerly.io/privacy" style="color:#818cf8;text-decoration:none;">Privacy Policy</a>\n' +
    '                                &nbsp;·&nbsp;\n' +
    '                                <a href="https://crammerly.io/terms" style="color:#818cf8;text-decoration:none;">Terms of Service</a>\n' +
    '                            </p>\n' +
    '                            <p style="margin:0;color:#475569;">© 2026 Crammerly. All rights reserved.</p>\n' +
    '                        </td>\n' +
    '                    </tr>\n' +
    '                </table>\n' +
    '            </td>\n' +
    '        </tr>\n' +
    '    </table>\n' +
    '</body>\n' +
    '</html>\n',
  level: 'info',
  service: 'crammerly-backend',
  env: 'test',
  timestamp: '2026-04-02T11:28:21.316Z'
}
{
  service: 'crammerly-backend',
  env: 'test',
  method: 'POST',
  url: '/api/v1/auth/login',
  status: 200,
  requestId: '3b3fec62-de4f-4827-8199-24a257e3a4bf',
  durationMs: 470.79,
  payloadSize: 75,
  ip: '::ffff:127.0.0.1',
  userAgent: undefined,
  level: 'info',
  message: 'Request Completed: POST /api/v1/auth/login',
  timestamp: '2026-04-02T11:28:21.331Z'
}
{
  message: '[SECURITY] Password changed for user 69ce52d48267bae86deedf0f',
  level: 'warn',
  service: 'crammerly-backend',
  env: 'test',
  timestamp: '2026-04-02T11:28:21.873Z'
}
{
  message: '[DEV EMAIL] To: e2e@example.com | Subject: 🔒 Your Crammerly password was changed\n' +
    '\n' +
    '<!DOCTYPE html>\n' +
    '<html lang="en">\n' +
    '<head>\n' +
    '    <meta charset="utf-8" />\n' +
    '    <meta name="viewport" content="width=device-width, initial-scale=1.0" />\n' +
    '    <title>Password Changed — Crammerly</title>\n' +
    '</head>\n' +
    `<body style="margin:0;padding:0;background-color:#0f172a;font-family:'Inter',Helvetica,Arial,sans-serif;color:#e2e8f0;">\n` +
    '    <table role="presentation" width="100%" cellpadding="0" cellspacing="0" style="background-color:#0f172a;padding:32px 0;">\n' +
    '        <tr>\n' +
    '            <td align="center">\n' +
    '                <table role="presentation" width="560" cellpadding="0" cellspacing="0"\n' +
    '                    style="background-color:#1e293b;border-radius:16px;overflow:hidden;max-width:560px;width:100%;">\n' +
    '                    <!-- Header -->\n' +
    '                    <tr>\n' +
    '                        <td style="background:linear-gradient(135deg,#6366f1 0%,#8b5cf6 100%);padding:28px 32px;text-align:center;">\n' +
    '                            <span style="font-size:28px;font-weight:800;color:#ffffff;letter-spacing:-0.5px;">📚 Crammerly</span>\n' +
    '                        </td>\n' +
    '                    </tr>\n' +
    '                    <!-- Body -->\n' +
    '                    <tr>\n' +
    '                        <td style="padding:32px 32px 24px 32px;color:#e2e8f0;font-size:15px;line-height:1.6;">\n' +
    '                            \n' +
    '            <h2 style="color:#f1f5f9;margin:0 0 16px 0;">Password changed</h2>\n' +
    '            <p>Hi E2E User,</p>\n' +
    '            <p>Your Crammerly account password was just changed.</p>\n' +
    '            <p>If this was you, no action is needed. If you did not make this change,\n' +
    '               <a href="https://crammerly.io/forgot-password" style="color:#818cf8;">reset your password</a> immediately\n' +
    '               and contact support.</p>\n' +
    '        \n' +
    '                        </td>\n' +
    '                    </tr>\n' +
    '                    <!-- Footer -->\n' +
    '                    <tr>\n' +
    '                        <td style="padding:16px 32px 28px 32px;border-top:1px solid #334155;text-align:center;font-size:12px;color:#64748b;">\n' +
    '                            <p style="margin:0 0 8px 0;">\n' +
    '                                <a href="https://crammerly.io/privacy" style="color:#818cf8;text-decoration:none;">Privacy Policy</a>\n' +
    '                                &nbsp;·&nbsp;\n' +
    '                                <a href="https://crammerly.io/terms" style="color:#818cf8;text-decoration:none;">Terms of Service</a>\n' +
    '                            </p>\n' +
    '                            <p style="margin:0;color:#475569;">© 2026 Crammerly. All rights reserved.</p>\n' +
    '                        </td>\n' +
    '                    </tr>\n' +
    '                </table>\n' +
    '            </td>\n' +
    '        </tr>\n' +
    '    </table>\n' +
    '</body>\n' +
    '</html>\n',
  level: 'info',
  service: 'crammerly-backend',
  env: 'test',
  timestamp: '2026-04-02T11:28:21.873Z'
}
{
  service: 'crammerly-backend',
  env: 'test',
  method: 'PUT',
  url: '/api/v1/auth/profile',
  status: 200,
  requestId: '1e956359-12f5-4f62-b544-3238ab531675',
  durationMs: 979.22,
  payloadSize: 48,
  ip: '::ffff:127.0.0.1',
  userAgent: undefined,
  level: 'info',
  message: 'Request Completed: PUT /api/v1/auth/profile',
  timestamp: '2026-04-02T11:28:22.324Z'
}
{
  service: 'crammerly-backend',
  env: 'test',
  requestId: '4517a173-2fbc-4d58-b3fe-8cb5e65aca66',
  groupHash: '5669e82b',
  statusCode: 401,
  path: '/api/v1/auth/login',
  stack: 'Error: Invalid email or password\n' +
    '    at loginUser (C:\\Users\\Bushra\\shabucks\\backend\\controllers\\authController.js:221:27)\n' +
    '    at processTicksAndRejections (node:internal/process/task_queues:105:5)',
  level: 'error',
  message: 'Error Handler: [AUTH_INVALID] Invalid email or password',
  timestamp: '2026-04-02T11:28:22.794Z'
}
{
  service: 'crammerly-backend',
  env: 'test',
  method: 'POST',
  url: '/api/v1/auth/login',
  status: 401,
  requestId: '4517a173-2fbc-4d58-b3fe-8cb5e65aca66',
  durationMs: 457.68,
  payloadSize: 75,
  ip: '::ffff:127.0.0.1',
  userAgent: undefined,
  level: 'warn',
  message: 'Request Warning: POST /api/v1/auth/login',
  timestamp: '2026-04-02T11:28:22.795Z'
}
{
  service: 'crammerly-backend',
  env: 'test',
  requestId: '3c1ccaeb-8d52-4a97-aff0-819c94625e6b',
  groupHash: '4feb350a',
  statusCode: 400,
  path: '/api/v1/auth/profile',
  stack: 'Error: Security Policy: You cannot reuse a recent password. Please choose a new one.\n' +
    '    at updateUserProfile (C:\\Users\\Bushra\\shabucks\\backend\\controllers\\authController.js:462:31)',
  level: 'error',
  message: 'Error Handler: [SEC_PWD_REUSE] Security Policy: You cannot reuse a recent password. Please choose a new one.',
  timestamp: '2026-04-02T11:28:23.838Z'
}
{
  service: 'crammerly-backend',
  env: 'test',
  method: 'PUT',
  url: '/api/v1/auth/profile',
  status: 400,
  requestId: '3c1ccaeb-8d52-4a97-aff0-819c94625e6b',
  durationMs: 1035.87,
  payloadSize: 49,
  ip: '::ffff:127.0.0.1',
  userAgent: undefined,
  level: 'warn',
  message: 'Request Warning: PUT /api/v1/auth/profile',
  timestamp: '2026-04-02T11:28:23.839Z'
}
{
  service: 'crammerly-backend',
  env: 'test',
  requestId: '5be2aecd-465b-4586-b549-a6648a7de1a0',
  groupHash: '29842d8e',
  statusCode: 400,
  path: '/api/v1/auth/register',
  stack: 'Error: Security Alert: This password was found in a public data breach. Please choose a more secure password.\n' +
    '    at registerUser (C:\\Users\\Bushra\\shabucks\\backend\\controllers\\authController.js:62:27)\n' +
    '    at processTicksAndRejections (node:internal/process/task_queues:105:5)',
  level: 'error',
  message: 'Error Handler: [SEC_PWD_BREACHED] Security Alert: This password was found in a public data breach. Please choose a more secure password.',
  timestamp: '2026-04-02T11:28:23.873Z'
}
{
  service: 'crammerly-backend',
  env: 'test',
  method: 'POST',
  url: '/api/v1/auth/register',
  status: 400,
  requestId: '5be2aecd-465b-4586-b549-a6648a7de1a0',
  durationMs: 10.32,
  payloadSize: 97,
  ip: '::ffff:127.0.0.1',
  userAgent: undefined,
  level: 'warn',
  message: 'Request Warning: POST /api/v1/auth/register',
  timestamp: '2026-04-02T11:28:23.873Z'
}
  console.log
    MongoMemoryServer stopped.

      at Object.<anonymous> (tests/setup.js:42:17)

PASS tests/e2e.test.js (9.091 s)
  End-to-End User Flows
    √ should complete a full Happy Path: Register -> Verify -> Login -> Action -> Logout (1439 ms)
    √ should handle Password Change flow correctly (Critical Path) (3618 ms)
    √ should block breached passwords (HIBP-style Policy) (33 ms)

  console.log
    [dotenv@17.2.3] injecting env (0) from .env.test -- tip: ⚙️  load multiple .env files with { path: ['.env.local', '.env'] }

      at _log (../node_modules/dotenv/lib/main.js:142:11)

  console.log
    [dotenv@17.2.3] injecting env (12) from .env -- tip: 🛠️  run anywhere with `dotenvx run -- yourcommand`

      at _log (../node_modules/dotenv/lib/main.js:142:11)

  console.log
    Starting MongoMemoryServer...

      at Object.<anonymous> (tests/setup.js:10:13)

  console.log
    MongoMemoryServer started at: mongodb://127.0.0.1:50150/

      at Object.<anonymous> (tests/setup.js:19:17)

  console.log
    Mongoose connected.

      at Object.<anonymous> (tests/setup.js:22:17)

{
  message: '[DEV EMAIL] To: session@example.com | Subject: ✉️ Verify your Crammerly account\n' +
    '\n' +
    '<!DOCTYPE html>\n' +
    '<html lang="en">\n' +
    '<head>\n' +
    '    <meta charset="utf-8" />\n' +
    '    <meta name="viewport" content="width=device-width, initial-scale=1.0" />\n' +
    '    <title>Verify Your Email — Crammerly</title>\n' +
    '</head>\n' +
    `<body style="margin:0;padding:0;background-color:#0f172a;font-family:'Inter',Helvetica,Arial,sans-serif;color:#e2e8f0;">\n` +
    '    <table role="presentation" width="100%" cellpadding="0" cellspacing="0" style="background-color:#0f172a;padding:32px 0;">\n' +
    '        <tr>\n' +
    '            <td align="center">\n' +
    '                <table role="presentation" width="560" cellpadding="0" cellspacing="0"\n' +
    '                    style="background-color:#1e293b;border-radius:16px;overflow:hidden;max-width:560px;width:100%;">\n' +
    '                    <!-- Header -->\n' +
    '                    <tr>\n' +
    '                        <td style="background:linear-gradient(135deg,#6366f1 0%,#8b5cf6 100%);padding:28px 32px;text-align:center;">\n' +
    '                            <span style="font-size:28px;font-weight:800;color:#ffffff;letter-spacing:-0.5px;">📚 Crammerly</span>\n' +
    '                        </td>\n' +
    '                    </tr>\n' +
    '                    <!-- Body -->\n' +
    '                    <tr>\n' +
    '                        <td style="padding:32px 32px 24px 32px;color:#e2e8f0;font-size:15px;line-height:1.6;">\n' +
    '                            \n' +
    '            <h2 style="color:#f1f5f9;margin:0 0 16px 0;">Welcome to Crammerly, Test User!</h2>\n' +
    '            <p>Please verify your email address by clicking the button below.\n' +
    '               This link expires in <strong style="color:#f1f5f9;">24 hours</strong>.</p>\n' +
    '            <p style="text-align:center;margin:32px 0;">\n' +
    '                <a href="https://crammerly.io/verify-email/ed36c4e70a365e5ca7b0f3f04aad91b3606dc3b78c19af9f5225a403ee57e9dd"\n' +
    '                   style="background:linear-gradient(135deg,#6366f1,#8b5cf6);color:#fff;padding:14px 32px;border-radius:8px;\n' +
    '                          text-decoration:none;font-weight:bold;font-size:16px;display:inline-block;">\n' +
    '                    Verify Email\n' +
    '                </a>\n' +
    '            </p>\n' +
    '            <p style="font-size:13px;color:#94a3b8;">Or copy this link into your browser:<br/><a href="https://crammerly.io/verify-email/ed36c4e70a365e5ca7b0f3f04aad91b3606dc3b78c19af9f5225a403ee57e9dd" style="color:#818cf8;word-break:break-all;">https://crammerly.io/verify-email/ed36c4e70a365e5ca7b0f3f04aad91b3606dc3b78c19af9f5225a403ee57e9dd</a></p>\n' +
    "            <p>If you didn't create an account, you can safely ignore this email.</p>\n" +
    '        \n' +
    '                        </td>\n' +
    '                    </tr>\n' +
    '                    <!-- Footer -->\n' +
    '                    <tr>\n' +
    '                        <td style="padding:16px 32px 28px 32px;border-top:1px solid #334155;text-align:center;font-size:12px;color:#64748b;">\n' +
    '                            <p style="margin:0 0 8px 0;">\n' +
    '                                <a href="https://crammerly.io/privacy" style="color:#818cf8;text-decoration:none;">Privacy Policy</a>\n' +
    '                                &nbsp;·&nbsp;\n' +
    '                                <a href="https://crammerly.io/terms" style="color:#818cf8;text-decoration:none;">Terms of Service</a>\n' +
    '                            </p>\n' +
    '                            <p style="margin:0;color:#475569;">© 2026 Crammerly. All rights reserved.</p>\n' +
    '                        </td>\n' +
    '                    </tr>\n' +
    '                </table>\n' +
    '            </td>\n' +
    '        </tr>\n' +
    '    </table>\n' +
    '</body>\n' +
    '</html>\n',
  level: 'info',
  service: 'crammerly-backend',
  env: 'test',
  timestamp: '2026-04-02T11:28:28.402Z'
}
{
  service: 'crammerly-backend',
  env: 'test',
  method: 'POST',
  url: '/api/v1/auth/register',
  status: 201,
  requestId: '38471db2-f562-40ea-8a1f-13d1993323ce',
  durationMs: 704.79,
  payloadSize: 98,
  ip: '::ffff:127.0.0.1',
  userAgent: undefined,
  level: 'info',
  message: 'Request Completed: POST /api/v1/auth/register',
  timestamp: '2026-04-02T11:28:28.416Z'
}
{
  message: '[SECURITY] New device login detected for user 69ce52db8d7ec3322f7fdb16',
  level: 'warn',
  service: 'crammerly-backend',
  env: 'test',
  timestamp: '2026-04-02T11:28:29.008Z'
}
{
  message: '[DEV EMAIL] To: undefined | Subject: ⚠️ New Device Login — Crammerly\n' +
    '\n' +
    '<!DOCTYPE html>\n' +
    '<html lang="en">\n' +
    '<head>\n' +
    '    <meta charset="utf-8" />\n' +
    '    <meta name="viewport" content="width=device-width, initial-scale=1.0" />\n' +
    '    <title>New Device Login — Crammerly</title>\n' +
    '</head>\n' +
    `<body style="margin:0;padding:0;background-color:#0f172a;font-family:'Inter',Helvetica,Arial,sans-serif;color:#e2e8f0;">\n` +
    '    <table role="presentation" width="100%" cellpadding="0" cellspacing="0" style="background-color:#0f172a;padding:32px 0;">\n' +
    '        <tr>\n' +
    '            <td align="center">\n' +
    '                <table role="presentation" width="560" cellpadding="0" cellspacing="0"\n' +
    '                    style="background-color:#1e293b;border-radius:16px;overflow:hidden;max-width:560px;width:100%;">\n' +
    '                    <!-- Header -->\n' +
    '                    <tr>\n' +
    '                        <td style="background:linear-gradient(135deg,#6366f1 0%,#8b5cf6 100%);padding:28px 32px;text-align:center;">\n' +
    '                            <span style="font-size:28px;font-weight:800;color:#ffffff;letter-spacing:-0.5px;">📚 Crammerly</span>\n' +
    '                        </td>\n' +
    '                    </tr>\n' +
    '                    <!-- Body -->\n' +
    '                    <tr>\n' +
    '                        <td style="padding:32px 32px 24px 32px;color:#e2e8f0;font-size:15px;line-height:1.6;">\n' +
    '                            \n' +
    '            <h2 style="color:#f1f5f9;margin:0 0 16px 0;">New device login detected</h2>\n' +
    '            <p>Hi there,</p>\n' +
    '            <p>A sign-in was detected from a new device or location:</p>\n' +
    '            <table role="presentation" style="width:100%;margin:16px 0;border-collapse:collapse;">\n' +
    '                <tr><td style="padding:8px 0;color:#94a3b8;">Device</td><td style="padding:8px 0;color:#f1f5f9;font-weight:600;">Unknown Device</td></tr>\n' +
    '                <tr><td style="padding:8px 0;color:#94a3b8;">IP Address</td><td style="padding:8px 0;color:#f1f5f9;font-weight:600;">::ffff:127.0.0.1</td></tr>\n' +
    '                <tr><td style="padding:8px 0;color:#94a3b8;">Time</td><td style="padding:8px 0;color:#f1f5f9;font-weight:600;">Thu, 02 Apr 2026 11:28:29 GMT</td></tr>\n' +
    '            </table>\n' +
    '            <p>If this was you, you can ignore this email. If not, please\n' +
    '               <a href="https://crammerly.io/reset-password" style="color:#818cf8;">reset your password</a> immediately.</p>\n' +
    '        \n' +
    '                        </td>\n' +
    '                    </tr>\n' +
    '                    <!-- Footer -->\n' +
    '                    <tr>\n' +
    '                        <td style="padding:16px 32px 28px 32px;border-top:1px solid #334155;text-align:center;font-size:12px;color:#64748b;">\n' +
    '                            <p style="margin:0 0 8px 0;">\n' +
    '                                <a href="https://crammerly.io/privacy" style="color:#818cf8;text-decoration:none;">Privacy Policy</a>\n' +
    '                                &nbsp;·&nbsp;\n' +
    '                                <a href="https://crammerly.io/terms" style="color:#818cf8;text-decoration:none;">Terms of Service</a>\n' +
    '                            </p>\n' +
    '                            <p style="margin:0;color:#475569;">© 2026 Crammerly. All rights reserved.</p>\n' +
    '                        </td>\n' +
    '                    </tr>\n' +
    '                </table>\n' +
    '            </td>\n' +
    '        </tr>\n' +
    '    </table>\n' +
    '</body>\n' +
    '</html>\n',
  level: 'info',
  service: 'crammerly-backend',
  env: 'test',
  timestamp: '2026-04-02T11:28:29.008Z'
}
{
  service: 'crammerly-backend',
  env: 'test',
  method: 'POST',
  url: '/api/v1/auth/login',
  status: 200,
  requestId: 'ab771b6c-0685-40c6-83c8-b251742cac78',
  durationMs: 585.42,
  payloadSize: 79,
  ip: '::ffff:127.0.0.1',
  userAgent: undefined,
  level: 'info',
  message: 'Request Completed: POST /api/v1/auth/login',
  timestamp: '2026-04-02T11:28:29.025Z'
}
{
  service: 'crammerly-backend',
  env: 'test',
  method: 'POST',
  url: '/api/v1/auth/login',
  status: 200,
  requestId: '3b765d77-a647-44e0-b07e-f0656b51f83f',
  durationMs: 442.01,
  payloadSize: 79,
  ip: '::ffff:127.0.0.1',
  userAgent: undefined,
  level: 'info',
  message: 'Request Completed: POST /api/v1/auth/login',
  timestamp: '2026-04-02T11:28:29.479Z'
}
{
  service: 'crammerly-backend',
  env: 'test',
  method: 'GET',
  url: '/api/v1/auth/sessions',
  status: 200,
  requestId: '00e078e6-48e2-4900-b191-aed14b071b0a',
  durationMs: 12.94,
  payloadSize: 0,
  ip: '::ffff:127.0.0.1',
  userAgent: undefined,
  level: 'info',
  message: 'Request Completed: GET /api/v1/auth/sessions',
  timestamp: '2026-04-02T11:28:29.503Z'
}
{
  message: '[DEV EMAIL] To: session@example.com | Subject: ✉️ Verify your Crammerly account\n' +
    '\n' +
    '<!DOCTYPE html>\n' +
    '<html lang="en">\n' +
    '<head>\n' +
    '    <meta charset="utf-8" />\n' +
    '    <meta name="viewport" content="width=device-width, initial-scale=1.0" />\n' +
    '    <title>Verify Your Email — Crammerly</title>\n' +
    '</head>\n' +
    `<body style="margin:0;padding:0;background-color:#0f172a;font-family:'Inter',Helvetica,Arial,sans-serif;color:#e2e8f0;">\n` +
    '    <table role="presentation" width="100%" cellpadding="0" cellspacing="0" style="background-color:#0f172a;padding:32px 0;">\n' +
    '        <tr>\n' +
    '            <td align="center">\n' +
    '                <table role="presentation" width="560" cellpadding="0" cellspacing="0"\n' +
    '                    style="background-color:#1e293b;border-radius:16px;overflow:hidden;max-width:560px;width:100%;">\n' +
    '                    <!-- Header -->\n' +
    '                    <tr>\n' +
    '                        <td style="background:linear-gradient(135deg,#6366f1 0%,#8b5cf6 100%);padding:28px 32px;text-align:center;">\n' +
    '                            <span style="font-size:28px;font-weight:800;color:#ffffff;letter-spacing:-0.5px;">📚 Crammerly</span>\n' +
    '                        </td>\n' +
    '                    </tr>\n' +
    '                    <!-- Body -->\n' +
    '                    <tr>\n' +
    '                        <td style="padding:32px 32px 24px 32px;color:#e2e8f0;font-size:15px;line-height:1.6;">\n' +
    '                            \n' +
    '            <h2 style="color:#f1f5f9;margin:0 0 16px 0;">Welcome to Crammerly, Test User!</h2>\n' +
    '            <p>Please verify your email address by clicking the button below.\n' +
    '               This link expires in <strong style="color:#f1f5f9;">24 hours</strong>.</p>\n' +
    '            <p style="text-align:center;margin:32px 0;">\n' +
    '                <a href="https://crammerly.io/verify-email/0c4787da15c3971fa42bd00506ca50f2c664f4184f5d94863d04569d361e434d"\n' +
    '                   style="background:linear-gradient(135deg,#6366f1,#8b5cf6);color:#fff;padding:14px 32px;border-radius:8px;\n' +
    '                          text-decoration:none;font-weight:bold;font-size:16px;display:inline-block;">\n' +
    '                    Verify Email\n' +
    '                </a>\n' +
    '            </p>\n' +
    '            <p style="font-size:13px;color:#94a3b8;">Or copy this link into your browser:<br/><a href="https://crammerly.io/verify-email/0c4787da15c3971fa42bd00506ca50f2c664f4184f5d94863d04569d361e434d" style="color:#818cf8;word-break:break-all;">https://crammerly.io/verify-email/0c4787da15c3971fa42bd00506ca50f2c664f4184f5d94863d04569d361e434d</a></p>\n' +
    "            <p>If you didn't create an account, you can safely ignore this email.</p>\n" +
    '        \n' +
    '                        </td>\n' +
    '                    </tr>\n' +
    '                    <!-- Footer -->\n' +
    '                    <tr>\n' +
    '                        <td style="padding:16px 32px 28px 32px;border-top:1px solid #334155;text-align:center;font-size:12px;color:#64748b;">\n' +
    '                            <p style="margin:0 0 8px 0;">\n' +
    '                                <a href="https://crammerly.io/privacy" style="color:#818cf8;text-decoration:none;">Privacy Policy</a>\n' +
    '                                &nbsp;·&nbsp;\n' +
    '                                <a href="https://crammerly.io/terms" style="color:#818cf8;text-decoration:none;">Terms of Service</a>\n' +
    '                            </p>\n' +
    '                            <p style="margin:0;color:#475569;">© 2026 Crammerly. All rights reserved.</p>\n' +
    '                        </td>\n' +
    '                    </tr>\n' +
    '                </table>\n' +
    '            </td>\n' +
    '        </tr>\n' +
    '    </table>\n' +
    '</body>\n' +
    '</html>\n',
  level: 'info',
  service: 'crammerly-backend',
  env: 'test',
  timestamp: '2026-04-02T11:28:30.071Z'
}
{
  service: 'crammerly-backend',
  env: 'test',
  method: 'POST',
  url: '/api/v1/auth/register',
  status: 201,
  requestId: '8162848a-5c7d-45e9-a476-252d756624ed',
  durationMs: 544.9,
  payloadSize: 98,
  ip: '::ffff:127.0.0.1',
  userAgent: undefined,
  level: 'info',
  message: 'Request Completed: POST /api/v1/auth/register',
  timestamp: '2026-04-02T11:28:30.074Z'
}
{
  message: '[SECURITY] New device login detected for user 69ce52dd8d7ec3322f7fdb3a',
  level: 'warn',
  service: 'crammerly-backend',
  env: 'test',
  timestamp: '2026-04-02T11:28:30.515Z'
}
{
  message: '[DEV EMAIL] To: undefined | Subject: ⚠️ New Device Login — Crammerly\n' +
    '\n' +
    '<!DOCTYPE html>\n' +
    '<html lang="en">\n' +
    '<head>\n' +
    '    <meta charset="utf-8" />\n' +
    '    <meta name="viewport" content="width=device-width, initial-scale=1.0" />\n' +
    '    <title>New Device Login — Crammerly</title>\n' +
    '</head>\n' +
    `<body style="margin:0;padding:0;background-color:#0f172a;font-family:'Inter',Helvetica,Arial,sans-serif;color:#e2e8f0;">\n` +
    '    <table role="presentation" width="100%" cellpadding="0" cellspacing="0" style="background-color:#0f172a;padding:32px 0;">\n' +
    '        <tr>\n' +
    '            <td align="center">\n' +
    '                <table role="presentation" width="560" cellpadding="0" cellspacing="0"\n' +
    '                    style="background-color:#1e293b;border-radius:16px;overflow:hidden;max-width:560px;width:100%;">\n' +
    '                    <!-- Header -->\n' +
    '                    <tr>\n' +
    '                        <td style="background:linear-gradient(135deg,#6366f1 0%,#8b5cf6 100%);padding:28px 32px;text-align:center;">\n' +
    '                            <span style="font-size:28px;font-weight:800;color:#ffffff;letter-spacing:-0.5px;">📚 Crammerly</span>\n' +
    '                        </td>\n' +
    '                    </tr>\n' +
    '                    <!-- Body -->\n' +
    '                    <tr>\n' +
    '                        <td style="padding:32px 32px 24px 32px;color:#e2e8f0;font-size:15px;line-height:1.6;">\n' +
    '                            \n' +
    '            <h2 style="color:#f1f5f9;margin:0 0 16px 0;">New device login detected</h2>\n' +
    '            <p>Hi there,</p>\n' +
    '            <p>A sign-in was detected from a new device or location:</p>\n' +
    '            <table role="presentation" style="width:100%;margin:16px 0;border-collapse:collapse;">\n' +
    '                <tr><td style="padding:8px 0;color:#94a3b8;">Device</td><td style="padding:8px 0;color:#f1f5f9;font-weight:600;">Unknown Device</td></tr>\n' +
    '                <tr><td style="padding:8px 0;color:#94a3b8;">IP Address</td><td style="padding:8px 0;color:#f1f5f9;font-weight:600;">::ffff:127.0.0.1</td></tr>\n' +
    '                <tr><td style="padding:8px 0;color:#94a3b8;">Time</td><td style="padding:8px 0;color:#f1f5f9;font-weight:600;">Thu, 02 Apr 2026 11:28:30 GMT</td></tr>\n' +
    '            </table>\n' +
    '            <p>If this was you, you can ignore this email. If not, please\n' +
    '               <a href="https://crammerly.io/reset-password" style="color:#818cf8;">reset your password</a> immediately.</p>\n' +
    '        \n' +
    '                        </td>\n' +
    '                    </tr>\n' +
    '                    <!-- Footer -->\n' +
    '                    <tr>\n' +
    '                        <td style="padding:16px 32px 28px 32px;border-top:1px solid #334155;text-align:center;font-size:12px;color:#64748b;">\n' +
    '                            <p style="margin:0 0 8px 0;">\n' +
    '                                <a href="https://crammerly.io/privacy" style="color:#818cf8;text-decoration:none;">Privacy Policy</a>\n' +
    '                                &nbsp;·&nbsp;\n' +
    '                                <a href="https://crammerly.io/terms" style="color:#818cf8;text-decoration:none;">Terms of Service</a>\n' +
    '                            </p>\n' +
    '                            <p style="margin:0;color:#475569;">© 2026 Crammerly. All rights reserved.</p>\n' +
    '                        </td>\n' +
    '                    </tr>\n' +
    '                </table>\n' +
    '            </td>\n' +
    '        </tr>\n' +
    '    </table>\n' +
    '</body>\n' +
    '</html>\n',
  level: 'info',
  service: 'crammerly-backend',
  env: 'test',
  timestamp: '2026-04-02T11:28:30.515Z'
}
{
  service: 'crammerly-backend',
  env: 'test',
  method: 'POST',
  url: '/api/v1/auth/login',
  status: 200,
  requestId: '46d7f9fb-8c21-4d20-ae6e-8cb749d6678e',
  durationMs: 444.86,
  payloadSize: 79,
  ip: '::ffff:127.0.0.1',
  userAgent: undefined,
  level: 'info',
  message: 'Request Completed: POST /api/v1/auth/login',
  timestamp: '2026-04-02T11:28:30.527Z'
}
{
  service: 'crammerly-backend',
  env: 'test',
  requestId: '57f7a49b-d3c9-48e8-b535-c459b7727d46',
  groupHash: '4108da3b',
  statusCode: 401,
  path: '/api/v1/auth/sessions',
  stack: 'Error: Not authorized, no token provided\n' +
    '    at protect (C:\\Users\\Bushra\\shabucks\\backend\\middleware\\auth.js:19:21)\n' +
    '    at Layer.handleRequest (C:\\Users\\Bushra\\shabucks\\node_modules\\router\\lib\\layer.js:152:17)\n' +
    '    at next (C:\\Users\\Bushra\\shabucks\\node_modules\\router\\lib\\route.js:157:13)\n' +
    '    at Route.dispatch (C:\\Users\\Bushra\\shabucks\\node_modules\\router\\lib\\route.js:117:3)\n' +
    '    at handle (C:\\Users\\Bushra\\shabucks\\node_modules\\router\\index.js:435:11)\n' +
    '    at Layer.handleRequest (C:\\Users\\Bushra\\shabucks\\node_modules\\router\\lib\\layer.js:152:17)\n' +
    '    at C:\\Users\\Bushra\\shabucks\\node_modules\\router\\index.js:295:15\n' +
    '    at processParams (C:\\Users\\Bushra\\shabucks\\node_modules\\router\\index.js:582:12)\n' +
    '    at next (C:\\Users\\Bushra\\shabucks\\node_modules\\router\\index.js:291:5)\n' +
    '    at Function.handle (C:\\Users\\Bushra\\shabucks\\node_modules\\router\\index.js:186:3)\n' +
    '    at router (C:\\Users\\Bushra\\shabucks\\node_modules\\router\\index.js:60:12)\n' +
    '    at Layer.handleRequest (C:\\Users\\Bushra\\shabucks\\node_modules\\router\\lib\\layer.js:152:17)\n' +
    '    at trimPrefix (C:\\Users\\Bushra\\shabucks\\node_modules\\router\\index.js:342:13)\n' +
    '    at C:\\Users\\Bushra\\shabucks\\node_modules\\router\\index.js:297:9\n' +
    '    at processParams (C:\\Users\\Bushra\\shabucks\\node_modules\\router\\index.js:582:12)\n' +
    '    at next (C:\\Users\\Bushra\\shabucks\\node_modules\\router\\index.js:291:5)\n' +
    '    at Function.handle (C:\\Users\\Bushra\\shabucks\\node_modules\\router\\index.js:186:3)\n' +
    '    at router (C:\\Users\\Bushra\\shabucks\\node_modules\\router\\index.js:60:12)\n' +
    '    at Layer.handleRequest (C:\\Users\\Bushra\\shabucks\\node_modules\\router\\lib\\layer.js:152:17)\n' +
    '    at trimPrefix (C:\\Users\\Bushra\\shabucks\\node_modules\\router\\index.js:342:13)\n' +
    '    at C:\\Users\\Bushra\\shabucks\\node_modules\\router\\index.js:297:9\n' +
    '    at processParams (C:\\Users\\Bushra\\shabucks\\node_modules\\router\\index.js:582:12)\n' +
    '    at next (C:\\Users\\Bushra\\shabucks\\node_modules\\router\\index.js:291:5)\n' +
    '    at auditMutationMiddleware (C:\\Users\\Bushra\\shabucks\\backend\\middleware\\auditMiddleware.js:107:16)\n' +
    '    at Layer.handleRequest (C:\\Users\\Bushra\\shabucks\\node_modules\\router\\lib\\layer.js:152:17)\n' +
    '    at trimPrefix (C:\\Users\\Bushra\\shabucks\\node_modules\\router\\index.js:342:13)\n' +
    '    at C:\\Users\\Bushra\\shabucks\\node_modules\\router\\index.js:297:9\n' +
    '    at processParams (C:\\Users\\Bushra\\shabucks\\node_modules\\router\\index.js:582:12)\n' +
    '    at next (C:\\Users\\Bushra\\shabucks\\node_modules\\router\\index.js:291:5)\n' +
    '    at csrfGuard (C:\\Users\\Bushra\\shabucks\\backend\\middleware\\csrf.js:13:16)\n' +
    '    at Layer.handleRequest (C:\\Users\\Bushra\\shabucks\\node_modules\\router\\lib\\layer.js:152:17)\n' +
    '    at trimPrefix (C:\\Users\\Bushra\\shabucks\\node_modules\\router\\index.js:342:13)\n' +
    '    at C:\\Users\\Bushra\\shabucks\\node_modules\\router\\index.js:297:9\n' +
    '    at processParams (C:\\Users\\Bushra\\shabucks\\node_modules\\router\\index.js:582:12)\n' +
    '    at next (C:\\Users\\Bushra\\shabucks\\node_modules\\router\\index.js:291:5)\n' +
    '    at hpp (C:\\Users\\Bushra\\shabucks\\node_modules\\hpp\\lib\\index.js:146:9)\n' +
    '    at Layer.handleRequest (C:\\Users\\Bushra\\shabucks\\node_modules\\router\\lib\\layer.js:152:17)\n' +
    '    at trimPrefix (C:\\Users\\Bushra\\shabucks\\node_modules\\router\\index.js:342:13)\n' +
    '    at C:\\Users\\Bushra\\shabucks\\node_modules\\router\\index.js:297:9\n' +
    '    at processParams (C:\\Users\\Bushra\\shabucks\\node_modules\\router\\index.js:582:12)\n' +
    '    at next (C:\\Users\\Bushra\\shabucks\\node_modules\\router\\index.js:291:5)\n' +
    '    at C:\\Users\\Bushra\\shabucks\\backend\\middleware\\security.js:18:9\n' +
    '    at Layer.handleRequest (C:\\Users\\Bushra\\shabucks\\node_modules\\router\\lib\\layer.js:152:17)\n' +
    '    at trimPrefix (C:\\Users\\Bushra\\shabucks\\node_modules\\router\\index.js:342:13)\n' +
    '    at C:\\Users\\Bushra\\shabucks\\node_modules\\router\\index.js:297:9\n' +
    '    at processParams (C:\\Users\\Bushra\\shabucks\\node_modules\\router\\index.js:582:12)\n' +
    '    at next (C:\\Users\\Bushra\\shabucks\\node_modules\\router\\index.js:291:5)\n' +
    '    at nosqlSanitize (C:\\Users\\Bushra\\shabucks\\backend\\middleware\\nosqlSanitize.js:22:5)\n' +
    '    at Layer.handleRequest (C:\\Users\\Bushra\\shabucks\\node_modules\\router\\lib\\layer.js:152:17)\n' +
    '    at trimPrefix (C:\\Users\\Bushra\\shabucks\\node_modules\\router\\index.js:342:13)\n' +
    '    at C:\\Users\\Bushra\\shabucks\\node_modules\\router\\index.js:297:9\n' +
    '    at processParams (C:\\Users\\Bushra\\shabucks\\node_modules\\router\\index.js:582:12)\n' +
    '    at next (C:\\Users\\Bushra\\shabucks\\node_modules\\router\\index.js:291:5)\n' +
    '    at responseEnhancer (C:\\Users\\Bushra\\shabucks\\backend\\middleware\\responseEnhancer.js:49:5)\n' +
    '    at Layer.handleRequest (C:\\Users\\Bushra\\shabucks\\node_modules\\router\\lib\\layer.js:152:17)\n' +
    '    at trimPrefix (C:\\Users\\Bushra\\shabucks\\node_modules\\router\\index.js:342:13)\n' +
    '    at C:\\Users\\Bushra\\shabucks\\node_modules\\router\\index.js:297:9\n' +
    '    at processParams (C:\\Users\\Bushra\\shabucks\\node_modules\\router\\index.js:582:12)\n' +
    '    at next (C:\\Users\\Bushra\\shabucks\\node_modules\\router\\index.js:291:5)\n' +
    '    at xssSanitize (C:\\Users\\Bushra\\shabucks\\backend\\middleware\\xss.js:37:5)\n' +
    '    at Layer.handleRequest (C:\\Users\\Bushra\\shabucks\\node_modules\\router\\lib\\layer.js:152:17)\n' +
    '    at trimPrefix (C:\\Users\\Bushra\\shabucks\\node_modules\\router\\index.js:342:13)\n' +
    '    at C:\\Users\\Bushra\\shabucks\\node_modules\\router\\index.js:297:9\n' +
    '    at processParams (C:\\Users\\Bushra\\shabucks\\node_modules\\router\\index.js:582:12)\n' +
    '    at next (C:\\Users\\Bushra\\shabucks\\node_modules\\router\\index.js:291:5)\n' +
    '    at observabilityMiddleware (C:\\Users\\Bushra\\shabucks\\backend\\middleware\\auditMiddleware.js:49:5)\n' +
    '    at Layer.handleRequest (C:\\Users\\Bushra\\shabucks\\node_modules\\router\\lib\\layer.js:152:17)\n' +
    '    at trimPrefix (C:\\Users\\Bushra\\shabucks\\node_modules\\router\\index.js:342:13)\n' +
    '    at C:\\Users\\Bushra\\shabucks\\node_modules\\router\\index.js:297:9\n' +
    '    at processParams (C:\\Users\\Bushra\\shabucks\\node_modules\\router\\index.js:582:12)\n' +
    '    at next (C:\\Users\\Bushra\\shabucks\\node_modules\\router\\index.js:291:5)\n' +
    '    at requestIdMiddleware (C:\\Users\\Bushra\\shabucks\\backend\\middleware\\auditMiddleware.js:13:5)\n' +
    '    at Layer.handleRequest (C:\\Users\\Bushra\\shabucks\\node_modules\\router\\lib\\layer.js:152:17)\n' +
    '    at trimPrefix (C:\\Users\\Bushra\\shabucks\\node_modules\\router\\index.js:342:13)\n' +
    '    at C:\\Users\\Bushra\\shabucks\\node_modules\\router\\index.js:297:9\n' +
    '    at processParams (C:\\Users\\Bushra\\shabucks\\node_modules\\router\\index.js:582:12)\n' +
    '    at next (C:\\Users\\Bushra\\shabucks\\node_modules\\router\\index.js:291:5)\n' +
    '    at C:\\Users\\Bushra\\shabucks\\node_modules\\express-rate-limit\\dist\\index.mjs:816:9\n' +
    '    at processTicksAndRejections (node:internal/process/task_queues:105:5)\n' +
    '    at C:\\Users\\Bushra\\shabucks\\node_modules\\express-rate-limit\\dist\\index.mjs:801:5',
  level: 'error',
  message: 'Error Handler: [AUTH_REQUIRED] Not authorized, no token provided',
  timestamp: '2026-04-02T11:28:30.542Z'
}
{
  service: 'crammerly-backend',
  env: 'test',
  method: 'GET',
  url: '/api/v1/auth/sessions',
  status: 401,
  requestId: '57f7a49b-d3c9-48e8-b535-c459b7727d46',
  durationMs: 5.46,
  payloadSize: 0,
  ip: '::ffff:127.0.0.1',
  userAgent: undefined,
  level: 'warn',
  message: 'Request Warning: GET /api/v1/auth/sessions',
  timestamp: '2026-04-02T11:28:30.543Z'
}
{
  message: '[DEV EMAIL] To: session@example.com | Subject: ✉️ Verify your Crammerly account\n' +
    '\n' +
    '<!DOCTYPE html>\n' +
    '<html lang="en">\n' +
    '<head>\n' +
    '    <meta charset="utf-8" />\n' +
    '    <meta name="viewport" content="width=device-width, initial-scale=1.0" />\n' +
    '    <title>Verify Your Email — Crammerly</title>\n' +
    '</head>\n' +
    `<body style="margin:0;padding:0;background-color:#0f172a;font-family:'Inter',Helvetica,Arial,sans-serif;color:#e2e8f0;">\n` +
    '    <table role="presentation" width="100%" cellpadding="0" cellspacing="0" style="background-color:#0f172a;padding:32px 0;">\n' +
    '        <tr>\n' +
    '            <td align="center">\n' +
    '                <table role="presentation" width="560" cellpadding="0" cellspacing="0"\n' +
    '                    style="background-color:#1e293b;border-radius:16px;overflow:hidden;max-width:560px;width:100%;">\n' +
    '                    <!-- Header -->\n' +
    '                    <tr>\n' +
    '                        <td style="background:linear-gradient(135deg,#6366f1 0%,#8b5cf6 100%);padding:28px 32px;text-align:center;">\n' +
    '                            <span style="font-size:28px;font-weight:800;color:#ffffff;letter-spacing:-0.5px;">📚 Crammerly</span>\n' +
    '                        </td>\n' +
    '                    </tr>\n' +
    '                    <!-- Body -->\n' +
    '                    <tr>\n' +
    '                        <td style="padding:32px 32px 24px 32px;color:#e2e8f0;font-size:15px;line-height:1.6;">\n' +
    '                            \n' +
    '            <h2 style="color:#f1f5f9;margin:0 0 16px 0;">Welcome to Crammerly, Test User!</h2>\n' +
    '            <p>Please verify your email address by clicking the button below.\n' +
    '               This link expires in <strong style="color:#f1f5f9;">24 hours</strong>.</p>\n' +
    '            <p style="text-align:center;margin:32px 0;">\n' +
    '                <a href="https://crammerly.io/verify-email/82ab9e3dcd69eed1e5179fb74a2176bab937bccfbbe7901af21e8aa04e7d84fc"\n' +
    '                   style="background:linear-gradient(135deg,#6366f1,#8b5cf6);color:#fff;padding:14px 32px;border-radius:8px;\n' +
    '                          text-decoration:none;font-weight:bold;font-size:16px;display:inline-block;">\n' +
    '                    Verify Email\n' +
    '                </a>\n' +
    '            </p>\n' +
    '            <p style="font-size:13px;color:#94a3b8;">Or copy this link into your browser:<br/><a href="https://crammerly.io/verify-email/82ab9e3dcd69eed1e5179fb74a2176bab937bccfbbe7901af21e8aa04e7d84fc" style="color:#818cf8;word-break:break-all;">https://crammerly.io/verify-email/82ab9e3dcd69eed1e5179fb74a2176bab937bccfbbe7901af21e8aa04e7d84fc</a></p>\n' +
    "            <p>If you didn't create an account, you can safely ignore this email.</p>\n" +
    '        \n' +
    '                        </td>\n' +
    '                    </tr>\n' +
    '                    <!-- Footer -->\n' +
    '                    <tr>\n' +
    '                        <td style="padding:16px 32px 28px 32px;border-top:1px solid #334155;text-align:center;font-size:12px;color:#64748b;">\n' +
    '                            <p style="margin:0 0 8px 0;">\n' +
    '                                <a href="https://crammerly.io/privacy" style="color:#818cf8;text-decoration:none;">Privacy Policy</a>\n' +
    '                                &nbsp;·&nbsp;\n' +
    '                                <a href="https://crammerly.io/terms" style="color:#818cf8;text-decoration:none;">Terms of Service</a>\n' +
    '                            </p>\n' +
    '                            <p style="margin:0;color:#475569;">© 2026 Crammerly. All rights reserved.</p>\n' +
    '                        </td>\n' +
    '                    </tr>\n' +
    '                </table>\n' +
    '            </td>\n' +
    '        </tr>\n' +
    '    </table>\n' +
    '</body>\n' +
    '</html>\n',
  level: 'info',
  service: 'crammerly-backend',
  env: 'test',
  timestamp: '2026-04-02T11:28:31.078Z'
}
{
  service: 'crammerly-backend',
  env: 'test',
  method: 'POST',
  url: '/api/v1/auth/register',
  status: 201,
  requestId: '9cd4c31e-9eaa-4c85-b61f-14b3fd2c3900',
  durationMs: 518.66,
  payloadSize: 98,
  ip: '::ffff:127.0.0.1',
  userAgent: undefined,
  level: 'info',
  message: 'Request Completed: POST /api/v1/auth/register',
  timestamp: '2026-04-02T11:28:31.083Z'
}
{
  message: '[SECURITY] New device login detected for user 69ce52de8d7ec3322f7fdb52',
  level: 'warn',
  service: 'crammerly-backend',
  env: 'test',
  timestamp: '2026-04-02T11:28:31.526Z'
}
{
  message: '[DEV EMAIL] To: undefined | Subject: ⚠️ New Device Login — Crammerly\n' +
    '\n' +
    '<!DOCTYPE html>\n' +
    '<html lang="en">\n' +
    '<head>\n' +
    '    <meta charset="utf-8" />\n' +
    '    <meta name="viewport" content="width=device-width, initial-scale=1.0" />\n' +
    '    <title>New Device Login — Crammerly</title>\n' +
    '</head>\n' +
    `<body style="margin:0;padding:0;background-color:#0f172a;font-family:'Inter',Helvetica,Arial,sans-serif;color:#e2e8f0;">\n` +
    '    <table role="presentation" width="100%" cellpadding="0" cellspacing="0" style="background-color:#0f172a;padding:32px 0;">\n' +
    '        <tr>\n' +
    '            <td align="center">\n' +
    '                <table role="presentation" width="560" cellpadding="0" cellspacing="0"\n' +
    '                    style="background-color:#1e293b;border-radius:16px;overflow:hidden;max-width:560px;width:100%;">\n' +
    '                    <!-- Header -->\n' +
    '                    <tr>\n' +
    '                        <td style="background:linear-gradient(135deg,#6366f1 0%,#8b5cf6 100%);padding:28px 32px;text-align:center;">\n' +
    '                            <span style="font-size:28px;font-weight:800;color:#ffffff;letter-spacing:-0.5px;">📚 Crammerly</span>\n' +
    '                        </td>\n' +
    '                    </tr>\n' +
    '                    <!-- Body -->\n' +
    '                    <tr>\n' +
    '                        <td style="padding:32px 32px 24px 32px;color:#e2e8f0;font-size:15px;line-height:1.6;">\n' +
    '                            \n' +
    '            <h2 style="color:#f1f5f9;margin:0 0 16px 0;">New device login detected</h2>\n' +
    '            <p>Hi there,</p>\n' +
    '            <p>A sign-in was detected from a new device or location:</p>\n' +
    '            <table role="presentation" style="width:100%;margin:16px 0;border-collapse:collapse;">\n' +
    '                <tr><td style="padding:8px 0;color:#94a3b8;">Device</td><td style="padding:8px 0;color:#f1f5f9;font-weight:600;">Unknown Device</td></tr>\n' +
    '                <tr><td style="padding:8px 0;color:#94a3b8;">IP Address</td><td style="padding:8px 0;color:#f1f5f9;font-weight:600;">::ffff:127.0.0.1</td></tr>\n' +
    '                <tr><td style="padding:8px 0;color:#94a3b8;">Time</td><td style="padding:8px 0;color:#f1f5f9;font-weight:600;">Thu, 02 Apr 2026 11:28:31 GMT</td></tr>\n' +
    '            </table>\n' +
    '            <p>If this was you, you can ignore this email. If not, please\n' +
    '               <a href="https://crammerly.io/reset-password" style="color:#818cf8;">reset your password</a> immediately.</p>\n' +
    '        \n' +
    '                        </td>\n' +
    '                    </tr>\n' +
    '                    <!-- Footer -->\n' +
    '                    <tr>\n' +
    '                        <td style="padding:16px 32px 28px 32px;border-top:1px solid #334155;text-align:center;font-size:12px;color:#64748b;">\n' +
    '                            <p style="margin:0 0 8px 0;">\n' +
    '                                <a href="https://crammerly.io/privacy" style="color:#818cf8;text-decoration:none;">Privacy Policy</a>\n' +
    '                                &nbsp;·&nbsp;\n' +
    '                                <a href="https://crammerly.io/terms" style="color:#818cf8;text-decoration:none;">Terms of Service</a>\n' +
    '                            </p>\n' +
    '                            <p style="margin:0;color:#475569;">© 2026 Crammerly. All rights reserved.</p>\n' +
    '                        </td>\n' +
    '                    </tr>\n' +
    '                </table>\n' +
    '            </td>\n' +
    '        </tr>\n' +
    '    </table>\n' +
    '</body>\n' +
    '</html>\n',
  level: 'info',
  service: 'crammerly-backend',
  env: 'test',
  timestamp: '2026-04-02T11:28:31.526Z'
}
{
  service: 'crammerly-backend',
  env: 'test',
  method: 'POST',
  url: '/api/v1/auth/login',
  status: 200,
  requestId: 'd62d677d-ebb2-44c4-bc6f-2860a7267d9e',
  durationMs: 446.39,
  payloadSize: 79,
  ip: '::ffff:127.0.0.1',
  userAgent: undefined,
  level: 'info',
  message: 'Request Completed: POST /api/v1/auth/login',
  timestamp: '2026-04-02T11:28:31.539Z'
}
{
  service: 'crammerly-backend',
  env: 'test',
  method: 'GET',
  url: '/api/v1/auth/sessions',
  status: 200,
  requestId: 'ee194124-45c6-4d1d-94c6-54ef51ab95b0',
  durationMs: 11.59,
  payloadSize: 0,
  ip: '::ffff:127.0.0.1',
  userAgent: undefined,
  level: 'info',
  message: 'Request Completed: GET /api/v1/auth/sessions',
  timestamp: '2026-04-02T11:28:31.556Z'
}
{
  service: 'crammerly-backend',
  env: 'test',
  method: 'DELETE',
  url: '/api/v1/auth/sessions/69ce52df8d7ec3322f7fdb60',
  status: 200,
  requestId: 'fecbc629-9873-4f0f-a67a-14b8524bba0e',
  durationMs: 15.5,
  payloadSize: 0,
  ip: '::ffff:127.0.0.1',
  userAgent: undefined,
  level: 'info',
  message: 'Request Completed: DELETE /api/v1/auth/sessions/69ce52df8d7ec3322f7fdb60',
  timestamp: '2026-04-02T11:28:31.575Z'
}
{
  message: '[DEV EMAIL] To: session@example.com | Subject: ✉️ Verify your Crammerly account\n' +
    '\n' +
    '<!DOCTYPE html>\n' +
    '<html lang="en">\n' +
    '<head>\n' +
    '    <meta charset="utf-8" />\n' +
    '    <meta name="viewport" content="width=device-width, initial-scale=1.0" />\n' +
    '    <title>Verify Your Email — Crammerly</title>\n' +
    '</head>\n' +
    `<body style="margin:0;padding:0;background-color:#0f172a;font-family:'Inter',Helvetica,Arial,sans-serif;color:#e2e8f0;">\n` +
    '    <table role="presentation" width="100%" cellpadding="0" cellspacing="0" style="background-color:#0f172a;padding:32px 0;">\n' +
    '        <tr>\n' +
    '            <td align="center">\n' +
    '                <table role="presentation" width="560" cellpadding="0" cellspacing="0"\n' +
    '                    style="background-color:#1e293b;border-radius:16px;overflow:hidden;max-width:560px;width:100%;">\n' +
    '                    <!-- Header -->\n' +
    '                    <tr>\n' +
    '                        <td style="background:linear-gradient(135deg,#6366f1 0%,#8b5cf6 100%);padding:28px 32px;text-align:center;">\n' +
    '                            <span style="font-size:28px;font-weight:800;color:#ffffff;letter-spacing:-0.5px;">📚 Crammerly</span>\n' +
    '                        </td>\n' +
    '                    </tr>\n' +
    '                    <!-- Body -->\n' +
    '                    <tr>\n' +
    '                        <td style="padding:32px 32px 24px 32px;color:#e2e8f0;font-size:15px;line-height:1.6;">\n' +
    '                            \n' +
    '            <h2 style="color:#f1f5f9;margin:0 0 16px 0;">Welcome to Crammerly, Test User!</h2>\n' +
    '            <p>Please verify your email address by clicking the button below.\n' +
    '               This link expires in <strong style="color:#f1f5f9;">24 hours</strong>.</p>\n' +
    '            <p style="text-align:center;margin:32px 0;">\n' +
    '                <a href="https://crammerly.io/verify-email/dadb8941fe8d2c0e0aa4082814ab910069579c180a2670ab33da036ab87f4bdc"\n' +
    '                   style="background:linear-gradient(135deg,#6366f1,#8b5cf6);color:#fff;padding:14px 32px;border-radius:8px;\n' +
    '                          text-decoration:none;font-weight:bold;font-size:16px;display:inline-block;">\n' +
    '                    Verify Email\n' +
    '                </a>\n' +
    '            </p>\n' +
    '            <p style="font-size:13px;color:#94a3b8;">Or copy this link into your browser:<br/><a href="https://crammerly.io/verify-email/dadb8941fe8d2c0e0aa4082814ab910069579c180a2670ab33da036ab87f4bdc" style="color:#818cf8;word-break:break-all;">https://crammerly.io/verify-email/dadb8941fe8d2c0e0aa4082814ab910069579c180a2670ab33da036ab87f4bdc</a></p>\n' +
    "            <p>If you didn't create an account, you can safely ignore this email.</p>\n" +
    '        \n' +
    '                        </td>\n' +
    '                    </tr>\n' +
    '                    <!-- Footer -->\n' +
    '                    <tr>\n' +
    '                        <td style="padding:16px 32px 28px 32px;border-top:1px solid #334155;text-align:center;font-size:12px;color:#64748b;">\n' +
    '                            <p style="margin:0 0 8px 0;">\n' +
    '                                <a href="https://crammerly.io/privacy" style="color:#818cf8;text-decoration:none;">Privacy Policy</a>\n' +
    '                                &nbsp;·&nbsp;\n' +
    '                                <a href="https://crammerly.io/terms" style="color:#818cf8;text-decoration:none;">Terms of Service</a>\n' +
    '                            </p>\n' +
    '                            <p style="margin:0;color:#475569;">© 2026 Crammerly. All rights reserved.</p>\n' +
    '                        </td>\n' +
    '                    </tr>\n' +
    '                </table>\n' +
    '            </td>\n' +
    '        </tr>\n' +
    '    </table>\n' +
    '</body>\n' +
    '</html>\n',
  level: 'info',
  service: 'crammerly-backend',
  env: 'test',
  timestamp: '2026-04-02T11:28:32.169Z'
}
{
  service: 'crammerly-backend',
  env: 'test',
  method: 'POST',
  url: '/api/v1/auth/register',
  status: 201,
  requestId: 'c1e66677-2cd4-4e9a-87f9-8e0e47cbd576',
  durationMs: 572.6,
  payloadSize: 98,
  ip: '::ffff:127.0.0.1',
  userAgent: undefined,
  level: 'info',
  message: 'Request Completed: POST /api/v1/auth/register',
  timestamp: '2026-04-02T11:28:32.172Z'
}
{
  message: '[SECURITY] New device login detected for user 69ce52df8d7ec3322f7fdb76',
  level: 'warn',
  service: 'crammerly-backend',
  env: 'test',
  timestamp: '2026-04-02T11:28:32.619Z'
}
{
  message: '[DEV EMAIL] To: undefined | Subject: ⚠️ New Device Login — Crammerly\n' +
    '\n' +
    '<!DOCTYPE html>\n' +
    '<html lang="en">\n' +
    '<head>\n' +
    '    <meta charset="utf-8" />\n' +
    '    <meta name="viewport" content="width=device-width, initial-scale=1.0" />\n' +
    '    <title>New Device Login — Crammerly</title>\n' +
    '</head>\n' +
    `<body style="margin:0;padding:0;background-color:#0f172a;font-family:'Inter',Helvetica,Arial,sans-serif;color:#e2e8f0;">\n` +
    '    <table role="presentation" width="100%" cellpadding="0" cellspacing="0" style="background-color:#0f172a;padding:32px 0;">\n' +
    '        <tr>\n' +
    '            <td align="center">\n' +
    '                <table role="presentation" width="560" cellpadding="0" cellspacing="0"\n' +
    '                    style="background-color:#1e293b;border-radius:16px;overflow:hidden;max-width:560px;width:100%;">\n' +
    '                    <!-- Header -->\n' +
    '                    <tr>\n' +
    '                        <td style="background:linear-gradient(135deg,#6366f1 0%,#8b5cf6 100%);padding:28px 32px;text-align:center;">\n' +
    '                            <span style="font-size:28px;font-weight:800;color:#ffffff;letter-spacing:-0.5px;">📚 Crammerly</span>\n' +
    '                        </td>\n' +
    '                    </tr>\n' +
    '                    <!-- Body -->\n' +
    '                    <tr>\n' +
    '                        <td style="padding:32px 32px 24px 32px;color:#e2e8f0;font-size:15px;line-height:1.6;">\n' +
    '                            \n' +
    '            <h2 style="color:#f1f5f9;margin:0 0 16px 0;">New device login detected</h2>\n' +
    '            <p>Hi there,</p>\n' +
    '            <p>A sign-in was detected from a new device or location:</p>\n' +
    '            <table role="presentation" style="width:100%;margin:16px 0;border-collapse:collapse;">\n' +
    '                <tr><td style="padding:8px 0;color:#94a3b8;">Device</td><td style="padding:8px 0;color:#f1f5f9;font-weight:600;">Unknown Device</td></tr>\n' +
    '                <tr><td style="padding:8px 0;color:#94a3b8;">IP Address</td><td style="padding:8px 0;color:#f1f5f9;font-weight:600;">::ffff:127.0.0.1</td></tr>\n' +
    '                <tr><td style="padding:8px 0;color:#94a3b8;">Time</td><td style="padding:8px 0;color:#f1f5f9;font-weight:600;">Thu, 02 Apr 2026 11:28:32 GMT</td></tr>\n' +
    '            </table>\n' +
    '            <p>If this was you, you can ignore this email. If not, please\n' +
    '               <a href="https://crammerly.io/reset-password" style="color:#818cf8;">reset your password</a> immediately.</p>\n' +
    '        \n' +
    '                        </td>\n' +
    '                    </tr>\n' +
    '                    <!-- Footer -->\n' +
    '                    <tr>\n' +
    '                        <td style="padding:16px 32px 28px 32px;border-top:1px solid #334155;text-align:center;font-size:12px;color:#64748b;">\n' +
    '                            <p style="margin:0 0 8px 0;">\n' +
    '                                <a href="https://crammerly.io/privacy" style="color:#818cf8;text-decoration:none;">Privacy Policy</a>\n' +
    '                                &nbsp;·&nbsp;\n' +
    '                                <a href="https://crammerly.io/terms" style="color:#818cf8;text-decoration:none;">Terms of Service</a>\n' +
    '                            </p>\n' +
    '                            <p style="margin:0;color:#475569;">© 2026 Crammerly. All rights reserved.</p>\n' +
    '                        </td>\n' +
    '                    </tr>\n' +
    '                </table>\n' +
    '            </td>\n' +
    '        </tr>\n' +
    '    </table>\n' +
    '</body>\n' +
    '</html>\n',
  level: 'info',
  service: 'crammerly-backend',
  env: 'test',
  timestamp: '2026-04-02T11:28:32.620Z'
}
{
  service: 'crammerly-backend',
  env: 'test',
  method: 'POST',
  url: '/api/v1/auth/login',
  status: 200,
  requestId: '89f1b06c-1ff6-4c62-882f-d3177f684408',
  durationMs: 450.13,
  payloadSize: 79,
  ip: '::ffff:127.0.0.1',
  userAgent: undefined,
  level: 'info',
  message: 'Request Completed: POST /api/v1/auth/login',
  timestamp: '2026-04-02T11:28:32.629Z'
}
{
  service: 'crammerly-backend',
  env: 'test',
  requestId: '8d2f5051-2bb3-4cd7-967a-1d8cdeb748fb',
  groupHash: '04402a7d',
  statusCode: 404,
  path: '/api/v1/auth/sessions/65bc48e3e4f3a539c8000000',
  stack: 'Error: Session record not found.\n' +
    '    at revokeSession (C:\\Users\\Bushra\\shabucks\\backend\\controllers\\authController.js:668:27)\n' +
    '    at processTicksAndRejections (node:internal/process/task_queues:105:5)',
  level: 'error',
  message: 'Error Handler: [RES_NOT_FOUND] Session record not found.',
  timestamp: '2026-04-02T11:28:32.646Z'
}
{
  service: 'crammerly-backend',
  env: 'test',
  method: 'DELETE',
  url: '/api/v1/auth/sessions/65bc48e3e4f3a539c8000000',
  status: 404,
  requestId: '8d2f5051-2bb3-4cd7-967a-1d8cdeb748fb',
  durationMs: 8.97,
  payloadSize: 0,
  ip: '::ffff:127.0.0.1',
  userAgent: undefined,
  level: 'warn',
  message: 'Request Warning: DELETE /api/v1/auth/sessions/65bc48e3e4f3a539c8000000',
  timestamp: '2026-04-02T11:28:32.647Z'
}
  console.log
    MongoMemoryServer stopped.

      at Object.<anonymous> (tests/setup.js:42:17)

PASS tests/sessions.test.js (8.784 s)
  Session management Integration Tests
    GET /api/v1/auth/sessions
      √ should return all active sessions for the user (1910 ms)
      √ should fail if not authenticated (1037 ms)
    DELETE /api/v1/auth/sessions/:id
      √ should revoke a session (1036 ms)
      √ should fail if session does not belong to user (1069 ms)

  console.log
    [dotenv@17.2.3] injecting env (0) from .env.test -- tip: 📡 add observability to secrets: https://dotenvx.com/ops

      at _log (../node_modules/dotenv/lib/main.js:142:11)

  console.log
    [dotenv@17.2.3] injecting env (12) from .env -- tip: 🗂️ backup and recover secrets: https://dotenvx.com/ops

      at _log (../node_modules/dotenv/lib/main.js:142:11)

  console.log
    Starting MongoMemoryServer...

      at Object.<anonymous> (tests/setup.js:10:13)

  console.log
    MongoMemoryServer started at: mongodb://127.0.0.1:50189/

      at Object.<anonymous> (tests/setup.js:19:17)

  console.log
    Mongoose connected.

      at Object.<anonymous> (tests/setup.js:22:17)

{
  service: 'crammerly-backend',
  env: 'test',
  requestId: '577f725f-d3e7-44cf-96ab-81fe330fd323',
  groupHash: '5669e82b',
  statusCode: 401,
  path: '/api/v1/auth/login',
  stack: 'Error: Invalid email or password\n' +
    '    at loginUser (C:\\Users\\Bushra\\shabucks\\backend\\controllers\\authController.js:221:27)\n' +
    '    at processTicksAndRejections (node:internal/process/task_queues:105:5)',
  level: 'error',
  message: 'Error Handler: [AUTH_INVALID] Invalid email or password',
  timestamp: '2026-04-02T11:28:37.487Z'
}
{
  service: 'crammerly-backend',
  env: 'test',
  method: 'POST',
  url: '/api/v1/auth/login',
  status: 401,
  requestId: '577f725f-d3e7-44cf-96ab-81fe330fd323',
  durationMs: 462.14,
  payloadSize: 55,
  ip: '::ffff:127.0.0.1',
  userAgent: undefined,
  level: 'warn',
  message: 'Request Warning: POST /api/v1/auth/login',
  timestamp: '2026-04-02T11:28:37.490Z'
}
{
  service: 'crammerly-backend',
  env: 'test',
  requestId: 'be84102d-9c25-4f3f-b574-15999f692ab1',
  groupHash: '5669e82b',
  statusCode: 401,
  path: '/api/v1/auth/login',
  stack: 'Error: Invalid email or password\n' +
    '    at loginUser (C:\\Users\\Bushra\\shabucks\\backend\\controllers\\authController.js:221:27)\n' +
    '    at processTicksAndRejections (node:internal/process/task_queues:105:5)',
  level: 'error',
  message: 'Error Handler: [AUTH_INVALID] Invalid email or password',
  timestamp: '2026-04-02T11:28:37.960Z'
}
{
  service: 'crammerly-backend',
  env: 'test',
  method: 'POST',
  url: '/api/v1/auth/login',
  status: 401,
  requestId: 'be84102d-9c25-4f3f-b574-15999f692ab1',
  durationMs: 455.33,
  payloadSize: 55,
  ip: '::ffff:127.0.0.1',
  userAgent: undefined,
  level: 'warn',
  message: 'Request Warning: POST /api/v1/auth/login',
  timestamp: '2026-04-02T11:28:37.960Z'
}
{
  service: 'crammerly-backend',
  env: 'test',
  requestId: 'ca975bb2-a4e3-434e-809b-a6bc0f51ddfd',
  groupHash: '5669e82b',
  statusCode: 401,
  path: '/api/v1/auth/login',
  stack: 'Error: Invalid email or password\n' +
    '    at loginUser (C:\\Users\\Bushra\\shabucks\\backend\\controllers\\authController.js:221:27)\n' +
    '    at processTicksAndRejections (node:internal/process/task_queues:105:5)',
  level: 'error',
  message: 'Error Handler: [AUTH_INVALID] Invalid email or password',
  timestamp: '2026-04-02T11:28:38.407Z'
}
{
  service: 'crammerly-backend',
  env: 'test',
  method: 'POST',
  url: '/api/v1/auth/login',
  status: 401,
  requestId: 'ca975bb2-a4e3-434e-809b-a6bc0f51ddfd',
  durationMs: 439.45,
  payloadSize: 55,
  ip: '::ffff:127.0.0.1',
  userAgent: undefined,
  level: 'warn',
  message: 'Request Warning: POST /api/v1/auth/login',
  timestamp: '2026-04-02T11:28:38.408Z'
}
{
  service: 'crammerly-backend',
  env: 'test',
  requestId: 'e5a7a62b-3c93-49a1-a7f1-bd2de1b41fc7',
  groupHash: '5669e82b',
  statusCode: 401,
  path: '/api/v1/auth/login',
  stack: 'Error: Invalid email or password\n' +
    '    at loginUser (C:\\Users\\Bushra\\shabucks\\backend\\controllers\\authController.js:221:27)\n' +
    '    at processTicksAndRejections (node:internal/process/task_queues:105:5)',
  level: 'error',
  message: 'Error Handler: [AUTH_INVALID] Invalid email or password',
  timestamp: '2026-04-02T11:28:38.861Z'
}
{
  service: 'crammerly-backend',
  env: 'test',
  method: 'POST',
  url: '/api/v1/auth/login',
  status: 401,
  requestId: 'e5a7a62b-3c93-49a1-a7f1-bd2de1b41fc7',
  durationMs: 449.71,
  payloadSize: 55,
  ip: '::ffff:127.0.0.1',
  userAgent: undefined,
  level: 'warn',
  message: 'Request Warning: POST /api/v1/auth/login',
  timestamp: '2026-04-02T11:28:38.862Z'
}
{
  service: 'crammerly-backend',
  env: 'test',
  requestId: '9311f65e-5d16-4426-8033-359641871915',
  groupHash: '5669e82b',
  statusCode: 401,
  path: '/api/v1/auth/login',
  stack: 'Error: Invalid email or password\n' +
    '    at loginUser (C:\\Users\\Bushra\\shabucks\\backend\\controllers\\authController.js:221:27)\n' +
    '    at processTicksAndRejections (node:internal/process/task_queues:105:5)',
  level: 'error',
  message: 'Error Handler: [AUTH_INVALID] Invalid email or password',
  timestamp: '2026-04-02T11:28:39.307Z'
}
{
  service: 'crammerly-backend',
  env: 'test',
  method: 'POST',
  url: '/api/v1/auth/login',
  status: 401,
  requestId: '9311f65e-5d16-4426-8033-359641871915',
  durationMs: 437.97,
  payloadSize: 55,
  ip: '::ffff:127.0.0.1',
  userAgent: undefined,
  level: 'warn',
  message: 'Request Warning: POST /api/v1/auth/login',
  timestamp: '2026-04-02T11:28:39.308Z'
}
{
  service: 'crammerly-backend',
  env: 'test',
  requestId: '71b2d49c-f26c-4d8d-b9ab-744c9b7e7974',
  groupHash: '8e8e4949',
  statusCode: 423,
  path: '/api/v1/auth/login',
  stack: 'Error: Account temporarily locked due to too many failed attempts. Try again in 30 minutes.\n' +
    '    at loginUser (C:\\Users\\Bushra\\shabucks\\backend\\controllers\\authController.js:157:27)\n' +
    '    at processTicksAndRejections (node:internal/process/task_queues:105:5)',
  level: 'error',
  message: 'Error Handler: [AUTH_LOCKED] Account temporarily locked due to too many failed attempts. Try again in 30 minutes.',
  timestamp: '2026-04-02T11:28:39.322Z'
}
{
  service: 'crammerly-backend',
  env: 'test',
  method: 'POST',
  url: '/api/v1/auth/login',
  status: 423,
  requestId: '71b2d49c-f26c-4d8d-b9ab-744c9b7e7974',
  durationMs: 8.48,
  payloadSize: 76,
  ip: '::ffff:127.0.0.1',
  userAgent: undefined,
  level: 'warn',
  message: 'Request Warning: POST /api/v1/auth/login',
  timestamp: '2026-04-02T11:28:39.323Z'
}
{
  service: 'crammerly-backend',
  env: 'test',
  requestId: '56ea6254-ece5-4522-bb96-1cd522216205',
  groupHash: '5669e82b',
  statusCode: 401,
  path: '/api/v1/auth/login',
  stack: 'Error: Invalid email or password\n' +
    '    at loginUser (C:\\Users\\Bushra\\shabucks\\backend\\controllers\\authController.js:221:27)\n' +
    '    at processTicksAndRejections (node:internal/process/task_queues:105:5)',
  level: 'error',
  message: 'Error Handler: [AUTH_INVALID] Invalid email or password',
  timestamp: '2026-04-02T11:28:40.225Z'
}
{
  service: 'crammerly-backend',
  env: 'test',
  method: 'POST',
  url: '/api/v1/auth/login',
  status: 401,
  requestId: '56ea6254-ece5-4522-bb96-1cd522216205',
  durationMs: 442.32,
  payloadSize: 53,
  ip: '::ffff:127.0.0.1',
  userAgent: undefined,
  level: 'warn',
  message: 'Request Warning: POST /api/v1/auth/login',
  timestamp: '2026-04-02T11:28:40.226Z'
}
{
  service: 'crammerly-backend',
  env: 'test',
  requestId: 'ba325b02-82ce-47b3-a46d-ffe563248c95',
  groupHash: '5669e82b',
  statusCode: 401,
  path: '/api/v1/auth/login',
  stack: 'Error: Invalid email or password\n' +
    '    at loginUser (C:\\Users\\Bushra\\shabucks\\backend\\controllers\\authController.js:221:27)\n' +
    '    at processTicksAndRejections (node:internal/process/task_queues:105:5)',
  level: 'error',
  message: 'Error Handler: [AUTH_INVALID] Invalid email or password',
  timestamp: '2026-04-02T11:28:40.673Z'
}
{
  service: 'crammerly-backend',
  env: 'test',
  method: 'POST',
  url: '/api/v1/auth/login',
  status: 401,
  requestId: 'ba325b02-82ce-47b3-a46d-ffe563248c95',
  durationMs: 441.52,
  payloadSize: 53,
  ip: '::ffff:127.0.0.1',
  userAgent: undefined,
  level: 'warn',
  message: 'Request Warning: POST /api/v1/auth/login',
  timestamp: '2026-04-02T11:28:40.673Z'
}
{
  service: 'crammerly-backend',
  env: 'test',
  requestId: '1684c771-0f14-40f0-a897-6db9ff8e244d',
  groupHash: '5669e82b',
  statusCode: 401,
  path: '/api/v1/auth/login',
  stack: 'Error: Invalid email or password\n' +
    '    at loginUser (C:\\Users\\Bushra\\shabucks\\backend\\controllers\\authController.js:221:27)\n' +
    '    at processTicksAndRejections (node:internal/process/task_queues:105:5)',
  level: 'error',
  message: 'Error Handler: [AUTH_INVALID] Invalid email or password',
  timestamp: '2026-04-02T11:28:41.130Z'
}
{
  service: 'crammerly-backend',
  env: 'test',
  method: 'POST',
  url: '/api/v1/auth/login',
  status: 401,
  requestId: '1684c771-0f14-40f0-a897-6db9ff8e244d',
  durationMs: 455.6,
  payloadSize: 53,
  ip: '::ffff:127.0.0.1',
  userAgent: undefined,
  level: 'warn',
  message: 'Request Warning: POST /api/v1/auth/login',
  timestamp: '2026-04-02T11:28:41.134Z'
}
{
  message: '[SECURITY] New device login detected for user 69ce52e761c136cf28d45b9c',
  level: 'warn',
  service: 'crammerly-backend',
  env: 'test',
  timestamp: '2026-04-02T11:28:41.586Z'
}
{
  message: '[DEV EMAIL] To: undefined | Subject: ⚠️ New Device Login — Crammerly\n' +
    '\n' +
    '<!DOCTYPE html>\n' +
    '<html lang="en">\n' +
    '<head>\n' +
    '    <meta charset="utf-8" />\n' +
    '    <meta name="viewport" content="width=device-width, initial-scale=1.0" />\n' +
    '    <title>New Device Login — Crammerly</title>\n' +
    '</head>\n' +
    `<body style="margin:0;padding:0;background-color:#0f172a;font-family:'Inter',Helvetica,Arial,sans-serif;color:#e2e8f0;">\n` +
    '    <table role="presentation" width="100%" cellpadding="0" cellspacing="0" style="background-color:#0f172a;padding:32px 0;">\n' +
    '        <tr>\n' +
    '            <td align="center">\n' +
    '                <table role="presentation" width="560" cellpadding="0" cellspacing="0"\n' +
    '                    style="background-color:#1e293b;border-radius:16px;overflow:hidden;max-width:560px;width:100%;">\n' +
    '                    <!-- Header -->\n' +
    '                    <tr>\n' +
    '                        <td style="background:linear-gradient(135deg,#6366f1 0%,#8b5cf6 100%);padding:28px 32px;text-align:center;">\n' +
    '                            <span style="font-size:28px;font-weight:800;color:#ffffff;letter-spacing:-0.5px;">📚 Crammerly</span>\n' +
    '                        </td>\n' +
    '                    </tr>\n' +
    '                    <!-- Body -->\n' +
    '                    <tr>\n' +
    '                        <td style="padding:32px 32px 24px 32px;color:#e2e8f0;font-size:15px;line-height:1.6;">\n' +
    '                            \n' +
    '            <h2 style="color:#f1f5f9;margin:0 0 16px 0;">New device login detected</h2>\n' +
    '            <p>Hi there,</p>\n' +
    '            <p>A sign-in was detected from a new device or location:</p>\n' +
    '            <table role="presentation" style="width:100%;margin:16px 0;border-collapse:collapse;">\n' +
    '                <tr><td style="padding:8px 0;color:#94a3b8;">Device</td><td style="padding:8px 0;color:#f1f5f9;font-weight:600;">Unknown Device</td></tr>\n' +
    '                <tr><td style="padding:8px 0;color:#94a3b8;">IP Address</td><td style="padding:8px 0;color:#f1f5f9;font-weight:600;">::ffff:127.0.0.1</td></tr>\n' +
    '                <tr><td style="padding:8px 0;color:#94a3b8;">Time</td><td style="padding:8px 0;color:#f1f5f9;font-weight:600;">Thu, 02 Apr 2026 11:28:41 GMT</td></tr>\n' +
    '            </table>\n' +
    '            <p>If this was you, you can ignore this email. If not, please\n' +
    '               <a href="https://crammerly.io/reset-password" style="color:#818cf8;">reset your password</a> immediately.</p>\n' +
    '        \n' +
    '                        </td>\n' +
    '                    </tr>\n' +
    '                    <!-- Footer -->\n' +
    '                    <tr>\n' +
    '                        <td style="padding:16px 32px 28px 32px;border-top:1px solid #334155;text-align:center;font-size:12px;color:#64748b;">\n' +
    '                            <p style="margin:0 0 8px 0;">\n' +
    '                                <a href="https://crammerly.io/privacy" style="color:#818cf8;text-decoration:none;">Privacy Policy</a>\n' +
    '                                &nbsp;·&nbsp;\n' +
    '                                <a href="https://crammerly.io/terms" style="color:#818cf8;text-decoration:none;">Terms of Service</a>\n' +
    '                            </p>\n' +
    '                            <p style="margin:0;color:#475569;">© 2026 Crammerly. All rights reserved.</p>\n' +
    '                        </td>\n' +
    '                    </tr>\n' +
    '                </table>\n' +
    '            </td>\n' +
    '        </tr>\n' +
    '    </table>\n' +
    '</body>\n' +
    '</html>\n',
  level: 'info',
  service: 'crammerly-backend',
  env: 'test',
  timestamp: '2026-04-02T11:28:41.587Z'
}
{
  service: 'crammerly-backend',
  env: 'test',
  method: 'POST',
  url: '/api/v1/auth/login',
  status: 200,
  requestId: '7ebc1bb5-05c8-4eae-87c8-7e3f61406d79',
  durationMs: 463.05,
  payloadSize: 74,
  ip: '::ffff:127.0.0.1',
  userAgent: undefined,
  level: 'info',
  message: 'Request Completed: POST /api/v1/auth/login',
  timestamp: '2026-04-02T11:28:41.602Z'
}
  console.log
    MongoMemoryServer stopped.

      at Object.<anonymous> (tests/setup.js:42:17)

PASS tests/lockout.test.js (8.936 s)
  Account Lockout Integration Tests
    √ should lock account after 5 failed attempts (2899 ms)
    √ should reset attempts after high failures but before lockout on successful login (2283 ms)

  console.log
    [dotenv@17.2.3] injecting env (0) from .env.test -- tip: ⚙️  override existing env vars with { override: true }

      at _log (../node_modules/dotenv/lib/main.js:142:11)

  console.log
    [dotenv@17.2.3] injecting env (12) from .env -- tip: ⚙️  suppress all logs with { quiet: true }

      at _log (../node_modules/dotenv/lib/main.js:142:11)

  console.log
    Starting MongoMemoryServer...

      at Object.<anonymous> (tests/setup.js:10:13)

  console.log
    MongoMemoryServer started at: mongodb://127.0.0.1:50220/

      at Object.<anonymous> (tests/setup.js:19:17)

  console.log
    Mongoose connected.

      at Object.<anonymous> (tests/setup.js:22:17)

{
  service: 'crammerly-backend',
  env: 'test',
  method: 'GET',
  url: '/health',
  status: 200,
  requestId: 'ef2177c2-f2d7-4468-9673-efef0df4f77b',
  durationMs: 3.42,
  payloadSize: 0,
  ip: '::ffff:127.0.0.1',
  userAgent: undefined,
  level: 'info',
  message: 'Request Completed: GET /health',
  timestamp: '2026-04-02T11:28:45.705Z'
}
{
  service: 'crammerly-backend',
  env: 'test',
  requestId: '963f1f04-4694-4c66-9775-29140a4d2d2b',
  groupHash: 'fa6fe370',
  statusCode: 404,
  path: '/api/non-existent-route',
  stack: 'Error: Not Found - /api/non-existent-route\n' +
    '    at notFound (C:\\Users\\Bushra\\shabucks\\backend\\middleware\\errorMiddleware.js:104:19)\n' +
    '    at Layer.handleRequest (C:\\Users\\Bushra\\shabucks\\node_modules\\router\\lib\\layer.js:152:17)\n' +
    '    at trimPrefix (C:\\Users\\Bushra\\shabucks\\node_modules\\router\\index.js:342:13)\n' +
    '    at C:\\Users\\Bushra\\shabucks\\node_modules\\router\\index.js:297:9\n' +
    '    at processParams (C:\\Users\\Bushra\\shabucks\\node_modules\\router\\index.js:582:12)\n' +
    '    at next (C:\\Users\\Bushra\\shabucks\\node_modules\\router\\index.js:291:5)\n' +
    '    at auditMutationMiddleware (C:\\Users\\Bushra\\shabucks\\backend\\middleware\\auditMiddleware.js:107:16)\n' +
    '    at Layer.handleRequest (C:\\Users\\Bushra\\shabucks\\node_modules\\router\\lib\\layer.js:152:17)\n' +
    '    at trimPrefix (C:\\Users\\Bushra\\shabucks\\node_modules\\router\\index.js:342:13)\n' +
    '    at C:\\Users\\Bushra\\shabucks\\node_modules\\router\\index.js:297:9\n' +
    '    at processParams (C:\\Users\\Bushra\\shabucks\\node_modules\\router\\index.js:582:12)\n' +
    '    at next (C:\\Users\\Bushra\\shabucks\\node_modules\\router\\index.js:291:5)\n' +
    '    at csrfGuard (C:\\Users\\Bushra\\shabucks\\backend\\middleware\\csrf.js:13:16)\n' +
    '    at Layer.handleRequest (C:\\Users\\Bushra\\shabucks\\node_modules\\router\\lib\\layer.js:152:17)\n' +
    '    at trimPrefix (C:\\Users\\Bushra\\shabucks\\node_modules\\router\\index.js:342:13)\n' +
    '    at C:\\Users\\Bushra\\shabucks\\node_modules\\router\\index.js:297:9\n' +
    '    at processParams (C:\\Users\\Bushra\\shabucks\\node_modules\\router\\index.js:582:12)\n' +
    '    at next (C:\\Users\\Bushra\\shabucks\\node_modules\\router\\index.js:291:5)\n' +
    '    at hpp (C:\\Users\\Bushra\\shabucks\\node_modules\\hpp\\lib\\index.js:146:9)\n' +
    '    at Layer.handleRequest (C:\\Users\\Bushra\\shabucks\\node_modules\\router\\lib\\layer.js:152:17)\n' +
    '    at trimPrefix (C:\\Users\\Bushra\\shabucks\\node_modules\\router\\index.js:342:13)\n' +
    '    at C:\\Users\\Bushra\\shabucks\\node_modules\\router\\index.js:297:9\n' +
    '    at processParams (C:\\Users\\Bushra\\shabucks\\node_modules\\router\\index.js:582:12)\n' +
    '    at next (C:\\Users\\Bushra\\shabucks\\node_modules\\router\\index.js:291:5)\n' +
    '    at C:\\Users\\Bushra\\shabucks\\backend\\middleware\\security.js:18:9\n' +
    '    at Layer.handleRequest (C:\\Users\\Bushra\\shabucks\\node_modules\\router\\lib\\layer.js:152:17)\n' +
    '    at trimPrefix (C:\\Users\\Bushra\\shabucks\\node_modules\\router\\index.js:342:13)\n' +
    '    at C:\\Users\\Bushra\\shabucks\\node_modules\\router\\index.js:297:9\n' +
    '    at processParams (C:\\Users\\Bushra\\shabucks\\node_modules\\router\\index.js:582:12)\n' +
    '    at next (C:\\Users\\Bushra\\shabucks\\node_modules\\router\\index.js:291:5)\n' +
    '    at nosqlSanitize (C:\\Users\\Bushra\\shabucks\\backend\\middleware\\nosqlSanitize.js:22:5)\n' +
    '    at Layer.handleRequest (C:\\Users\\Bushra\\shabucks\\node_modules\\router\\lib\\layer.js:152:17)\n' +
    '    at trimPrefix (C:\\Users\\Bushra\\shabucks\\node_modules\\router\\index.js:342:13)\n' +
    '    at C:\\Users\\Bushra\\shabucks\\node_modules\\router\\index.js:297:9\n' +
    '    at processParams (C:\\Users\\Bushra\\shabucks\\node_modules\\router\\index.js:582:12)\n' +
    '    at next (C:\\Users\\Bushra\\shabucks\\node_modules\\router\\index.js:291:5)\n' +
    '    at responseEnhancer (C:\\Users\\Bushra\\shabucks\\backend\\middleware\\responseEnhancer.js:49:5)\n' +
    '    at Layer.handleRequest (C:\\Users\\Bushra\\shabucks\\node_modules\\router\\lib\\layer.js:152:17)\n' +
    '    at trimPrefix (C:\\Users\\Bushra\\shabucks\\node_modules\\router\\index.js:342:13)\n' +
    '    at C:\\Users\\Bushra\\shabucks\\node_modules\\router\\index.js:297:9\n' +
    '    at processParams (C:\\Users\\Bushra\\shabucks\\node_modules\\router\\index.js:582:12)\n' +
    '    at next (C:\\Users\\Bushra\\shabucks\\node_modules\\router\\index.js:291:5)\n' +
    '    at xssSanitize (C:\\Users\\Bushra\\shabucks\\backend\\middleware\\xss.js:37:5)\n' +
    '    at Layer.handleRequest (C:\\Users\\Bushra\\shabucks\\node_modules\\router\\lib\\layer.js:152:17)\n' +
    '    at trimPrefix (C:\\Users\\Bushra\\shabucks\\node_modules\\router\\index.js:342:13)\n' +
    '    at C:\\Users\\Bushra\\shabucks\\node_modules\\router\\index.js:297:9\n' +
    '    at processParams (C:\\Users\\Bushra\\shabucks\\node_modules\\router\\index.js:582:12)\n' +
    '    at next (C:\\Users\\Bushra\\shabucks\\node_modules\\router\\index.js:291:5)\n' +
    '    at observabilityMiddleware (C:\\Users\\Bushra\\shabucks\\backend\\middleware\\auditMiddleware.js:49:5)\n' +
    '    at Layer.handleRequest (C:\\Users\\Bushra\\shabucks\\node_modules\\router\\lib\\layer.js:152:17)\n' +
    '    at trimPrefix (C:\\Users\\Bushra\\shabucks\\node_modules\\router\\index.js:342:13)\n' +
    '    at C:\\Users\\Bushra\\shabucks\\node_modules\\router\\index.js:297:9\n' +
    '    at processParams (C:\\Users\\Bushra\\shabucks\\node_modules\\router\\index.js:582:12)\n' +
    '    at next (C:\\Users\\Bushra\\shabucks\\node_modules\\router\\index.js:291:5)\n' +
    '    at requestIdMiddleware (C:\\Users\\Bushra\\shabucks\\backend\\middleware\\auditMiddleware.js:13:5)\n' +
    '    at Layer.handleRequest (C:\\Users\\Bushra\\shabucks\\node_modules\\router\\lib\\layer.js:152:17)\n' +
    '    at trimPrefix (C:\\Users\\Bushra\\shabucks\\node_modules\\router\\index.js:342:13)\n' +
    '    at C:\\Users\\Bushra\\shabucks\\node_modules\\router\\index.js:297:9\n' +
    '    at processParams (C:\\Users\\Bushra\\shabucks\\node_modules\\router\\index.js:582:12)\n' +
    '    at next (C:\\Users\\Bushra\\shabucks\\node_modules\\router\\index.js:291:5)\n' +
    '    at C:\\Users\\Bushra\\shabucks\\node_modules\\express-rate-limit\\dist\\index.mjs:816:9\n' +
    '    at processTicksAndRejections (node:internal/process/task_queues:105:5)\n' +
    '    at C:\\Users\\Bushra\\shabucks\\node_modules\\express-rate-limit\\dist\\index.mjs:801:5',
  level: 'error',
  message: 'Error Handler: [RES_NOT_FOUND] Not Found - /api/non-existent-route',
  timestamp: '2026-04-02T11:28:45.736Z'
}
{
  service: 'crammerly-backend',
  env: 'test',
  method: 'GET',
  url: '/api/non-existent-route',
  status: 404,
  requestId: '963f1f04-4694-4c66-9775-29140a4d2d2b',
  durationMs: 9.4,
  payloadSize: 0,
  ip: '::ffff:127.0.0.1',
  userAgent: undefined,
  level: 'warn',
  message: 'Request Warning: GET /api/non-existent-route',
  timestamp: '2026-04-02T11:28:45.737Z'
}
  console.log
    MongoMemoryServer stopped.

      at Object.<anonymous> (tests/setup.js:42:17)

PASS tests/api.contract.test.js
  API Contract Integration Tests
    Global Response Format
      √ should have success, data, and meta in successful responses (113 ms)
      √ should have success: false, error, and meta in error responses (25 ms)

  console.log
    [dotenv@17.2.3] injecting env (0) from .env.test -- tip: 👥 sync secrets across teammates & machines: https://dotenvx.com/ops

      at _log (../node_modules/dotenv/lib/main.js:142:11)

  console.log
    [dotenv@17.2.3] injecting env (12) from .env -- tip: ✅ audit secrets and track compliance: https://dotenvx.com/ops

      at _log (../node_modules/dotenv/lib/main.js:142:11)

  console.log
    Starting MongoMemoryServer...

      at Object.<anonymous> (tests/setup.js:10:13)

  console.log
    MongoMemoryServer started at: mongodb://127.0.0.1:50234/

      at Object.<anonymous> (tests/setup.js:19:17)

  console.log
    Mongoose connected.

      at Object.<anonymous> (tests/setup.js:22:17)

{
  service: 'crammerly-backend',
  env: 'test',
  method: 'GET',
  url: '/health',
  status: 200,
  requestId: '00598b8e-359c-4bc4-88d3-a5dcdd1ce12f',
  durationMs: 4.22,
  payloadSize: 0,
  ip: '::ffff:127.0.0.1',
  userAgent: undefined,
  level: 'info',
  message: 'Request Completed: GET /health',
  timestamp: '2026-04-02T11:28:50.277Z'
}
{
  service: 'crammerly-backend',
  env: 'test',
  requestId: '439bf465-4b34-426d-a857-86eeacf0c03a',
  groupHash: 'aee30fe1',
  statusCode: 404,
  path: '/health',
  stack: 'Error: Not Found - /health\n' +
    '    at notFound (C:\\Users\\Bushra\\shabucks\\backend\\middleware\\errorMiddleware.js:104:19)\n' +
    '    at Layer.handleRequest (C:\\Users\\Bushra\\shabucks\\node_modules\\router\\lib\\layer.js:152:17)\n' +
    '    at trimPrefix (C:\\Users\\Bushra\\shabucks\\node_modules\\router\\index.js:342:13)\n' +
    '    at C:\\Users\\Bushra\\shabucks\\node_modules\\router\\index.js:297:9\n' +
    '    at processParams (C:\\Users\\Bushra\\shabucks\\node_modules\\router\\index.js:582:12)\n' +
    '    at next (C:\\Users\\Bushra\\shabucks\\node_modules\\router\\index.js:291:5)\n' +
    '    at auditMutationMiddleware (C:\\Users\\Bushra\\shabucks\\backend\\middleware\\auditMiddleware.js:131:5)\n' +
    '    at Layer.handleRequest (C:\\Users\\Bushra\\shabucks\\node_modules\\router\\lib\\layer.js:152:17)\n' +
    '    at trimPrefix (C:\\Users\\Bushra\\shabucks\\node_modules\\router\\index.js:342:13)\n' +
    '    at C:\\Users\\Bushra\\shabucks\\node_modules\\router\\index.js:297:9\n' +
    '    at processParams (C:\\Users\\Bushra\\shabucks\\node_modules\\router\\index.js:582:12)\n' +
    '    at next (C:\\Users\\Bushra\\shabucks\\node_modules\\router\\index.js:291:5)\n' +
    '    at csrfGuard (C:\\Users\\Bushra\\shabucks\\backend\\middleware\\csrf.js:13:16)\n' +
    '    at Layer.handleRequest (C:\\Users\\Bushra\\shabucks\\node_modules\\router\\lib\\layer.js:152:17)\n' +
    '    at trimPrefix (C:\\Users\\Bushra\\shabucks\\node_modules\\router\\index.js:342:13)\n' +
    '    at C:\\Users\\Bushra\\shabucks\\node_modules\\router\\index.js:297:9\n' +
    '    at processParams (C:\\Users\\Bushra\\shabucks\\node_modules\\router\\index.js:582:12)\n' +
    '    at next (C:\\Users\\Bushra\\shabucks\\node_modules\\router\\index.js:291:5)\n' +
    '    at hpp (C:\\Users\\Bushra\\shabucks\\node_modules\\hpp\\lib\\index.js:146:9)\n' +
    '    at Layer.handleRequest (C:\\Users\\Bushra\\shabucks\\node_modules\\router\\lib\\layer.js:152:17)\n' +
    '    at trimPrefix (C:\\Users\\Bushra\\shabucks\\node_modules\\router\\index.js:342:13)\n' +
    '    at C:\\Users\\Bushra\\shabucks\\node_modules\\router\\index.js:297:9\n' +
    '    at processParams (C:\\Users\\Bushra\\shabucks\\node_modules\\router\\index.js:582:12)\n' +
    '    at next (C:\\Users\\Bushra\\shabucks\\node_modules\\router\\index.js:291:5)\n' +
    '    at C:\\Users\\Bushra\\shabucks\\backend\\middleware\\security.js:18:9\n' +
    '    at Layer.handleRequest (C:\\Users\\Bushra\\shabucks\\node_modules\\router\\lib\\layer.js:152:17)\n' +
    '    at trimPrefix (C:\\Users\\Bushra\\shabucks\\node_modules\\router\\index.js:342:13)\n' +
    '    at C:\\Users\\Bushra\\shabucks\\node_modules\\router\\index.js:297:9\n' +
    '    at processParams (C:\\Users\\Bushra\\shabucks\\node_modules\\router\\index.js:582:12)\n' +
    '    at next (C:\\Users\\Bushra\\shabucks\\node_modules\\router\\index.js:291:5)\n' +
    '    at nosqlSanitize (C:\\Users\\Bushra\\shabucks\\backend\\middleware\\nosqlSanitize.js:22:5)\n' +
    '    at Layer.handleRequest (C:\\Users\\Bushra\\shabucks\\node_modules\\router\\lib\\layer.js:152:17)\n' +
    '    at trimPrefix (C:\\Users\\Bushra\\shabucks\\node_modules\\router\\index.js:342:13)\n' +
    '    at C:\\Users\\Bushra\\shabucks\\node_modules\\router\\index.js:297:9\n' +
    '    at processParams (C:\\Users\\Bushra\\shabucks\\node_modules\\router\\index.js:582:12)\n' +
    '    at next (C:\\Users\\Bushra\\shabucks\\node_modules\\router\\index.js:291:5)\n' +
    '    at responseEnhancer (C:\\Users\\Bushra\\shabucks\\backend\\middleware\\responseEnhancer.js:49:5)\n' +
    '    at Layer.handleRequest (C:\\Users\\Bushra\\shabucks\\node_modules\\router\\lib\\layer.js:152:17)\n' +
    '    at trimPrefix (C:\\Users\\Bushra\\shabucks\\node_modules\\router\\index.js:342:13)\n' +
    '    at C:\\Users\\Bushra\\shabucks\\node_modules\\router\\index.js:297:9\n' +
    '    at processParams (C:\\Users\\Bushra\\shabucks\\node_modules\\router\\index.js:582:12)\n' +
    '    at next (C:\\Users\\Bushra\\shabucks\\node_modules\\router\\index.js:291:5)\n' +
    '    at xssSanitize (C:\\Users\\Bushra\\shabucks\\backend\\middleware\\xss.js:37:5)\n' +
    '    at Layer.handleRequest (C:\\Users\\Bushra\\shabucks\\node_modules\\router\\lib\\layer.js:152:17)\n' +
    '    at trimPrefix (C:\\Users\\Bushra\\shabucks\\node_modules\\router\\index.js:342:13)\n' +
    '    at C:\\Users\\Bushra\\shabucks\\node_modules\\router\\index.js:297:9\n' +
    '    at processParams (C:\\Users\\Bushra\\shabucks\\node_modules\\router\\index.js:582:12)\n' +
    '    at next (C:\\Users\\Bushra\\shabucks\\node_modules\\router\\index.js:291:5)\n' +
    '    at observabilityMiddleware (C:\\Users\\Bushra\\shabucks\\backend\\middleware\\auditMiddleware.js:49:5)\n' +
    '    at Layer.handleRequest (C:\\Users\\Bushra\\shabucks\\node_modules\\router\\lib\\layer.js:152:17)\n' +
    '    at trimPrefix (C:\\Users\\Bushra\\shabucks\\node_modules\\router\\index.js:342:13)\n' +
    '    at C:\\Users\\Bushra\\shabucks\\node_modules\\router\\index.js:297:9\n' +
    '    at processParams (C:\\Users\\Bushra\\shabucks\\node_modules\\router\\index.js:582:12)\n' +
    '    at next (C:\\Users\\Bushra\\shabucks\\node_modules\\router\\index.js:291:5)\n' +
    '    at requestIdMiddleware (C:\\Users\\Bushra\\shabucks\\backend\\middleware\\auditMiddleware.js:13:5)\n' +
    '    at Layer.handleRequest (C:\\Users\\Bushra\\shabucks\\node_modules\\router\\lib\\layer.js:152:17)\n' +
    '    at trimPrefix (C:\\Users\\Bushra\\shabucks\\node_modules\\router\\index.js:342:13)\n' +
    '    at C:\\Users\\Bushra\\shabucks\\node_modules\\router\\index.js:297:9\n' +
    '    at processParams (C:\\Users\\Bushra\\shabucks\\node_modules\\router\\index.js:582:12)\n' +
    '    at next (C:\\Users\\Bushra\\shabucks\\node_modules\\router\\index.js:291:5)\n' +
    '    at cookieParser (C:\\Users\\Bushra\\shabucks\\node_modules\\cookie-parser\\index.js:57:14)\n' +
    '    at Layer.handleRequest (C:\\Users\\Bushra\\shabucks\\node_modules\\router\\lib\\layer.js:152:17)\n' +
    '    at trimPrefix (C:\\Users\\Bushra\\shabucks\\node_modules\\router\\index.js:342:13)\n' +
    '    at C:\\Users\\Bushra\\shabucks\\node_modules\\router\\index.js:297:9\n' +
    '    at processParams (C:\\Users\\Bushra\\shabucks\\node_modules\\router\\index.js:582:12)\n' +
    '    at next (C:\\Users\\Bushra\\shabucks\\node_modules\\router\\index.js:291:5)\n' +
    '    at read (C:\\Users\\Bushra\\shabucks\\node_modules\\body-parser\\lib\\read.js:62:5)\n' +
    '    at jsonParser (C:\\Users\\Bushra\\shabucks\\node_modules\\body-parser\\lib\\types\\json.js:88:5)\n' +
    '    at Layer.handleRequest (C:\\Users\\Bushra\\shabucks\\node_modules\\router\\lib\\layer.js:152:17)\n' +
    '    at trimPrefix (C:\\Users\\Bushra\\shabucks\\node_modules\\router\\index.js:342:13)\n' +
    '    at C:\\Users\\Bushra\\shabucks\\node_modules\\router\\index.js:297:9\n' +
    '    at processParams (C:\\Users\\Bushra\\shabucks\\node_modules\\router\\index.js:582:12)\n' +
    '    at next (C:\\Users\\Bushra\\shabucks\\node_modules\\router\\index.js:291:5)\n' +
    '    at internalNext (C:\\Users\\Bushra\\shabucks\\node_modules\\helmet\\index.mjs:527:6)\n' +
    '    at xXssProtectionMiddleware (C:\\Users\\Bushra\\shabucks\\node_modules\\helmet\\index.mjs:307:3)\n' +
    '    at internalNext (C:\\Users\\Bushra\\shabucks\\node_modules\\helmet\\index.mjs:525:6)\n' +
    '    at xPoweredByMiddleware (C:\\Users\\Bushra\\shabucks\\node_modules\\helmet\\index.mjs:300:3)\n' +
    '    at internalNext (C:\\Users\\Bushra\\shabucks\\node_modules\\helmet\\index.mjs:525:6)\n' +
    '    at xPermittedCrossDomainPoliciesMiddleware (C:\\Users\\Bushra\\shabucks\\node_modules\\helmet\\index.mjs:293:3)\n' +
    '    at internalNext (C:\\Users\\Bushra\\shabucks\\node_modules\\helmet\\index.mjs:525:6)\n' +
    '    at xFrameOptionsMiddleware (C:\\Users\\Bushra\\shabucks\\node_modules\\helmet\\index.mjs:277:3)\n' +
    '    at internalNext (C:\\Users\\Bushra\\shabucks\\node_modules\\helmet\\index.mjs:525:6)\n' +
    '    at xDownloadOptionsMiddleware (C:\\Users\\Bushra\\shabucks\\node_modules\\helmet\\index.mjs:257:3)\n' +
    '    at internalNext (C:\\Users\\Bushra\\shabucks\\node_modules\\helmet\\index.mjs:525:6)\n' +
    '    at xDnsPrefetchControlMiddleware (C:\\Users\\Bushra\\shabucks\\node_modules\\helmet\\index.mjs:250:3)\n' +
    '    at internalNext (C:\\Users\\Bushra\\shabucks\\node_modules\\helmet\\index.mjs:525:6)\n' +
    '    at xContentTypeOptionsMiddleware (C:\\Users\\Bushra\\shabucks\\node_modules\\helmet\\index.mjs:242:3)\n' +
    '    at internalNext (C:\\Users\\Bushra\\shabucks\\node_modules\\helmet\\index.mjs:525:6)\n' +
    '    at strictTransportSecurityMiddleware (C:\\Users\\Bushra\\shabucks\\node_modules\\helmet\\index.mjs:235:3)\n' +
    '    at internalNext (C:\\Users\\Bushra\\shabucks\\node_modules\\helmet\\index.mjs:525:6)\n' +
    '    at referrerPolicyMiddleware (C:\\Users\\Bushra\\shabucks\\node_modules\\helmet\\index.mjs:203:3)\n' +
    '    at internalNext (C:\\Users\\Bushra\\shabucks\\node_modules\\helmet\\index.mjs:525:6)\n' +
    '    at originAgentClusterMiddleware (C:\\Users\\Bushra\\shabucks\\node_modules\\helmet\\index.mjs:178:3)\n' +
    '    at internalNext (C:\\Users\\Bushra\\shabucks\\node_modules\\helmet\\index.mjs:525:6)\n' +
    '    at crossOriginResourcePolicyMiddleware (C:\\Users\\Bushra\\shabucks\\node_modules\\helmet\\index.mjs:171:3)\n' +
    '    at internalNext (C:\\Users\\Bushra\\shabucks\\node_modules\\helmet\\index.mjs:525:6)\n' +
    '    at crossOriginOpenerPolicyMiddleware (C:\\Users\\Bushra\\shabucks\\node_modules\\helmet\\index.mjs:155:3)\n' +
    '    at internalNext (C:\\Users\\Bushra\\shabucks\\node_modules\\helmet\\index.mjs:525:6)\n' +
    '    at contentSecurityPolicyMiddleware (C:\\Users\\Bushra\\shabucks\\node_modules\\helmet\\index.mjs:120:4)\n' +
    '    at internalNext (C:\\Users\\Bushra\\shabucks\\node_modules\\helmet\\index.mjs:525:6)',
  level: 'error',
  message: 'Error Handler: [RES_NOT_FOUND] Not Found - /health',
  timestamp: '2026-04-02T11:28:50.320Z'
}
{
  service: 'crammerly-backend',
  env: 'test',
  method: 'POST',
  url: '/health',
  status: 404,
  requestId: '439bf465-4b34-426d-a857-86eeacf0c03a',
  durationMs: 11.55,
  payloadSize: 0,
  ip: '::ffff:127.0.0.1',
  userAgent: undefined,
  level: 'warn',
  message: 'Request Warning: POST /health',
  timestamp: '2026-04-02T11:28:50.321Z'
}
  console.log
    MongoMemoryServer stopped.

      at Object.<anonymous> (tests/setup.js:42:17)

PASS tests/simple.test.js
  Simple Boot Test
    √ should respond to /health (139 ms)
    √ should bypass CSRF in test mode (34 ms)

  console.log
    [dotenv@17.2.3] injecting env (0) from .env.test -- tip: 🔑 add access controls to secrets: https://dotenvx.com/ops

      at _log (../node_modules/dotenv/lib/main.js:142:11)

  console.log
    [dotenv@17.2.3] injecting env (12) from .env -- tip: 🔐 prevent committing .env to code: https://dotenvx.com/precommit

      at _log (../node_modules/dotenv/lib/main.js:142:11)

  console.log
    Starting MongoMemoryServer...

      at Object.<anonymous> (tests/setup.js:10:13)

  console.log
    MongoMemoryServer started at: mongodb://127.0.0.1:50248/

      at Object.<anonymous> (tests/setup.js:19:17)

  console.log
    Mongoose connected.

      at Object.<anonymous> (tests/setup.js:22:17)

{
  service: 'crammerly-backend',
  env: 'test',
  requestId: 'f7d443c0-7c84-4045-a016-38a521bc4b7d',
  groupHash: '4321f162',
  statusCode: 401,
  path: '/api/v1/auth/login',
  stack: 'Error: Invalid email or password\n' +
    '    at loginUser (C:\\Users\\Bushra\\shabucks\\backend\\controllers\\authController.js:139:27)\n' +
    '    at processTicksAndRejections (node:internal/process/task_queues:105:5)',
  level: 'error',
  message: 'Error Handler: [AUTH_INVALID] Invalid email or password',
  timestamp: '2026-04-02T11:28:54.718Z'
}
{
  service: 'crammerly-backend',
  env: 'test',
  method: 'POST',
  url: '/api/v1/auth/login',
  status: 401,
  requestId: 'f7d443c0-7c84-4045-a016-38a521bc4b7d',
  durationMs: 54.06,
  payloadSize: 42,
  ip: '::ffff:127.0.0.1',
  userAgent: undefined,
  level: 'warn',
  message: 'Request Warning: POST /api/v1/auth/login',
  timestamp: '2026-04-02T11:28:54.722Z'
}
{
  service: 'crammerly-backend',
  env: 'test',
  method: 'POST',
  url: '/api/v1/auth/login',
  status: 400,
  requestId: '3ac45d01-c6ca-4e22-a4ab-4556c7d2b666',
  durationMs: 0.95,
  payloadSize: 46,
  ip: '::ffff:127.0.0.1',
  userAgent: undefined,
  level: 'warn',
  message: 'Request Warning: POST /api/v1/auth/login',
  timestamp: '2026-04-02T11:28:54.758Z'
}
{
  service: 'crammerly-backend',
  env: 'test',
  requestId: undefined,
  groupHash: '6bf60175',
  statusCode: 413,
  path: '/api/v1/auth/login',
  stack: 'PayloadTooLargeError: request entity too large\n' +
    '    at readStream (C:\\Users\\Bushra\\shabucks\\node_modules\\raw-body\\index.js:163:17)\n' +
    '    at getRawBody (C:\\Users\\Bushra\\shabucks\\node_modules\\raw-body\\index.js:116:12)\n' +
    '    at read (C:\\Users\\Bushra\\shabucks\\node_modules\\body-parser\\lib\\read.js:113:3)\n' +
    '    at jsonParser (C:\\Users\\Bushra\\shabucks\\node_modules\\body-parser\\lib\\types\\json.js:88:5)\n' +
    '    at Layer.handleRequest (C:\\Users\\Bushra\\shabucks\\node_modules\\router\\lib\\layer.js:152:17)\n' +
    '    at trimPrefix (C:\\Users\\Bushra\\shabucks\\node_modules\\router\\index.js:342:13)\n' +
    '    at C:\\Users\\Bushra\\shabucks\\node_modules\\router\\index.js:297:9\n' +
    '    at processParams (C:\\Users\\Bushra\\shabucks\\node_modules\\router\\index.js:582:12)\n' +
    '    at next (C:\\Users\\Bushra\\shabucks\\node_modules\\router\\index.js:291:5)\n' +
    '    at internalNext (C:\\Users\\Bushra\\shabucks\\node_modules\\helmet\\index.mjs:527:6)\n' +
    '    at xXssProtectionMiddleware (C:\\Users\\Bushra\\shabucks\\node_modules\\helmet\\index.mjs:307:3)\n' +
    '    at internalNext (C:\\Users\\Bushra\\shabucks\\node_modules\\helmet\\index.mjs:525:6)\n' +
    '    at xPoweredByMiddleware (C:\\Users\\Bushra\\shabucks\\node_modules\\helmet\\index.mjs:300:3)\n' +
    '    at internalNext (C:\\Users\\Bushra\\shabucks\\node_modules\\helmet\\index.mjs:525:6)\n' +
    '    at xPermittedCrossDomainPoliciesMiddleware (C:\\Users\\Bushra\\shabucks\\node_modules\\helmet\\index.mjs:293:3)\n' +
    '    at internalNext (C:\\Users\\Bushra\\shabucks\\node_modules\\helmet\\index.mjs:525:6)\n' +
    '    at xFrameOptionsMiddleware (C:\\Users\\Bushra\\shabucks\\node_modules\\helmet\\index.mjs:277:3)\n' +
    '    at internalNext (C:\\Users\\Bushra\\shabucks\\node_modules\\helmet\\index.mjs:525:6)\n' +
    '    at xDownloadOptionsMiddleware (C:\\Users\\Bushra\\shabucks\\node_modules\\helmet\\index.mjs:257:3)\n' +
    '    at internalNext (C:\\Users\\Bushra\\shabucks\\node_modules\\helmet\\index.mjs:525:6)\n' +
    '    at xDnsPrefetchControlMiddleware (C:\\Users\\Bushra\\shabucks\\node_modules\\helmet\\index.mjs:250:3)\n' +
    '    at internalNext (C:\\Users\\Bushra\\shabucks\\node_modules\\helmet\\index.mjs:525:6)\n' +
    '    at xContentTypeOptionsMiddleware (C:\\Users\\Bushra\\shabucks\\node_modules\\helmet\\index.mjs:242:3)\n' +
    '    at internalNext (C:\\Users\\Bushra\\shabucks\\node_modules\\helmet\\index.mjs:525:6)\n' +
    '    at strictTransportSecurityMiddleware (C:\\Users\\Bushra\\shabucks\\node_modules\\helmet\\index.mjs:235:3)\n' +
    '    at internalNext (C:\\Users\\Bushra\\shabucks\\node_modules\\helmet\\index.mjs:525:6)\n' +
    '    at referrerPolicyMiddleware (C:\\Users\\Bushra\\shabucks\\node_modules\\helmet\\index.mjs:203:3)\n' +
    '    at internalNext (C:\\Users\\Bushra\\shabucks\\node_modules\\helmet\\index.mjs:525:6)\n' +
    '    at originAgentClusterMiddleware (C:\\Users\\Bushra\\shabucks\\node_modules\\helmet\\index.mjs:178:3)\n' +
    '    at internalNext (C:\\Users\\Bushra\\shabucks\\node_modules\\helmet\\index.mjs:525:6)\n' +
    '    at crossOriginResourcePolicyMiddleware (C:\\Users\\Bushra\\shabucks\\node_modules\\helmet\\index.mjs:171:3)\n' +
    '    at internalNext (C:\\Users\\Bushra\\shabucks\\node_modules\\helmet\\index.mjs:525:6)\n' +
    '    at crossOriginOpenerPolicyMiddleware (C:\\Users\\Bushra\\shabucks\\node_modules\\helmet\\index.mjs:155:3)\n' +
    '    at internalNext (C:\\Users\\Bushra\\shabucks\\node_modules\\helmet\\index.mjs:525:6)\n' +
    '    at contentSecurityPolicyMiddleware (C:\\Users\\Bushra\\shabucks\\node_modules\\helmet\\index.mjs:120:4)\n' +
    '    at internalNext (C:\\Users\\Bushra\\shabucks\\node_modules\\helmet\\index.mjs:525:6)\n' +
    '    at helmetMiddleware (C:\\Users\\Bushra\\shabucks\\node_modules\\helmet\\index.mjs:529:6)\n' +
    '    at Layer.handleRequest (C:\\Users\\Bushra\\shabucks\\node_modules\\router\\lib\\layer.js:152:17)\n' +
    '    at trimPrefix (C:\\Users\\Bushra\\shabucks\\node_modules\\router\\index.js:342:13)\n' +
    '    at C:\\Users\\Bushra\\shabucks\\node_modules\\router\\index.js:297:9\n' +
    '    at processParams (C:\\Users\\Bushra\\shabucks\\node_modules\\router\\index.js:582:12)\n' +
    '    at next (C:\\Users\\Bushra\\shabucks\\node_modules\\router\\index.js:291:5)\n' +
    '    at C:\\Users\\Bushra\\shabucks\\backend\\app.js:50:5\n' +
    '    at Layer.handleRequest (C:\\Users\\Bushra\\shabucks\\node_modules\\router\\lib\\layer.js:152:17)\n' +
    '    at trimPrefix (C:\\Users\\Bushra\\shabucks\\node_modules\\router\\index.js:342:13)\n' +
    '    at C:\\Users\\Bushra\\shabucks\\node_modules\\router\\index.js:297:9\n' +
    '    at processParams (C:\\Users\\Bushra\\shabucks\\node_modules\\router\\index.js:582:12)\n' +
    '    at next (C:\\Users\\Bushra\\shabucks\\node_modules\\router\\index.js:291:5)\n' +
    '    at Function.handle (C:\\Users\\Bushra\\shabucks\\node_modules\\router\\index.js:186:3)\n' +
    '    at Function.handle (C:\\Users\\Bushra\\shabucks\\node_modules\\express\\lib\\application.js:177:15)\n' +
    '    at Server.app (C:\\Users\\Bushra\\shabucks\\node_modules\\express\\lib\\express.js:38:9)\n' +
    '    at Server.emit (node:events:519:28)\n' +
    '    at parserOnIncoming (node:_http_server:1186:12)\n' +
    '    at HTTPParser.parserOnHeadersComplete (node:_http_common:122:17)',
  level: 'error',
  message: 'Error Handler: [SYS_INTERNAL] request entity too large',
  timestamp: '2026-04-02T11:28:54.790Z'
}
  console.log
    MongoMemoryServer stopped.

      at Object.<anonymous> (tests/setup.js:42:17)

PASS tests/security.test.js
  Security Middleware Integration Tests
    Depth Limit Middleware
      √ should allow shallow objects (213 ms)
      √ should block deeply nested objects (DoS protection) (27 ms)
    Payload Size Limit
      √ should block payloads over 10kb (31 ms)

Test Suites: 8 passed, 8 total
Tests:       33 passed, 33 total
Snapshots:   0 total
Time:        76.705 s, estimated 112 s
Ran all test suites.
Force exiting Jest: Have you considered using `--detectOpenHandles` to detect async operations that kept running after all tests finished?
